Component: ARM Compiler 5.06 update 5 (build 528) Tool: armlink [4d35e2]

==============================================================================

Section Cross References

    system_lpc54608.o(i.SystemCoreClockUpdate) refers to system_lpc54608.o(i.getWdtOscFreq) for getWdtOscFreq
    system_lpc54608.o(i.SystemCoreClockUpdate) refers to system_lpc54608.o(i.findPllPreDiv) for findPllPreDiv
    system_lpc54608.o(i.SystemCoreClockUpdate) refers to system_lpc54608.o(i.findPllPostDiv) for findPllPostDiv
    system_lpc54608.o(i.SystemCoreClockUpdate) refers to system_lpc54608.o(i.findPllMMult) for findPllMMult
    system_lpc54608.o(i.SystemCoreClockUpdate) refers to uldiv.o(.text) for __aeabi_uldivmod
    system_lpc54608.o(i.SystemCoreClockUpdate) refers to system_lpc54608.o(.data) for SystemCoreClock
    system_lpc54608.o(i.SystemInit) refers to startup_lpc54608.o(RESET) for __Vectors
    system_lpc54608.o(i.findPllMMult) refers to system_lpc54608.o(i.pllDecodeM) for pllDecodeM
    system_lpc54608.o(i.findPllPostDiv) refers to system_lpc54608.o(i.pllDecodeP) for pllDecodeP
    system_lpc54608.o(i.findPllPreDiv) refers to system_lpc54608.o(i.pllDecodeN) for pllDecodeN
    system_lpc54608.o(i.getWdtOscFreq) refers to system_lpc54608.o(.constdata) for wdtFreqLookup
    startup_lpc54608.o(RESET) refers to startup_lpc54608.o(.text) for Reset_Handler
    startup_lpc54608.o(RESET) refers to port.o(.emb_text) for SVC_Handler
    startup_lpc54608.o(RESET) refers to port.o(i.SysTick_Handler) for SysTick_Handler
    startup_lpc54608.o(RESET) refers to can_fd_msgobjs.o(i.FLEXCOMM0_IRQHandler) for FLEXCOMM0_IRQHandler
    startup_lpc54608.o(.text) refers to system_lpc54608.o(i.SystemInit) for SystemInit
    startup_lpc54608.o(.text) refers to entry.o(.ARM.Collect$$$$00000000) for __main
    startup_lpc54608.o(.text) refers to fsl_flexcomm.o(i.FLEXCOMM0_DriverIRQHandler) for FLEXCOMM0_DriverIRQHandler
    startup_lpc54608.o(.text) refers to fsl_flexcomm.o(i.FLEXCOMM1_DriverIRQHandler) for FLEXCOMM1_DriverIRQHandler
    startup_lpc54608.o(.text) refers to fsl_flexcomm.o(i.FLEXCOMM2_DriverIRQHandler) for FLEXCOMM2_DriverIRQHandler
    startup_lpc54608.o(.text) refers to fsl_flexcomm.o(i.FLEXCOMM3_DriverIRQHandler) for FLEXCOMM3_DriverIRQHandler
    startup_lpc54608.o(.text) refers to fsl_flexcomm.o(i.FLEXCOMM4_DriverIRQHandler) for FLEXCOMM4_DriverIRQHandler
    startup_lpc54608.o(.text) refers to fsl_flexcomm.o(i.FLEXCOMM5_DriverIRQHandler) for FLEXCOMM5_DriverIRQHandler
    startup_lpc54608.o(.text) refers to fsl_flexcomm.o(i.FLEXCOMM6_DriverIRQHandler) for FLEXCOMM6_DriverIRQHandler
    startup_lpc54608.o(.text) refers to fsl_flexcomm.o(i.FLEXCOMM7_DriverIRQHandler) for FLEXCOMM7_DriverIRQHandler
    startup_lpc54608.o(.text) refers to fsl_flexcomm.o(i.FLEXCOMM8_DriverIRQHandler) for FLEXCOMM8_DriverIRQHandler
    startup_lpc54608.o(.text) refers to fsl_flexcomm.o(i.FLEXCOMM9_DriverIRQHandler) for FLEXCOMM9_DriverIRQHandler
    startup_lpc54608.o(.text) refers to can.o(i.CAN0_IRQ0_DriverIRQHandler) for CAN0_IRQ0_DriverIRQHandler
    startup_lpc54608.o(.text) refers to can.o(i.CAN1_IRQ0_DriverIRQHandler) for CAN1_IRQ0_DriverIRQHandler
    can.o(i.CAN0_IRQ0_DriverIRQHandler) refers to can.o(i.CAN_TransferHandleIRQ) for CAN_TransferHandleIRQ
    can.o(i.CAN0_IRQ0_DriverIRQHandler) refers to can.o(.data) for s_canHandle
    can.o(i.CAN1_IRQ0_DriverIRQHandler) refers to can.o(i.CAN_TransferHandleIRQ) for CAN_TransferHandleIRQ
    can.o(i.CAN1_IRQ0_DriverIRQHandler) refers to can.o(.data) for s_canHandle
    can.o(i.CAN_CalculateTimingValues) refers to can.o(i.CAN_GetSegments) for CAN_GetSegments
    can.o(i.CAN_Deinit) refers to can.o(i.CAN_Enable) for CAN_Enable
    can.o(i.CAN_Deinit) refers to can.o(i.CAN_GetInstance) for CAN_GetInstance
    can.o(i.CAN_Deinit) refers to can.o(i.CLOCK_DisableClock) for CLOCK_DisableClock
    can.o(i.CAN_GetDefaultConfig) refers to memseta.o(.text) for __aeabi_memclr4
    can.o(i.CAN_GetInstance) refers to can.o(.constdata) for s_canBases
    can.o(i.CAN_Init) refers to can.o(i.CAN_GetInstance) for CAN_GetInstance
    can.o(i.CAN_Init) refers to can.o(i.CLOCK_EnableClock) for CLOCK_EnableClock
    can.o(i.CAN_Init) refers to fsl_reset.o(i.RESET_PeripheralReset) for RESET_PeripheralReset
    can.o(i.CAN_Init) refers to can.o(i.NVIC_EnableIRQ) for NVIC_EnableIRQ
    can.o(i.CAN_Init) refers to can.o(i.CAN_SetTimingConfig) for CAN_SetTimingConfig
    can.o(i.CAN_Init) refers to memseta.o(.text) for __aeabi_memclr4
    can.o(i.CAN_Init) refers to can.o(i.CAN_NumberofBytestoFieldSize) for CAN_NumberofBytestoFieldSize
    can.o(i.CAN_Init) refers to can.o(.data) for s_ramOffset
    can.o(i.CAN_ReadRxFifo) refers to can.o(i.CAN_ReadRxMessage) for CAN_ReadRxMessage
    can.o(i.CAN_ReadRxMb) refers to can.o(i.CAN_ReadRxMessage) for CAN_ReadRxMessage
    can.o(i.CAN_ReadRxMessage) refers to can.o(i.CAN_DecodeDLC) for CAN_DecodeDLC
[...]
    i.CAN_WriteTxMb                          0x00001358   Section        0  can.o(i.CAN_WriteTxMb)
    i.CLOCK_AttachClk                        0x00001428   Section        0  fsl_clock.o(i.CLOCK_AttachClk)
    i.CLOCK_EnableClock                      0x00001474   Section        0  can.o(i.CLOCK_EnableClock)
    CLOCK_EnableClock                        0x00001475   Thumb Code    32  can.o(i.CLOCK_EnableClock)
    i.CLOCK_EnableClock                      0x0000149c   Section        0  can_fd_msgobjs.o(i.CLOCK_EnableClock)
    CLOCK_EnableClock                        0x0000149d   Thumb Code    32  can_fd_msgobjs.o(i.CLOCK_EnableClock)
    i.CLOCK_Enable_SysOsc                    0x000014c4   Section        0  fsl_clock.o(i.CLOCK_Enable_SysOsc)
    CLOCK_Enable_SysOsc                      0x000014c5   Thumb Code    50  fsl_clock.o(i.CLOCK_Enable_SysOsc)
    i.CLOCK_GetAdcClkFreq                    0x000014fc   Section        0  fsl_clock.o(i.CLOCK_GetAdcClkFreq)
    i.CLOCK_GetAsyncApbClkFreq               0x00001548   Section        0  fsl_clock.o(i.CLOCK_GetAsyncApbClkFreq)
    i.CLOCK_GetAudioPllOutFreq               0x00001578   Section        0  fsl_clock.o(i.CLOCK_GetAudioPllOutFreq)
    i.CLOCK_GetClockOutClkFreq               0x00001584   Section        0  fsl_clock.o(i.CLOCK_GetClockOutClkFreq)
    i.CLOCK_GetCoreSysClkFreq                0x000015fc   Section        0  fsl_clock.o(i.CLOCK_GetCoreSysClkFreq)
    i.CLOCK_GetExtClkFreq                    0x00001678   Section        0  fsl_clock.o(i.CLOCK_GetExtClkFreq)
    i.CLOCK_GetFlexCommClkFreq               0x00001680   Section        0  fsl_clock.o(i.CLOCK_GetFlexCommClkFreq)
    i.CLOCK_GetFreq                          0x000016dc   Section        0  fsl_clock.o(i.CLOCK_GetFreq)
    i.CLOCK_GetFro12MFreq                    0x000019a4   Section        0  fsl_clock.o(i.CLOCK_GetFro12MFreq)
    i.CLOCK_GetFroHfFreq                     0x000019c0   Section        0  fsl_clock.o(i.CLOCK_GetFroHfFreq)
    i.CLOCK_GetI2SMClkFreq                   0x00001a00   Section        0  fsl_clock.o(i.CLOCK_GetI2SMClkFreq)
    i.CLOCK_GetLcdClkFreq                    0x00001a04   Section        0  fsl_clock.o(i.CLOCK_GetLcdClkFreq)
    i.CLOCK_GetLcdClkIn                      0x00001a44   Section        0  fsl_clock.o(i.CLOCK_GetLcdClkIn)
    i.CLOCK_GetMclkClkFreq                   0x00001a48   Section        0  fsl_clock.o(i.CLOCK_GetMclkClkFreq)
    i.CLOCK_GetOsc32KFreq                    0x00001a88   Section        0  fsl_clock.o(i.CLOCK_GetOsc32KFreq)
    i.CLOCK_GetPllOutFreq                    0x00001a90   Section        0  fsl_clock.o(i.CLOCK_GetPllOutFreq)
    i.CLOCK_GetSctClkFreq                    0x00001a9c   Section        0  fsl_clock.o(i.CLOCK_GetSctClkFreq)
    i.CLOCK_GetSdioClkFreq                   0x00001ae8   Section        0  fsl_clock.o(i.CLOCK_GetSdioClkFreq)
    i.CLOCK_GetSpifiClkFreq                  0x00001b44   Section        0  fsl_clock.o(i.CLOCK_GetSpifiClkFreq)
    i.CLOCK_GetUsb0ClkFreq                   0x00001ba0   Section        0  fsl_clock.o(i.CLOCK_GetUsb0ClkFreq)
    i.CLOCK_GetUsb1ClkFreq                   0x00001be0   Section        0  fsl_clock.o(i.CLOCK_GetUsb1ClkFreq)
    i.CLOCK_GetUsbPllOutFreq                 0x00001c20   Section        0  fsl_clock.o(i.CLOCK_GetUsbPllOutFreq)
    i.CLOCK_GetWdtOscFreq                    0x00001c2c   Section        0  fsl_clock.o(i.CLOCK_GetWdtOscFreq)
    i.CLOCK_SetFLASHAccessCycles             0x00001c6c   Section        0  fsl_clock.o(i.CLOCK_SetFLASHAccessCycles)
    CLOCK_SetFLASHAccessCycles               0x00001c6d   Thumb Code    18  fsl_clock.o(i.CLOCK_SetFLASHAccessCycles)
    i.CLOCK_SetFLASHAccessCyclesForFreq      0x00001c84   Section        0  fsl_clock.o(i.CLOCK_SetFLASHAccessCyclesForFreq)
    i.CLOCK_SetPLLFreq                       0x00001d20   Section        0  fsl_clock.o(i.CLOCK_SetPLLFreq)
    i.DbgConsole_ConvertRadixNumToString     0x00001df4   Section        0  fsl_debug_console.o(i.DbgConsole_ConvertRadixNumToString)
    DbgConsole_ConvertRadixNumToString       0x00001df5   Thumb Code   168  fsl_debug_console.o(i.DbgConsole_ConvertRadixNumToString)
    i.DbgConsole_Init                        0x00001e9c   Section        0  fsl_debug_console.o(i.DbgConsole_Init)
    i.DbgConsole_Printf                      0x00001ef4   Section        0  fsl_debug_console.o(i.DbgConsole_Printf)
    i.DbgConsole_PrintfFormattedData         0x00001f28   Section        0  fsl_debug_console.o(i.DbgConsole_PrintfFormattedData)
    DbgConsole_PrintfFormattedData           0x00001f29   Thumb Code   570  fsl_debug_console.o(i.DbgConsole_PrintfFormattedData)
    i.DbgConsole_PrintfPaddingCharacter      0x00002162   Section        0  fsl_debug_console.o(i.DbgConsole_PrintfPaddingCharacter)
    DbgConsole_PrintfPaddingCharacter        0x00002163   Thumb Code    40  fsl_debug_console.o(i.DbgConsole_PrintfPaddingCharacter)
    i.DbgConsole_Putchar                     0x0000218c   Section        0  fsl_debug_console.o(i.DbgConsole_Putchar)
    i.FLEXCOMM0_DriverIRQHandler             0x000021b0   Section        0  fsl_flexcomm.o(i.FLEXCOMM0_DriverIRQHandler)
    i.FLEXCOMM0_IRQHandler                   0x00002214   Section        0  can_fd_msgobjs.o(i.FLEXCOMM0_IRQHandler)
    i.FLEXCOMM1_DriverIRQHandler             0x000022b0   Section        0  fsl_flexcomm.o(i.FLEXCOMM1_DriverIRQHandler)
    i.FLEXCOMM2_DriverIRQHandler             0x00002314   Section        0  fsl_flexcomm.o(i.FLEXCOMM2_DriverIRQHandler)
    i.FLEXCOMM3_DriverIRQHandler             0x00002378   Section        0  fsl_flexcomm.o(i.FLEXCOMM3_DriverIRQHandler)
    i.FLEXCOMM4_DriverIRQHandler             0x000023dc   Section        0  fsl_flexcomm.o(i.FLEXCOMM4_DriverIRQHandler)
    i.FLEXCOMM5_DriverIRQHandler             0x00002440   Section        0  fsl_flexcomm.o(i.FLEXCOMM5_DriverIRQHandler)
    i.FLEXCOMM6_DriverIRQHandler             0x000024a4   Section        0  fsl_flexcomm.o(i.FLEXCOMM6_DriverIRQHandler)
    i.FLEXCOMM7_DriverIRQHandler             0x00002508   Section        0  fsl_flexcomm.o(i.FLEXCOMM7_DriverIRQHandler)
    i.FLEXCOMM8_DriverIRQHandler             0x0000256c   Section        0  fsl_flexcomm.o(i.FLEXCOMM8_DriverIRQHandler)
    i.FLEXCOMM9_DriverIRQHandler             0x000025d0   Section        0  fsl_flexcomm.o(i.FLEXCOMM9_DriverIRQHandler)
    i.FLEXCOMM_GetInstance                   0x00002634   Section        0  fsl_flexcomm.o(i.FLEXCOMM_GetInstance)
    i.FLEXCOMM_Init                          0x00002684   Section        0  fsl_flexcomm.o(i.FLEXCOMM_Init)
    i.FLEXCOMM_PeripheralIsPresent           0x000026d8   Section        0  fsl_flexcomm.o(i.FLEXCOMM_PeripheralIsPresent)
    FLEXCOMM_PeripheralIsPresent             0x000026d9   Thumb Code    58  fsl_flexcomm.o(i.FLEXCOMM_PeripheralIsPresent)
    i.FLEXCOMM_SetPeriph                     0x00002712   Section        0  fsl_flexcomm.o(i.FLEXCOMM_SetPeriph)
    i.GPIO_PinInit                           0x00002756   Section        0  fsl_gpio.o(i.GPIO_PinInit)
    i.GPIO_TogglePinsOutput                  0x000027aa   Section        0  can_fd_msgobjs.o(i.GPIO_TogglePinsOutput)
    GPIO_TogglePinsOutput                    0x000027ab   Thumb Code    10  can_fd_msgobjs.o(i.GPIO_TogglePinsOutput)
    i.GPIO_WritePinOutput                    0x000027b4   Section        0  board.o(i.GPIO_WritePinOutput)
    GPIO_WritePinOutput                      0x000027b5   Thumb Code    10  board.o(i.GPIO_WritePinOutput)
    i.IOCON_PinMuxSet                        0x000027be   Section        0  pin_mux.o(i.IOCON_PinMuxSet)
    IOCON_PinMuxSet                          0x000027bf   Thumb Code    12  pin_mux.o(i.IOCON_PinMuxSet)
    i.NVIC_EnableIRQ                         0x000027ca   Section        0  can.o(i.NVIC_EnableIRQ)
    NVIC_EnableIRQ                           0x000027cb   Thumb Code    22  can.o(i.NVIC_EnableIRQ)
    i.POWER_DisablePD                        0x000027e0   Section        0  fsl_clock.o(i.POWER_DisablePD)
    POWER_DisablePD                          0x000027e1   Thumb Code    14  fsl_clock.o(i.POWER_DisablePD)
    i.POWER_DisablePD                        0x000027f4   Section        0  clock_config.o(i.POWER_DisablePD)
    POWER_DisablePD                          0x000027f5   Thumb Code    14  clock_config.o(i.POWER_DisablePD)
    i.POWER_EnablePD                         0x00002808   Section        0  fsl_clock.o(i.POWER_EnablePD)
    POWER_EnablePD                           0x00002809   Thumb Code    14  fsl_clock.o(i.POWER_EnablePD)
    i.POWER_SetPLL                           0x0000281c   Section        0  fsl_power_lib.o(i.POWER_SetPLL)
    i.POWER_SetVoltageForFreq                0x0000283c   Section        0  fsl_power_lib.o(i.POWER_SetVoltageForFreq)
    i.POWER_setVdLevel                       0x000028b0   Section        0  fsl_power_lib.o(i.POWER_setVdLevel)
    i.RESET_ClearPeripheralReset             0x000028c4   Section        0  fsl_reset.o(i.RESET_ClearPeripheralReset)
    i.RESET_PeripheralReset                  0x00002944   Section        0  fsl_reset.o(i.RESET_PeripheralReset)
    i.RESET_SetPeripheralReset               0x00002958   Section        0  fsl_reset.o(i.RESET_SetPeripheralReset)
    i.SysTick_Handler                        0x000029d8   Section        0  port.o(i.SysTick_Handler)
    i.SystemInit                             0x00002a0c   Section        0  system_lpc54608.o(i.SystemInit)
    i.USART_GetDefaultConfig                 0x00002a3c   Section        0  fsl_usart.o(i.USART_GetDefaultConfig)
    i.USART_Init                             0x00002a94   Section        0  fsl_usart.o(i.USART_Init)
    i.USART_ReadBlocking                     0x00002bcc   Section        0  fsl_usart.o(i.USART_ReadBlocking)
    i.USART_ReceiveData                      0x00002cc4   Section        0  can_fd_msgobjs.o(i.USART_ReceiveData)
    i.USART_SetBaudRate                      0x00002d6c   Section        0  fsl_usart.o(i.USART_SetBaudRate)
    i.USART_WriteBlocking                    0x00002e5c   Section        0  fsl_usart.o(i.USART_WriteBlocking)
    i.__aeabi_assert                         0x00002ef4   Section        0  fsl_common.o(i.__aeabi_assert)
    i.__scatterload_copy                     0x00002f38   Section       14  handlers.o(i.__scatterload_copy)
    i.__scatterload_null                     0x00002f46   Section        2  handlers.o(i.__scatterload_null)
    i.__scatterload_zeroinit                 0x00002f48   Section       14  handlers.o(i.__scatterload_zeroinit)
    i.main                                   0x00002f58   Section        0  can_fd_msgobjs.o(i.main)
    i.obd_Service                            0x00003184   Section        0  obd_can.o(i.obd_Service)
    i.obd_Service_KeepAlive                  0x000033f0   Section        0  obd_can.o(i.obd_Service_KeepAlive)
    i.obd_Service_MsgTrasmit                 0x00003464   Section        0  obd_can.o(i.obd_Service_MsgTrasmit)
    i.obd_can_TxMSG_Standard                 0x00003488   Section        0  obd_can.o(i.obd_can_TxMSG_Standard)
    i.prvAddCurrentTaskToDelayedList         0x000034cc   Section        0  tasks.o(i.prvAddCurrentTaskToDelayedList)
    prvAddCurrentTaskToDelayedList           0x000034cd   Thumb Code   124  tasks.o(i.prvAddCurrentTaskToDelayedList)
    i.prvAddNewTaskToReadyList               0x00003564   Section        0  tasks.o(i.prvAddNewTaskToReadyList)
    prvAddNewTaskToReadyList                 0x00003565   Thumb Code   156  tasks.o(i.prvAddNewTaskToReadyList)
    i.prvCheckForValidListAndQueue           0x0000361c   Section        0  timers.o(i.prvCheckForValidListAndQueue)
    prvCheckForValidListAndQueue             0x0000361d   Thumb Code    72  timers.o(i.prvCheckForValidListAndQueue)
    i.prvCheckTasksWaitingTermination        0x00003680   Section        0  tasks.o(i.prvCheckTasksWaitingTermination)
    prvCheckTasksWaitingTermination          0x00003681   Thumb Code    86  tasks.o(i.prvCheckTasksWaitingTermination)
    i.prvCopyDataFromQueue                   0x000036e4   Section        0  queue.o(i.prvCopyDataFromQueue)
    prvCopyDataFromQueue                     0x000036e5   Thumb Code    42  queue.o(i.prvCopyDataFromQueue)
    i.prvCopyDataToQueue                     0x0000370e   Section        0  queue.o(i.prvCopyDataToQueue)
    prvCopyDataToQueue                       0x0000370f   Thumb Code   124  queue.o(i.prvCopyDataToQueue)
    i.prvDeleteTCB                           0x0000378a   Section        0  tasks.o(i.prvDeleteTCB)
    prvDeleteTCB                             0x0000378b   Thumb Code    18  tasks.o(i.prvDeleteTCB)
    i.prvGetNextExpireTime                   0x0000379c   Section        0  timers.o(i.prvGetNextExpireTime)
    prvGetNextExpireTime                     0x0000379d   Thumb Code    36  timers.o(i.prvGetNextExpireTime)
    i.prvHeapInit                            0x000037c4   Section        0  heap_4.o(i.prvHeapInit)
    prvHeapInit                              0x000037c5   Thumb Code    98  heap_4.o(i.prvHeapInit)
    i.prvIdleTask                            0x00003840   Section        0  tasks.o(i.prvIdleTask)
    prvIdleTask                              0x00003841   Thumb Code    32  tasks.o(i.prvIdleTask)
    i.prvInitialiseNewQueue                  0x00003868   Section        0  queue.o(i.prvInitialiseNewQueue)
    prvInitialiseNewQueue                    0x00003869   Thumb Code    42  queue.o(i.prvInitialiseNewQueue)
    i.prvInitialiseNewTask                   0x00003892   Section        0  tasks.o(i.prvInitialiseNewTask)
    prvInitialiseNewTask                     0x00003893   Thumb Code   200  tasks.o(i.prvInitialiseNewTask)
    i.prvInitialiseTaskLists                 0x0000395c   Section        0  tasks.o(i.prvInitialiseTaskLists)
    prvInitialiseTaskLists                   0x0000395d   Thumb Code    70  tasks.o(i.prvInitialiseTaskLists)
    i.prvInsertBlockIntoFreeList             0x000039c4   Section        0  heap_4.o(i.prvInsertBlockIntoFreeList)
    prvInsertBlockIntoFreeList               0x000039c5   Thumb Code    96  heap_4.o(i.prvInsertBlockIntoFreeList)
    i.prvInsertTimerInActiveList             0x00003a2c   Section        0  timers.o(i.prvInsertTimerInActiveList)
    prvInsertTimerInActiveList               0x00003a2d   Thumb Code    80  timers.o(i.prvInsertTimerInActiveList)
    i.prvIsQueueEmpty                        0x00003a84   Section        0  queue.o(i.prvIsQueueEmpty)
    prvIsQueueEmpty                          0x00003a85   Thumb Code    26  queue.o(i.prvIsQueueEmpty)
    i.prvIsQueueFull                         0x00003a9e   Section        0  queue.o(i.prvIsQueueFull)
    prvIsQueueFull                           0x00003a9f   Thumb Code    30  queue.o(i.prvIsQueueFull)
    i.prvProcessExpiredTimer                 0x00003abc   Section        0  timers.o(i.prvProcessExpiredTimer)
    prvProcessExpiredTimer                   0x00003abd   Thumb Code    94  timers.o(i.prvProcessExpiredTimer)
    i.prvProcessReceivedCommands             0x00003b20   Section        0  timers.o(i.prvProcessReceivedCommands)
    prvProcessReceivedCommands               0x00003b21   Thumb Code   286  timers.o(i.prvProcessReceivedCommands)
    i.prvProcessTimerOrBlockTask             0x00003c44   Section        0  timers.o(i.prvProcessTimerOrBlockTask)
    prvProcessTimerOrBlockTask               0x00003c45   Thumb Code   102  timers.o(i.prvProcessTimerOrBlockTask)
    i.prvResetNextTaskUnblockTime            0x00003cb8   Section        0  tasks.o(i.prvResetNextTaskUnblockTime)
    prvResetNextTaskUnblockTime              0x00003cb9   Thumb Code    42  tasks.o(i.prvResetNextTaskUnblockTime)
    i.prvSampleTimeNow                       0x00003cec   Section        0  timers.o(i.prvSampleTimeNow)
    prvSampleTimeNow                         0x00003ced   Thumb Code    40  timers.o(i.prvSampleTimeNow)
    i.prvSwitchTimerLists                    0x00003d18   Section        0  timers.o(i.prvSwitchTimerLists)
    prvSwitchTimerLists                      0x00003d19   Thumb Code   150  timers.o(i.prvSwitchTimerLists)
    i.prvTaskExitError                       0x00003db8   Section        0  port.o(i.prvTaskExitError)
    prvTaskExitError                         0x00003db9   Thumb Code    60  port.o(i.prvTaskExitError)
    i.prvTimerTask                           0x00003df8   Section        0  timers.o(i.prvTimerTask)
    prvTimerTask                             0x00003df9   Thumb Code    26  timers.o(i.prvTimerTask)
    i.prvUnlockQueue                         0x00003e12   Section        0  queue.o(i.prvUnlockQueue)
    prvUnlockQueue                           0x00003e13   Thumb Code   126  queue.o(i.prvUnlockQueue)
    i.pvPortMalloc                           0x00003e90   Section        0  heap_4.o(i.pvPortMalloc)
    i.pvTaskIncrementMutexHeldCount          0x00003fcc   Section        0  tasks.o(i.pvTaskIncrementMutexHeldCount)
    i.pxPortInitialiseStack                  0x00003fec   Section        0  port.o(i.pxPortInitialiseStack)
    i.uxListRemove                           0x00004018   Section        0  list.o(i.uxListRemove)
    i.vLcdTask                               0x00004040   Section        0  can_fd_msgobjs.o(i.vLcdTask)
    vLcdTask                                 0x00004041   Thumb Code    82  can_fd_msgobjs.o(i.vLcdTask)
    i.vListInitialise                        0x000040c4   Section        0  list.o(i.vListInitialise)
    i.vListInitialiseItem                    0x000040de   Section        0  list.o(i.vListInitialiseItem)
    i.vListInsert                            0x000040e4   Section        0  list.o(i.vListInsert)
    i.vListInsertEnd                         0x00004118   Section        0  list.o(i.vListInsertEnd)
    i.vPortEnterCritical                     0x00004130   Section        0  port.o(i.vPortEnterCritical)
    i.vPortExitCritical                      0x00004184   Section        0  port.o(i.vPortExitCritical)
    i.vPortFree                              0x000041c0   Section        0  heap_4.o(i.vPortFree)
    i.vPortSetupTimerInterrupt               0x00004254   Section        0  fsl_tickless_rtc.o(i.vPortSetupTimerInterrupt)
    i.vPortValidateInterruptPriority         0x00004278   Section        0  port.o(i.vPortValidateInterruptPriority)
    i.vQueueAddToRegistry                    0x000042f0   Section        0  queue.o(i.vQueueAddToRegistry)
    i.vQueueWaitForMessageRestricted         0x0000431c   Section        0  queue.o(i.vQueueWaitForMessageRestricted)
    i.vTaskDelay                             0x00004368   Section        0  tasks.o(i.vTaskDelay)
    i.vTaskMissedYield                       0x000043c4   Section        0  tasks.o(i.vTaskMissedYield)
    i.vTaskPlaceOnEventList                  0x000043d0   Section        0  tasks.o(i.vTaskPlaceOnEventList)
    i.vTaskPlaceOnEventListRestricted        0x00004408   Section        0  tasks.o(i.vTaskPlaceOnEventListRestricted)
    i.vTaskPriorityInherit                   0x00004448   Section        0  tasks.o(i.vTaskPriorityInherit)
    i.vTaskSetTimeOutState                   0x000044f8   Section        0  tasks.o(i.vTaskSetTimeOutState)
    i.vTaskStartScheduler                    0x00004528   Section        0  tasks.o(i.vTaskStartScheduler)
    i.vTaskSuspendAll                        0x000045bc   Section        0  tasks.o(i.vTaskSuspendAll)
    i.vTaskSwitchContext                     0x000045cc   Section        0  tasks.o(i.vTaskSwitchContext)
    i.vTouchTask                             0x00004658   Section        0  can_fd_msgobjs.o(i.vTouchTask)
    vTouchTask                               0x00004659   Thumb Code   152  can_fd_msgobjs.o(i.vTouchTask)
    i.xPortStartScheduler                    0x00004708   Section        0  port.o(i.xPortStartScheduler)
    i.xQueueGenericCreate                    0x00004844   Section        0  queue.o(i.xQueueGenericCreate)
    i.xQueueGenericReceive                   0x0000489c   Section        0  queue.o(i.xQueueGenericReceive)
    i.xQueueGenericReset                     0x00004a60   Section        0  queue.o(i.xQueueGenericReset)
    i.xQueueGenericSend                      0x00004af8   Section        0  queue.o(i.xQueueGenericSend)
    i.xQueueGenericSendFromISR               0x00004ca0   Section        0  queue.o(i.xQueueGenericSendFromISR)
    i.xTaskCheckForTimeOut                   0x00004d98   Section        0  tasks.o(i.xTaskCheckForTimeOut)
    i.xTaskCreate                            0x00004e24   Section        0  tasks.o(i.xTaskCreate)
    i.xTaskGetSchedulerState                 0x00004e84   Section        0  tasks.o(i.xTaskGetSchedulerState)
    i.xTaskGetTickCount                      0x00004ea4   Section        0  tasks.o(i.xTaskGetTickCount)
    i.xTaskIncrementTick                     0x00004eb0   Section        0  tasks.o(i.xTaskIncrementTick)
    i.xTaskPriorityDisinherit                0x00004fdc   Section        0  tasks.o(i.xTaskPriorityDisinherit)
    i.xTaskRemoveFromEventList               0x000050a4   Section        0  tasks.o(i.xTaskRemoveFromEventList)
    i.xTaskResumeAll                         0x0000513c   Section        0  tasks.o(i.xTaskResumeAll)
    i.xTimerCreateTimerTask                  0x00005240   Section        0  timers.o(i.xTimerCreateTimerTask)
    i.xTimerGenericCommand                   0x00005294   Section        0  timers.o(i.xTimerGenericCommand)
    .constdata                               0x00005318   Section        8  can.o(.constdata)
    s_canBases                               0x00005318   Data           8  can.o(.constdata)
    .constdata                               0x00005320   Section       92  fsl_clock.o(.constdata)
    wdtFreqLookup                            0x0000532c   Data          32  fsl_clock.o(.constdata)
    .constdata                               0x0000537c   Section       72  fsl_flexcomm.o(.constdata)
    s_flexcommBaseAddrs                      0x00005388   Data          40  fsl_flexcomm.o(.constdata)
    s_flexcommClocks                         0x000053b0   Data          20  fsl_flexcomm.o(.constdata)
    .constdata                               0x000053c4   Section       56  clock_config.o(.constdata)
    .data                                    0x20000000   Section        4  system_lpc54608.o(.data)
    .data                                    0x20000004   Section       12  can.o(.data)
    s_canHandle                              0x20000004   Data           8  can.o(.data)
    s_ramOffset                              0x2000000c   Data           2  can.o(.data)
    s_rxFIFOSize                             0x2000000e   Data           2  can.o(.data)
    .data                                    0x20000010   Section       12  fsl_clock.o(.data)
    s_Pll_Freq                               0x20000010   Data           4  fsl_clock.o(.data)
    s_Usb_Pll_Freq                           0x20000014   Data           4  fsl_clock.o(.data)
    s_Audio_Pll_Freq                         0x20000018   Data           4  fsl_clock.o(.data)
    .data                                    0x2000001c   Section      195  can_fd_msgobjs.o(.data)
    gTimCnt                                  0x2000002c   Data           4  can_fd_msgobjs.o(.data)
    gTimCnt_old                              0x20000030   Data           4  can_fd_msgobjs.o(.data)
    KeepAlive_PERIOD_flag_interrupt          0x20000034   Data           1  can_fd_msgobjs.o(.data)
    .data                                    0x200000df   Section        2  board.o(.data)
    .data                                    0x200000e1   Section       57  obd_can.o(.data)
    .data                                    0x2000011c   Section       60  tasks.o(.data)
    pxDelayedTaskList                        0x20000120   Data           4  tasks.o(.data)
    pxOverflowDelayedTaskList                0x20000124   Data           4  tasks.o(.data)
    uxDeletedTasksWaitingCleanUp             0x20000128   Data           4  tasks.o(.data)
    uxCurrentNumberOfTasks                   0x2000012c   Data           4  tasks.o(.data)
    xTickCount                               0x20000130   Data           4  tasks.o(.data)
    uxTopReadyPriority                       0x20000134   Data           4  tasks.o(.data)
    xSchedulerRunning                        0x20000138   Data           4  tasks.o(.data)
    uxPendedTicks                            0x2000013c   Data           4  tasks.o(.data)
    xYieldPending                            0x20000140   Data           4  tasks.o(.data)
    xNumOfOverflows                          0x20000144   Data           4  tasks.o(.data)
    uxTaskNumber                             0x20000148   Data           4  tasks.o(.data)
    xNextTaskUnblockTime                     0x2000014c   Data           4  tasks.o(.data)
    xIdleTaskHandle                          0x20000150   Data           4  tasks.o(.data)
    uxSchedulerSuspended                     0x20000154   Data           4  tasks.o(.data)
    .data                                    0x20000158   Section       20  timers.o(.data)
    pxCurrentTimerList                       0x20000158   Data           4  timers.o(.data)
    pxOverflowTimerList                      0x2000015c   Data           4  timers.o(.data)
    xTimerQueue                              0x20000160   Data           4  timers.o(.data)
    xTimerTaskHandle                         0x20000164   Data           4  timers.o(.data)
    xLastTime                                0x20000168   Data           4  timers.o(.data)
    .data                                    0x2000016c   Section       24  heap_4.o(.data)
    xStart                                   0x2000016c   Data           8  heap_4.o(.data)
    pxEnd                                    0x20000174   Data           4  heap_4.o(.data)
    xFreeBytesRemaining                      0x20000178   Data           4  heap_4.o(.data)
    xMinimumEverFreeBytesRemaining           0x2000017c   Data           4  heap_4.o(.data)
    xBlockAllocatedBit                       0x20000180   Data           4  heap_4.o(.data)
    .data                                    0x20000184   Section       12  port.o(.data)
    uxCriticalNesting                        0x20000184   Data           4  port.o(.data)
    ucMaxSysCallPriority                     0x20000188   Data           1  port.o(.data)
    ulMaxPRIGROUPValue                       0x2000018c   Data           4  port.o(.data)
    .bss                                     0x20000190   Section       80  fsl_flexcomm.o(.bss)
    s_flexcommIrqHandler                     0x20000190   Data          40  fsl_flexcomm.o(.bss)
    s_flexcommHandle                         0x200001b8   Data          40  fsl_flexcomm.o(.bss)
    .bss                                     0x200001e0   Section      180  can_fd_msgobjs.o(.bss)
    .bss                                     0x20000294   Section       16  fsl_debug_console.o(.bss)
    s_debugConsole                           0x20000294   Data          16  fsl_debug_console.o(.bss)
    .bss                                     0x200002a4   Section      144  obd_can.o(.bss)
    .bss                                     0x20000334   Section       64  queue.o(.bss)
    .bss                                     0x20000374   Section      200  tasks.o(.bss)
    pxReadyTasksLists                        0x20000374   Data         100  tasks.o(.bss)
    xDelayedTaskList1                        0x200003d8   Data          20  tasks.o(.bss)
    xDelayedTaskList2                        0x200003ec   Data          20  tasks.o(.bss)
    xPendingReadyList                        0x20000400   Data          20  tasks.o(.bss)
    xTasksWaitingTermination                 0x20000414   Data          20  tasks.o(.bss)
    xSuspendedTaskList                       0x20000428   Data          20  tasks.o(.bss)
    .bss                                     0x2000043c   Section       40  timers.o(.bss)
    xActiveTimerList1                        0x2000043c   Data          20  timers.o(.bss)
    xActiveTimerList2                        0x20000450   Data          20  timers.o(.bss)
    .bss                                     0x20000464   Section    10240  heap_4.o(.bss)
    ucHeap                                   0x20000464   Data       10240  heap_4.o(.bss)

    Global Symbols

    Symbol Name                              Value     Ov Type        Size  Object(Section)

    BuildAttributes$$THM_ISAv4$E$P$D$K$B$S$7EM$VFPi3$EXTD16$VFPS$VFMA$PE$A:L22UL41UL21$X:L11$S22US41US21$IEEE1$IW$USESV6$~STKCKD$USESV7$~SHL$OSPACE$EBA8$MICROLIB$REQ8$PRES8$EABIv2 0x00000000   Number         0  anon$$obj.o ABSOLUTE
    Image$$VECTOR_RAM$$Base                  0x00000000   Number         0  anon$$obj.o ABSOLUTE
    Image$$VECTOR_ROM$$Base                  0x00000000   Number         0  anon$$obj.o ABSOLUTE
    __ARM_use_no_argv                        0x00000000   Number         0  can_fd_msgobjs.o ABSOLUTE
    __Vectors                                0x00000000   Data           4  startup_lpc54608.o(RESET)
    __cpp_initialize__aeabi_                  - Undefined Weak Reference
    __cxa_finalize                            - Undefined Weak Reference
    _clock_init                               - Undefined Weak Reference
    _microlib_exit                            - Undefined Weak Reference
    __main                                   0x00000401   Thumb Code     0  entry.o(.ARM.Collect$$$$00000000)
    _main_stk                                0x00000401   Thumb Code     0  entry4.o(.ARM.Collect$$$$00000003)
    _main_scatterload                        0x00000405   Thumb Code     0  entry5.o(.ARM.Collect$$$$00000004)
    __main_after_scatterload                 0x00000409   Thumb Code     0  entry5.o(.ARM.Collect$$$$00000004)
    _main_clock                              0x00000409   Thumb Code     0  entry7b.o(.ARM.Collect$$$$00000008)
    _main_cpp_init                           0x00000409   Thumb Code     0  entry8b.o(.ARM.Collect$$$$0000000A)
    _main_init                               0x00000409   Thumb Code     0  entry9a.o(.ARM.Collect$$$$0000000B)
    __rt_final_cpp                           0x00000411   Thumb Code     0  entry10a.o(.ARM.Collect$$$$0000000D)
    __rt_final_exit                          0x00000411   Thumb Code     0  entry11a.o(.ARM.Collect$$$$0000000F)
    SVC_Handler                              0x00000415   Thumb Code    28  port.o(.emb_text)
    __asm___6_port_c_39a90d8d__prvStartFirstTask 0x00000435   Thumb Code    28  port.o(.emb_text)
    __asm___6_port_c_39a90d8d__prvEnableVFP  0x00000455   Thumb Code    16  port.o(.emb_text)
    PendSV_Handler                           0x00000469   Thumb Code    88  port.o(.emb_text)
    vPortGetIPSR                             0x000004c5   Thumb Code     6  port.o(.emb_text)
    Reset_Handler                            0x000004cd   Thumb Code     8  startup_lpc54608.o(.text)
    NMI_Handler                              0x000004d5   Thumb Code     2  startup_lpc54608.o(.text)
    HardFault_Handler                        0x000004d7   Thumb Code     2  startup_lpc54608.o(.text)
    MemManage_Handler                        0x000004d9   Thumb Code     2  startup_lpc54608.o(.text)
    BusFault_Handler                         0x000004db   Thumb Code     2  startup_lpc54608.o(.text)
    UsageFault_Handler                       0x000004dd   Thumb Code     2  startup_lpc54608.o(.text)
    DebugMon_Handler                         0x000004e1   Thumb Code     2  startup_lpc54608.o(.text)
    WDT_BOD_IRQHandler                       0x000004e7   Thumb Code     4  startup_lpc54608.o(.text)
    DMA0_IRQHandler                          0x000004eb   Thumb Code     4  startup_lpc54608.o(.text)
    GINT0_IRQHandler                         0x000004ef   Thumb Code     4  startup_lpc54608.o(.text)
    GINT1_IRQHandler                         0x000004f3   Thumb Code     4  startup_lpc54608.o(.text)
    PIN_INT0_IRQHandler                      0x000004f7   Thumb Code     4  startup_lpc54608.o(.text)
    PIN_INT1_IRQHandler                      0x000004fb   Thumb Code     4  startup_lpc54608.o(.text)
    PIN_INT2_IRQHandler                      0x000004ff   Thumb Code     4  startup_lpc54608.o(.text)
    PIN_INT3_IRQHandler                      0x00000503   Thumb Code     4  startup_lpc54608.o(.text)
    UTICK0_IRQHandler                        0x00000507   Thumb Code     4  startup_lpc54608.o(.text)
    MRT0_IRQHandler                          0x0000050b   Thumb Code     4  startup_lpc54608.o(.text)
    CTIMER0_IRQHandler                       0x0000050f   Thumb Code     4  startup_lpc54608.o(.text)
    CTIMER1_IRQHandler                       0x00000513   Thumb Code     4  startup_lpc54608.o(.text)
    SCT0_IRQHandler                          0x00000517   Thumb Code     4  startup_lpc54608.o(.text)
    CTIMER3_IRQHandler                       0x0000051b   Thumb Code     4  startup_lpc54608.o(.text)
    FLEXCOMM1_IRQHandler                     0x00000523   Thumb Code     4  startup_lpc54608.o(.text)
    FLEXCOMM2_IRQHandler                     0x00000527   Thumb Code     4  startup_lpc54608.o(.text)
    FLEXCOMM3_IRQHandler                     0x0000052b   Thumb Code     4  startup_lpc54608.o(.text)
    FLEXCOMM4_IRQHandler                     0x0000052f   Thumb Code     4  startup_lpc54608.o(.text)
    FLEXCOMM5_IRQHandler                     0x00000533   Thumb Code     4  startup_lpc54608.o(.text)
    FLEXCOMM6_IRQHandler                     0x00000537   Thumb Code     4  startup_lpc54608.o(.text)
    FLEXCOMM7_IRQHandler                     0x0000053b   Thumb Code     4  startup_lpc54608.o(.text)
    ADC0_SEQA_IRQHandler                     0x0000053f   Thumb Code     4  startup_lpc54608.o(.text)
    ADC0_SEQB_IRQHandler                     0x00000543   Thumb Code     4  startup_lpc54608.o(.text)
    ADC0_THCMP_IRQHandler                    0x00000547   Thumb Code     4  startup_lpc54608.o(.text)
    DMIC0_IRQHandler                         0x0000054b   Thumb Code     4  startup_lpc54608.o(.text)
    HWVAD0_IRQHandler                        0x0000054f   Thumb Code     4  startup_lpc54608.o(.text)
    USB0_NEEDCLK_IRQHandler                  0x00000553   Thumb Code     4  startup_lpc54608.o(.text)
    USB0_IRQHandler                          0x00000557   Thumb Code     4  startup_lpc54608.o(.text)
    RTC_IRQHandler                           0x0000055b   Thumb Code     4  startup_lpc54608.o(.text)
    Reserved46_IRQHandler                    0x0000055f   Thumb Code     4  startup_lpc54608.o(.text)
    Reserved47_IRQHandler                    0x00000563   Thumb Code     4  startup_lpc54608.o(.text)
    PIN_INT4_IRQHandler                      0x00000567   Thumb Code     4  startup_lpc54608.o(.text)
    PIN_INT5_IRQHandler                      0x0000056b   Thumb Code     4  startup_lpc54608.o(.text)
    PIN_INT6_IRQHandler                      0x0000056f   Thumb Code     4  startup_lpc54608.o(.text)
    PIN_INT7_IRQHandler                      0x00000573   Thumb Code     4  startup_lpc54608.o(.text)
    CTIMER2_IRQHandler                       0x00000577   Thumb Code     4  startup_lpc54608.o(.text)
    CTIMER4_IRQHandler                       0x0000057b   Thumb Code     4  startup_lpc54608.o(.text)
    RIT_IRQHandler                           0x0000057f   Thumb Code     4  startup_lpc54608.o(.text)
    SPIFI0_IRQHandler                        0x00000583   Thumb Code     4  startup_lpc54608.o(.text)
    FLEXCOMM8_IRQHandler                     0x00000587   Thumb Code     4  startup_lpc54608.o(.text)
    FLEXCOMM9_IRQHandler                     0x0000058b   Thumb Code     4  startup_lpc54608.o(.text)
    SDIO_IRQHandler                          0x0000058f   Thumb Code     4  startup_lpc54608.o(.text)
    CAN0_IRQ0_IRQHandler                     0x00000593   Thumb Code     4  startup_lpc54608.o(.text)
    CAN0_IRQ1_IRQHandler                     0x00000597   Thumb Code     4  startup_lpc54608.o(.text)
    CAN1_IRQ0_IRQHandler                     0x0000059b   Thumb Code     4  startup_lpc54608.o(.text)
    CAN1_IRQ1_IRQHandler                     0x0000059f   Thumb Code     4  startup_lpc54608.o(.text)
    USB1_IRQHandler                          0x000005a3   Thumb Code     4  startup_lpc54608.o(.text)
    USB1_NEEDCLK_IRQHandler                  0x000005a7   Thumb Code     4  startup_lpc54608.o(.text)
    ETHERNET_IRQHandler                      0x000005ab   Thumb Code     4  startup_lpc54608.o(.text)
    ETHERNET_PMT_IRQHandler                  0x000005af   Thumb Code     4  startup_lpc54608.o(.text)
    ETHERNET_MACLP_IRQHandler                0x000005b3   Thumb Code     4  startup_lpc54608.o(.text)
    EEPROM_IRQHandler                        0x000005b7   Thumb Code     4  startup_lpc54608.o(.text)
    LCD_IRQHandler                           0x000005bb   Thumb Code     4  startup_lpc54608.o(.text)
    SHA_IRQHandler                           0x000005bf   Thumb Code     4  startup_lpc54608.o(.text)
    SMARTCARD0_IRQHandler                    0x000005c3   Thumb Code     4  startup_lpc54608.o(.text)
    SMARTCARD1_IRQHandler                    0x000005c7   Thumb Code     4  startup_lpc54608.o(.text)
    ADC0_SEQA_DriverIRQHandler               0x000005cb   Thumb Code     0  startup_lpc54608.o(.text)
    ADC0_SEQB_DriverIRQHandler               0x000005cb   Thumb Code     0  startup_lpc54608.o(.text)
    ADC0_THCMP_DriverIRQHandler              0x000005cb   Thumb Code     0  startup_lpc54608.o(.text)
    CAN0_IRQ1_DriverIRQHandler               0x000005cb   Thumb Code     0  startup_lpc54608.o(.text)
    CAN1_IRQ1_DriverIRQHandler               0x000005cb   Thumb Code     0  startup_lpc54608.o(.text)
    CTIMER0_DriverIRQHandler                 0x000005cb   Thumb Code     0  startup_lpc54608.o(.text)
    CTIMER1_DriverIRQHandler                 0x000005cb   Thumb Code     0  startup_lpc54608.o(.text)
    CTIMER2_DriverIRQHandler                 0x000005cb   Thumb Code     0  startup_lpc54608.o(.text)
    CTIMER3_DriverIRQHandler                 0x000005cb   Thumb Code     0  startup_lpc54608.o(.text)
    CTIMER4_DriverIRQHandler                 0x000005cb   Thumb Code     0  startup_lpc54608.o(.text)
    DMA0_DriverIRQHandler                    0x000005cb   Thumb Code     0  startup_lpc54608.o(.text)
    DMIC0_DriverIRQHandler                   0x000005cb   Thumb Code     0  startup_lpc54608.o(.text)
    EEPROM_DriverIRQHandler                  0x000005cb   Thumb Code     0  startup_lpc54608.o(.text)
    ETHERNET_DriverIRQHandler                0x000005cb   Thumb Code     0  startup_lpc54608.o(.text)
    ETHERNET_MACLP_DriverIRQHandler          0x000005cb   Thumb Code     0  startup_lpc54608.o(.text)
    ETHERNET_PMT_DriverIRQHandler            0x000005cb   Thumb Code     0  startup_lpc54608.o(.text)
    GINT0_DriverIRQHandler                   0x000005cb   Thumb Code     0  startup_lpc54608.o(.text)
    GINT1_DriverIRQHandler                   0x000005cb   Thumb Code     0  startup_lpc54608.o(.text)
    HWVAD0_DriverIRQHandler                  0x000005cb   Thumb Code     0  startup_lpc54608.o(.text)
    LCD_DriverIRQHandler                     0x000005cb   Thumb Code     0  startup_lpc54608.o(.text)
    MRT0_DriverIRQHandler                    0x000005cb   Thumb Code     0  startup_lpc54608.o(.text)
    PIN_INT0_DriverIRQHandler                0x000005cb   Thumb Code     0  startup_lpc54608.o(.text)
    PIN_INT1_DriverIRQHandler                0x000005cb   Thumb Code     0  startup_lpc54608.o(.text)
    PIN_INT2_DriverIRQHandler                0x000005cb   Thumb Code     0  startup_lpc54608.o(.text)
    PIN_INT3_DriverIRQHandler                0x000005cb   Thumb Code     0  startup_lpc54608.o(.text)
    PIN_INT4_DriverIRQHandler                0x000005cb   Thumb Code     0  startup_lpc54608.o(.text)
    PIN_INT5_DriverIRQHandler                0x000005cb   Thumb Code     0  startup_lpc54608.o(.text)
    PIN_INT6_DriverIRQHandler                0x000005cb   Thumb Code     0  startup_lpc54608.o(.text)
    PIN_INT7_DriverIRQHandler                0x000005cb   Thumb Code     0  startup_lpc54608.o(.text)
    RIT_DriverIRQHandler                     0x000005cb   Thumb Code     0  startup_lpc54608.o(.text)
    RTC_DriverIRQHandler                     0x000005cb   Thumb Code     0  startup_lpc54608.o(.text)
    Reserved46_DriverIRQHandler              0x000005cb   Thumb Code     0  startup_lpc54608.o(.text)
    Reserved47_DriverIRQHandler              0x000005cb   Thumb Code     0  startup_lpc54608.o(.text)
    SCT0_DriverIRQHandler                    0x000005cb   Thumb Code     0  startup_lpc54608.o(.text)
    SDIO_DriverIRQHandler                    0x000005cb   Thumb Code     0  startup_lpc54608.o(.text)
    SHA_DriverIRQHandler                     0x000005cb   Thumb Code     0  startup_lpc54608.o(.text)
    SMARTCARD0_DriverIRQHandler              0x000005cb   Thumb Code     0  startup_lpc54608.o(.text)
    SMARTCARD1_DriverIRQHandler              0x000005cb   Thumb Code     0  startup_lpc54608.o(.text)
    SPIFI0_DriverIRQHandler                  0x000005cb   Thumb Code     0  startup_lpc54608.o(.text)
    USB0_DriverIRQHandler                    0x000005cb   Thumb Code     0  startup_lpc54608.o(.text)
    USB0_NEEDCLK_DriverIRQHandler            0x000005cb   Thumb Code     0  startup_lpc54608.o(.text)
    USB1_DriverIRQHandler                    0x000005cb   Thumb Code     0  startup_lpc54608.o(.text)
    USB1_NEEDCLK_DriverIRQHandler            0x000005cb   Thumb Code     0  startup_lpc54608.o(.text)
    UTICK0_DriverIRQHandler                  0x000005cb   Thumb Code     0  startup_lpc54608.o(.text)
    WDT_BOD_DriverIRQHandler                 0x000005cb   Thumb Code     0  startup_lpc54608.o(.text)
    __aeabi_memcpy                           0x000006b9   Thumb Code    36  memcpya.o(.text)
    __aeabi_memcpy4                          0x000006b9   Thumb Code     0  memcpya.o(.text)
    __aeabi_memcpy8                          0x000006b9   Thumb Code     0  memcpya.o(.text)
    __aeabi_memset                           0x000006dd   Thumb Code    14  memseta.o(.text)
    __aeabi_memset4                          0x000006dd   Thumb Code     0  memseta.o(.text)
    __aeabi_memset8                          0x000006dd   Thumb Code     0  memseta.o(.text)
    __aeabi_memclr                           0x000006eb   Thumb Code     4  memseta.o(.text)
    __aeabi_memclr4                          0x000006eb   Thumb Code     0  memseta.o(.text)
    __aeabi_memclr8                          0x000006eb   Thumb Code     0  memseta.o(.text)
    _memset$wrapper                          0x000006ef   Thumb Code    18  memseta.o(.text)
    strlen                                   0x00000701   Thumb Code    14  strlen.o(.text)
    __scatterload                            0x00000711   Thumb Code    28  init.o(.text)
    __scatterload_rt2                        0x00000711   Thumb Code     0  init.o(.text)
    __decompress                             0x00000735   Thumb Code     0  __dczerorl2.o(.text)
    __decompress1                            0x00000735   Thumb Code    86  __dczerorl2.o(.text)
    BOARD_BootClockPLL180M                   0x0000078d   Thumb Code    82  clock_config.o(i.BOARD_BootClockPLL180M)
    BOARD_InitCAN                            0x000007f5   Thumb Code   112  board.o(i.BOARD_InitCAN)
    BOARD_InitDebugConsole                   0x0000088d   Thumb Code    58  board.o(i.BOARD_InitDebugConsole)
    BOARD_InitGPIO                           0x00000901   Thumb Code    76  board.o(i.BOARD_InitGPIO)
    BOARD_InitPins                           0x00000955   Thumb Code   256  pin_mux.o(i.BOARD_InitPins)
    CAN0_IRQ0_DriverIRQHandler               0x00000a61   Thumb Code    14  can.o(i.CAN0_IRQ0_DriverIRQHandler)
    CAN1_IRQ0_DriverIRQHandler               0x00000a79   Thumb Code    14  can.o(i.CAN1_IRQ0_DriverIRQHandler)
    CAN_Enable                               0x00000ae3   Thumb Code    46  can.o(i.CAN_Enable)
    CAN_GetDefaultConfig                     0x00000b59   Thumb Code    44  can.o(i.CAN_GetDefaultConfig)
    CAN_Init                                 0x00000bad   Thumb Code   516  can.o(i.CAN_Init)
    CAN_ReadRxFifo                           0x00000dfb   Thumb Code   134  can.o(i.CAN_ReadRxFifo)
    CAN_ReadRxMb                             0x00000e81   Thumb Code   134  can.o(i.CAN_ReadRxMb)
    CAN_SetRxExtIndividualMask               0x00000fdd   Thumb Code    34  can.o(i.CAN_SetRxExtIndividualMask)
    CAN_SetRxIndividualMask                  0x00000fff   Thumb Code    30  can.o(i.CAN_SetRxIndividualMask)
    CAN_SetTimingConfig                      0x0000101d   Thumb Code   152  can.o(i.CAN_SetTimingConfig)
    CAN_TransferAbortReceive                 0x000010b9   Thumb Code    28  can.o(i.CAN_TransferAbortReceive)
    CAN_TransferAbortReceiveFifo             0x000010d5   Thumb Code    46  can.o(i.CAN_TransferAbortReceiveFifo)
    CAN_TransferAbortSend                    0x00001103   Thumb Code    30  can.o(i.CAN_TransferAbortSend)
    CAN_TransferHandleIRQ                    0x00001121   Thumb Code   522  can.o(i.CAN_TransferHandleIRQ)
    CAN_TransferSendBlocking                 0x0000132b   Thumb Code    46  can.o(i.CAN_TransferSendBlocking)
    CAN_WriteTxMb                            0x00001359   Thumb Code   206  can.o(i.CAN_WriteTxMb)
    CLOCK_AttachClk                          0x00001429   Thumb Code    66  fsl_clock.o(i.CLOCK_AttachClk)
    CLOCK_GetAdcClkFreq                      0x000014fd   Thumb Code    72  fsl_clock.o(i.CLOCK_GetAdcClkFreq)
    CLOCK_GetAsyncApbClkFreq                 0x00001549   Thumb Code    40  fsl_clock.o(i.CLOCK_GetAsyncApbClkFreq)
    CLOCK_GetAudioPllOutFreq                 0x00001579   Thumb Code     6  fsl_clock.o(i.CLOCK_GetAudioPllOutFreq)
    CLOCK_GetClockOutClkFreq                 0x00001585   Thumb Code   116  fsl_clock.o(i.CLOCK_GetClockOutClkFreq)
    CLOCK_GetCoreSysClkFreq                  0x000015fd   Thumb Code   120  fsl_clock.o(i.CLOCK_GetCoreSysClkFreq)
    CLOCK_GetExtClkFreq                      0x00001679   Thumb Code     4  fsl_clock.o(i.CLOCK_GetExtClkFreq)
    CLOCK_GetFlexCommClkFreq                 0x00001681   Thumb Code    88  fsl_clock.o(i.CLOCK_GetFlexCommClkFreq)
    CLOCK_GetFreq                            0x000016dd   Thumb Code   708  fsl_clock.o(i.CLOCK_GetFreq)
    CLOCK_GetFro12MFreq                      0x000019a5   Thumb Code    18  fsl_clock.o(i.CLOCK_GetFro12MFreq)
    CLOCK_GetFroHfFreq                       0x000019c1   Thumb Code    46  fsl_clock.o(i.CLOCK_GetFroHfFreq)
    CLOCK_GetI2SMClkFreq                     0x00001a01   Thumb Code     4  fsl_clock.o(i.CLOCK_GetI2SMClkFreq)
    CLOCK_GetLcdClkFreq                      0x00001a05   Thumb Code    58  fsl_clock.o(i.CLOCK_GetLcdClkFreq)
    CLOCK_GetLcdClkIn                        0x00001a45   Thumb Code     4  fsl_clock.o(i.CLOCK_GetLcdClkIn)
    CLOCK_GetMclkClkFreq                     0x00001a49   Thumb Code    58  fsl_clock.o(i.CLOCK_GetMclkClkFreq)
    CLOCK_GetOsc32KFreq                      0x00001a89   Thumb Code     6  fsl_clock.o(i.CLOCK_GetOsc32KFreq)
    CLOCK_GetPllOutFreq                      0x00001a91   Thumb Code     6  fsl_clock.o(i.CLOCK_GetPllOutFreq)
    CLOCK_GetSctClkFreq                      0x00001a9d   Thumb Code    72  fsl_clock.o(i.CLOCK_GetSctClkFreq)
    CLOCK_GetSdioClkFreq                     0x00001ae9   Thumb Code    86  fsl_clock.o(i.CLOCK_GetSdioClkFreq)
    CLOCK_GetSpifiClkFreq                    0x00001b45   Thumb Code    86  fsl_clock.o(i.CLOCK_GetSpifiClkFreq)
    CLOCK_GetUsb0ClkFreq                     0x00001ba1   Thumb Code    58  fsl_clock.o(i.CLOCK_GetUsb0ClkFreq)
    CLOCK_GetUsb1ClkFreq                     0x00001be1   Thumb Code    58  fsl_clock.o(i.CLOCK_GetUsb1ClkFreq)
    CLOCK_GetUsbPllOutFreq                   0x00001c21   Thumb Code     6  fsl_clock.o(i.CLOCK_GetUsbPllOutFreq)
    CLOCK_GetWdtOscFreq                      0x00001c2d   Thumb Code    50  fsl_clock.o(i.CLOCK_GetWdtOscFreq)
    CLOCK_SetFLASHAccessCyclesForFreq        0x00001c85   Thumb Code   124  fsl_clock.o(i.CLOCK_SetFLASHAccessCyclesForFreq)
    CLOCK_SetPLLFreq                         0x00001d21   Thumb Code   196  fsl_clock.o(i.CLOCK_SetPLLFreq)
    DbgConsole_Init                          0x00001e9d   Thumb Code    74  fsl_debug_console.o(i.DbgConsole_Init)
    DbgConsole_Printf                        0x00001ef5   Thumb Code    44  fsl_debug_console.o(i.DbgConsole_Printf)
    DbgConsole_Putchar                       0x0000218d   Thumb Code    30  fsl_debug_console.o(i.DbgConsole_Putchar)
    FLEXCOMM0_DriverIRQHandler               0x000021b1   Thumb Code    36  fsl_flexcomm.o(i.FLEXCOMM0_DriverIRQHandler)
    FLEXCOMM0_IRQHandler                     0x00002215   Thumb Code   124  can_fd_msgobjs.o(i.FLEXCOMM0_IRQHandler)
    FLEXCOMM1_DriverIRQHandler               0x000022b1   Thumb Code    36  fsl_flexcomm.o(i.FLEXCOMM1_DriverIRQHandler)
    FLEXCOMM2_DriverIRQHandler               0x00002315   Thumb Code    36  fsl_flexcomm.o(i.FLEXCOMM2_DriverIRQHandler)
    FLEXCOMM3_DriverIRQHandler               0x00002379   Thumb Code    36  fsl_flexcomm.o(i.FLEXCOMM3_DriverIRQHandler)
    FLEXCOMM4_DriverIRQHandler               0x000023dd   Thumb Code    36  fsl_flexcomm.o(i.FLEXCOMM4_DriverIRQHandler)
    FLEXCOMM5_DriverIRQHandler               0x00002441   Thumb Code    36  fsl_flexcomm.o(i.FLEXCOMM5_DriverIRQHandler)
    FLEXCOMM6_DriverIRQHandler               0x000024a5   Thumb Code    36  fsl_flexcomm.o(i.FLEXCOMM6_DriverIRQHandler)
    FLEXCOMM7_DriverIRQHandler               0x00002509   Thumb Code    36  fsl_flexcomm.o(i.FLEXCOMM7_DriverIRQHandler)
    FLEXCOMM8_DriverIRQHandler               0x0000256d   Thumb Code    36  fsl_flexcomm.o(i.FLEXCOMM8_DriverIRQHandler)
    FLEXCOMM9_DriverIRQHandler               0x000025d1   Thumb Code    36  fsl_flexcomm.o(i.FLEXCOMM9_DriverIRQHandler)
    FLEXCOMM_GetInstance                     0x00002635   Thumb Code    38  fsl_flexcomm.o(i.FLEXCOMM_GetInstance)
    FLEXCOMM_Init                            0x00002685   Thumb Code    72  fsl_flexcomm.o(i.FLEXCOMM_Init)
    FLEXCOMM_SetPeriph                       0x00002713   Thumb Code    68  fsl_flexcomm.o(i.FLEXCOMM_SetPeriph)
    GPIO_PinInit                             0x00002757   Thumb Code    84  fsl_gpio.o(i.GPIO_PinInit)
    POWER_SetPLL                             0x0000281d   Thumb Code    24  fsl_power_lib.o(i.POWER_SetPLL)
    POWER_SetVoltageForFreq                  0x0000283d   Thumb Code   110  fsl_power_lib.o(i.POWER_SetVoltageForFreq)
    POWER_setVdLevel                         0x000028b1   Thumb Code    14  fsl_power_lib.o(i.POWER_setVdLevel)
    RESET_ClearPeripheralReset               0x000028c5   Thumb Code    80  fsl_reset.o(i.RESET_ClearPeripheralReset)
    RESET_PeripheralReset                    0x00002945   Thumb Code    18  fsl_reset.o(i.RESET_PeripheralReset)
    RESET_SetPeripheralReset                 0x00002959   Thumb Code    80  fsl_reset.o(i.RESET_SetPeripheralReset)
    SysTick_Handler                          0x000029d9   Thumb Code    46  port.o(i.SysTick_Handler)
    SystemInit                               0x00002a0d   Thumb Code    36  system_lpc54608.o(i.SystemInit)
    USART_GetDefaultConfig                   0x00002a3d   Thumb Code    48  fsl_usart.o(i.USART_GetDefaultConfig)
    USART_Init                               0x00002a95   Thumb Code   226  fsl_usart.o(i.USART_Init)
    USART_ReadBlocking                       0x00002bcd   Thumb Code   188  fsl_usart.o(i.USART_ReadBlocking)
    USART_ReceiveData                        0x00002cc5   Thumb Code   140  can_fd_msgobjs.o(i.USART_ReceiveData)
    USART_SetBaudRate                        0x00002d6d   Thumb Code   152  fsl_usart.o(i.USART_SetBaudRate)
    USART_WriteBlocking                      0x00002e5d   Thumb Code    90  fsl_usart.o(i.USART_WriteBlocking)
    __aeabi_assert                           0x00002ef5   Thumb Code    24  fsl_common.o(i.__aeabi_assert)
    __scatterload_copy                       0x00002f39   Thumb Code    14  handlers.o(i.__scatterload_copy)
    __scatterload_null                       0x00002f47   Thumb Code     2  handlers.o(i.__scatterload_null)
    __scatterload_zeroinit                   0x00002f49   Thumb Code    14  handlers.o(i.__scatterload_zeroinit)
    main                                     0x00002f59   Thumb Code   446  can_fd_msgobjs.o(i.main)
    obd_Service                              0x00003185   Thumb Code   562  obd_can.o(i.obd_Service)
    obd_Service_KeepAlive                    0x000033f1   Thumb Code   104  obd_can.o(i.obd_Service_KeepAlive)
    obd_Service_MsgTrasmit                   0x00003465   Thumb Code    26  obd_can.o(i.obd_Service_MsgTrasmit)
    obd_can_TxMSG_Standard                   0x00003489   Thumb Code    46  obd_can.o(i.obd_can_TxMSG_Standard)
    pvPortMalloc                             0x00003e91   Thumb Code   296  heap_4.o(i.pvPortMalloc)
    pvTaskIncrementMutexHeldCount            0x00003fcd   Thumb Code    26  tasks.o(i.pvTaskIncrementMutexHeldCount)
    pxPortInitialiseStack                    0x00003fed   Thumb Code    38  port.o(i.pxPortInitialiseStack)
    uxListRemove                             0x00004019   Thumb Code    40  list.o(i.uxListRemove)
    vListInitialise                          0x000040c5   Thumb Code    26  list.o(i.vListInitialise)
    vListInitialiseItem                      0x000040df   Thumb Code     6  list.o(i.vListInitialiseItem)
    vListInsert                              0x000040e5   Thumb Code    52  list.o(i.vListInsert)
    vListInsertEnd                           0x00004119   Thumb Code    24  list.o(i.vListInsertEnd)
    vPortEnterCritical                       0x00004131   Thumb Code    76  port.o(i.vPortEnterCritical)
    vPortExitCritical                        0x00004185   Thumb Code    56  port.o(i.vPortExitCritical)
    vPortFree                                0x000041c1   Thumb Code   140  heap_4.o(i.vPortFree)
    vPortSetupTimerInterrupt                 0x00004255   Thumb Code    30  fsl_tickless_rtc.o(i.vPortSetupTimerInterrupt)
    vPortValidateInterruptPriority           0x00004279   Thumb Code   106  port.o(i.vPortValidateInterruptPriority)
    vQueueAddToRegistry                      0x000042f1   Thumb Code    38  queue.o(i.vQueueAddToRegistry)
    vQueueWaitForMessageRestricted           0x0000431d   Thumb Code    74  queue.o(i.vQueueWaitForMessageRestricted)
    vTaskDelay                               0x00004369   Thumb Code    82  tasks.o(i.vTaskDelay)
    vTaskMissedYield                         0x000043c5   Thumb Code     8  tasks.o(i.vTaskMissedYield)
    vTaskPlaceOnEventList                    0x000043d1   Thumb Code    52  tasks.o(i.vTaskPlaceOnEventList)
    vTaskPlaceOnEventListRestricted          0x00004409   Thumb Code    60  tasks.o(i.vTaskPlaceOnEventListRestricted)
    vTaskPriorityInherit                     0x00004449   Thumb Code   164  tasks.o(i.vTaskPriorityInherit)
    vTaskSetTimeOutState                     0x000044f9   Thumb Code    38  tasks.o(i.vTaskSetTimeOutState)
    vTaskStartScheduler                      0x00004529   Thumb Code   118  tasks.o(i.vTaskStartScheduler)
    vTaskSuspendAll                          0x000045bd   Thumb Code    12  tasks.o(i.vTaskSuspendAll)
    vTaskSwitchContext                       0x000045cd   Thumb Code   118  tasks.o(i.vTaskSwitchContext)
    xPortStartScheduler                      0x00004709   Thumb Code   288  port.o(i.xPortStartScheduler)
    xQueueGenericCreate                      0x00004845   Thumb Code    88  queue.o(i.xQueueGenericCreate)
    xQueueGenericReceive                     0x0000489d   Thumb Code   446  queue.o(i.xQueueGenericReceive)
    xQueueGenericReset                       0x00004a61   Thumb Code   146  queue.o(i.xQueueGenericReset)
    xQueueGenericSend                        0x00004af9   Thumb Code   420  queue.o(i.xQueueGenericSend)
    xQueueGenericSendFromISR                 0x00004ca1   Thumb Code   248  queue.o(i.xQueueGenericSendFromISR)
    xTaskCheckForTimeOut                     0x00004d99   Thumb Code   132  tasks.o(i.xTaskCheckForTimeOut)
    xTaskCreate                              0x00004e25   Thumb Code    96  tasks.o(i.xTaskCreate)
    xTaskGetSchedulerState                   0x00004e85   Thumb Code    24  tasks.o(i.xTaskGetSchedulerState)
    xTaskGetTickCount                        0x00004ea5   Thumb Code     6  tasks.o(i.xTaskGetTickCount)
    xTaskIncrementTick                       0x00004eb1   Thumb Code   256  tasks.o(i.xTaskIncrementTick)
    xTaskPriorityDisinherit                  0x00004fdd   Thumb Code   188  tasks.o(i.xTaskPriorityDisinherit)
    xTaskRemoveFromEventList                 0x000050a5   Thumb Code   128  tasks.o(i.xTaskRemoveFromEventList)
    xTaskResumeAll                           0x0000513d   Thumb Code   224  tasks.o(i.xTaskResumeAll)
    xTimerCreateTimerTask                    0x00005241   Thumb Code    64  timers.o(i.xTimerCreateTimerTask)
    xTimerGenericCommand                     0x00005295   Thumb Code   128  timers.o(i.xTimerGenericCommand)
    g_I2S_Mclk_Freq                          0x00005320   Data           4  fsl_clock.o(.constdata)
    g_Ext_Clk_Freq                           0x00005324   Data           4  fsl_clock.o(.constdata)
    g_Lcd_Clk_In_Freq                        0x00005328   Data           4  fsl_clock.o(.constdata)
    kFlexcommIrqs                            0x0000537c   Data          10  fsl_flexcomm.o(.constdata)
    Region$$Table$$Base                      0x000053fc   Number         0  anon$$obj.o(Region$$Table)
    Region$$Table$$Limit                     0x0000541c   Number         0  anon$$obj.o(Region$$Table)
    Image$$RW_m_data$$Base                   0x20000000   Number         0  anon$$obj.o ABSOLUTE
    SystemCoreClock                          0x20000000   Data           4  system_lpc54608.o(.data)
    xTouchTaskHandle                         0x2000001c   Data           4  can_fd_msgobjs.o(.data)
    xLcdTaskHandle                           0x20000020   Data           4  can_fd_msgobjs.o(.data)
    g_systickCounter                         0x20000024   Data           4  can_fd_msgobjs.o(.data)
    OBD_Service_Mode_Detection               0x20000028   Data           1  can_fd_msgobjs.o(.data)
    txIndex                                  0x20000036   Data           2  can_fd_msgobjs.o(.data)
    rxIndex                                  0x20000038   Data           2  can_fd_msgobjs.o(.data)
    rxIndex_old                              0x2000003a   Data           2  can_fd_msgobjs.o(.data)
    rxIndex_count                            0x2000003c   Data           2  can_fd_msgobjs.o(.data)
    rxIndex_loop                             0x2000003e   Data           2  can_fd_msgobjs.o(.data)
    delay_count                              0x20000040   Data           2  can_fd_msgobjs.o(.data)
    debug_count                              0x20000042   Data           2  can_fd_msgobjs.o(.data)
    rxIndex_updated                          0x20000044   Data           1  can_fd_msgobjs.o(.data)
    tx_CAN_Enable                            0x20000045   Data           1  can_fd_msgobjs.o(.data)
    message_received                         0x20000046   Data           1  can_fd_msgobjs.o(.data)
    Keep_Service_Active                      0x20000047   Data           1  can_fd_msgobjs.o(.data)
    KeepAlive_PERIOD_flag                    0x20000048   Data           1  can_fd_msgobjs.o(.data)
    Keep_Service_Active_Send                 0x20000049   Data           1  can_fd_msgobjs.o(.data)
    Rx_Msg_Cnt                               0x2000004a   Data           2  can_fd_msgobjs.o(.data)
    Rx_Msg_Loop_Cnt                          0x2000004c   Data           2  can_fd_msgobjs.o(.data)
    KeepAlive_Peroid_2s_Count                0x2000004e   Data           2  can_fd_msgobjs.o(.data)
    VfCANH_RxMSG_Data                        0x20000050   Data           1  can_fd_msgobjs.o(.data)
    KeepSendOneTime                          0x20000051   Data           1  can_fd_msgobjs.o(.data)
    VfCANH_RxMSG_ID                          0x20000052   Data           2  can_fd_msgobjs.o(.data)
    Array_Cycle                              0x20000054   Data           2  can_fd_msgobjs.o(.data)
    i                                        0x20000056   Data           1  can_fd_msgobjs.o(.data)
    g_tipString                              0x20000057   Data         107  can_fd_msgobjs.o(.data)
    Multi_Frame_Key                          0x200000c2   Data          16  can_fd_msgobjs.o(.data)
    Key_Queue                                0x200000d4   Data           4  can_fd_msgobjs.o(.data)
    Message_Queue                            0x200000d8   Data           4  can_fd_msgobjs.o(.data)
    USART_RX_First                           0x200000dc   Data           1  can_fd_msgobjs.o(.data)
    USART_RX_Last                            0x200000dd   Data           1  can_fd_msgobjs.o(.data)
    USART_RX_Wait                            0x200000de   Data           1  can_fd_msgobjs.o(.data)
    led_config                               0x200000df   Data           2  board.o(.data)
    Service_KeepAlive                        0x200000e1   Data           8  obd_can.o(.data)
    Service_ExtSession                       0x200000e9   Data           8  obd_can.o(.data)
    Service_ReqSeed                          0x200000f1   Data           8  obd_can.o(.data)
    Service_SendKey                          0x200000f9   Data          24  obd_can.o(.data)
    message_transmitted                      0x20000111   Data           1  obd_can.o(.data)
    message_updateToTransmit                 0x20000112   Data           1  obd_can.o(.data)
    Service_FireWall_Pass_Cmd                0x20000113   Data           1  obd_can.o(.data)
    Service_FireWall_Pass_Confirm            0x20000114   Data           1  obd_can.o(.data)
    message_length                           0x20000115   Data           1  obd_can.o(.data)
    message_length_cnt                       0x20000116   Data           1  obd_can.o(.data)
    OBD_Service_Mode_CMD                     0x20000117   Data           1  obd_can.o(.data)
    OBD_Service_Mode_CMD_Auto                0x20000118   Data           1  obd_can.o(.data)
    OBD_Service_Mode_NextState               0x20000119   Data           1  obd_can.o(.data)
    pxCurrentTCB                             0x2000011c   Data           4  tasks.o(.data)
    VfUSART_Data                             0x200001e0   Data          16  can_fd_msgobjs.o(.bss)
    USART_Data                               0x200001f0   Data          16  can_fd_msgobjs.o(.bss)
    demoRingBuffer                           0x20000200   Data          16  can_fd_msgobjs.o(.bss)
    ReceiveDataFromCAN_to_USART              0x20000210   Data          12  can_fd_msgobjs.o(.bss)
    usart0_Define                            0x2000021c   Data          48  can_fd_msgobjs.o(.bss)
    Rxmsg_TransOilTem                        0x2000024c   Data          72  can_fd_msgobjs.o(.bss)
    FrameToTransmit                          0x200002a4   Data          72  obd_can.o(.bss)
    Keep_alive_frame_3E                      0x200002ec   Data          72  obd_can.o(.bss)
    xQueueRegistry                           0x20000334   Data          64  queue.o(.bss)
    Image$$ARM_LIB_STACK$$ZI$$Limit          0x20028000   Number         0  anon$$obj.o ABSOLUTE



==============================================================================

Memory Map of the image

  Image Entry point : 0x00000401

  Load Region LR_m_text (Base: 0x00000000, Size: 0x000055ac, Max: 0x00080000, ABSOLUTE, COMPRESSED[0x000054b0])

    Execution Region VECTOR_ROM (Exec base: 0x00000000, Load base: 0x00000000, Size: 0x00000124, Max: 0x00000400, ABSOLUTE)

    Exec Addr    Load Addr    Size         Type   Attr      Idx    E Section Name        Object

    0x00000000   0x00000000   0x00000124   Data   RO          108    RESET               startup_lpc54608.o


    Execution Region VECTOR_RAM (Exec base: 0x00000000, Load base: 0x0000541c, Size: 0x00000000, Max: 0x00000000, ABSOLUTE)

    Exec Addr    Load Addr    Size         Type   Attr      Idx    E Section Name        Object

    0x00000000        -       0x00000000   Zero   RW            1    VECTOR_RAM.bss      anon$$obj.o


    Execution Region ER_m_text (Exec base: 0x00000400, Load base: 0x00000400, Size: 0x0000501c, Max: 0x0007fc00, ABSOLUTE, FIXED)

    Exec Addr    Load Addr    Size         Type   Attr      Idx    E Section Name        Object

    0x00000400   0x00000400   0x00000000   Code   RO         2870  * .ARM.Collect$$$$00000000  mc_w.l(entry.o)
    0x00000400   0x00000400   0x00000004   Code   RO         2883    .ARM.Collect$$$$00000003  mc_w.l(entry4.o)
    0x00000404   0x00000404   0x00000004   Code   RO         2886    .ARM.Collect$$$$00000004  mc_w.l(entry5.o)
    0x00000408   0x00000408   0x00000000   Code   RO         2888    .ARM.Collect$$$$00000008  mc_w.l(entry7b.o)
    0x00000408   0x00000408   0x00000000   Code   RO         2890    .ARM.Collect$$$$0000000A  mc_w.l(entry8b.o)
    0x00000408   0x00000408   0x00000008   Code   RO         2891    .ARM.Collect$$$$0000000B  mc_w.l(entry9a.o)
    0x00000410   0x00000410   0x00000000   Code   RO         2893    .ARM.Collect$$$$0000000D  mc_w.l(entry10a.o)
    0x00000410   0x00000410   0x00000000   Code   RO         2895    .ARM.Collect$$$$0000000F  mc_w.l(entry11a.o)
    0x00000410   0x00000410   0x00000004   Code   RO         2884    .ARM.Collect$$$$00002714  mc_w.l(entry4.o)
    0x00000414   0x00000414   0x000000b6   Code   RO         2767    .emb_text           port.o
    0x000004ca   0x000004ca   0x00000002   PAD
    0x000004cc   0x000004cc   0x000001ec   Code   RO          109    .text               startup_lpc54608.o
    0x000006b8   0x000006b8   0x00000024   Code   RO         2875    .text               mc_w.l(memcpya.o)
    0x000006dc   0x000006dc   0x00000024   Code   RO         2877    .text               mc_w.l(memseta.o)
    0x00000700   0x00000700   0x0000000e   Code   RO         2879    .text               mc_w.l(strlen.o)
    0x0000070e   0x0000070e   0x00000002   PAD
    0x00000710   0x00000710   0x00000024   Code   RO         2901    .text               mc_w.l(init.o)
    0x00000734   0x00000734   0x00000056   Code   RO         2911    .text               mc_w.l(__dczerorl2.o)
    0x0000078a   0x0000078a   0x00000002   PAD
    0x0000078c   0x0000078c   0x00000068   Code   RO         1585    i.BOARD_BootClockPLL180M  clock_config.o
    0x000007f4   0x000007f4   0x00000098   Code   RO         1510    i.BOARD_InitCAN     board.o
    0x0000088c   0x0000088c   0x00000074   Code   RO         1511    i.BOARD_InitDebugConsole  board.o
    0x00000900   0x00000900   0x00000054   Code   RO         1512    i.BOARD_InitGPIO    board.o
    0x00000954   0x00000954   0x0000010c   Code   RO         1633    i.BOARD_InitPins    pin_mux.o
    0x00000a60   0x00000a60   0x00000018   Code   RO          116    i.CAN0_IRQ0_DriverIRQHandler  can.o
    0x00000a78   0x00000a78   0x00000018   Code   RO          117    i.CAN1_IRQ0_DriverIRQHandler  can.o
    0x00000a90   0x00000a90   0x0000003e   Code   RO          120    i.CAN_DecodeDLC     can.o
    0x00000ace   0x00000ace   0x00000008   Code   RO          122    i.CAN_DisableInterrupts  can.o
    0x00000ad6   0x00000ad6   0x0000000c   Code   RO          123    i.CAN_DisableMbInterrupts  can.o
    0x00000ae2   0x00000ae2   0x0000002e   Code   RO          124    i.CAN_Enable        can.o
    0x00000b10   0x00000b10   0x00000008   Code   RO          125    i.CAN_EnableInterrupts  can.o
    0x00000b18   0x00000b18   0x0000003e   Code   RO          126    i.CAN_EncodeDLC     can.o
    0x00000b56   0x00000b56   0x00000002   PAD
    0x00000b58   0x00000b58   0x00000034   Code   RO          127    i.CAN_GetDefaultConfig  can.o
    0x00000b8c   0x00000b8c   0x00000020   Code   RO          128    i.CAN_GetInstance   can.o
    0x00000bac   0x00000bac   0x00000210   Code   RO          130    i.CAN_Init          can.o
    0x00000dbc   0x00000dbc   0x0000003e   Code   RO          131    i.CAN_NumberofBytestoFieldSize  can.o
    0x00000dfa   0x00000dfa   0x00000086   Code   RO          132    i.CAN_ReadRxFifo    can.o
    0x00000e80   0x00000e80   0x00000086   Code   RO          133    i.CAN_ReadRxMb      can.o
    0x00000f06   0x00000f06   0x000000d6   Code   RO          134    i.CAN_ReadRxMessage  can.o
    0x00000fdc   0x00000fdc   0x00000022   Code   RO          135    i.CAN_SetRxExtIndividualMask  can.o
    0x00000ffe   0x00000ffe   0x0000001e   Code   RO          138    i.CAN_SetRxIndividualMask  can.o
    0x0000101c   0x0000101c   0x0000009c   Code   RO          139    i.CAN_SetTimingConfig  can.o
    0x000010b8   0x000010b8   0x0000001c   Code   RO          140    i.CAN_TransferAbortReceive  can.o
    0x000010d4   0x000010d4   0x0000002e   Code   RO          141    i.CAN_TransferAbortReceiveFifo  can.o
    0x00001102   0x00001102   0x0000001e   Code   RO          142    i.CAN_TransferAbortSend  can.o
    0x00001120   0x00001120   0x0000020a   Code   RO          144    i.CAN_TransferHandleIRQ  can.o
    0x0000132a   0x0000132a   0x0000002e   Code   RO          149    i.CAN_TransferSendBlocking  can.o
    0x00001358   0x00001358   0x000000ce   Code   RO          151    i.CAN_WriteTxMb     can.o
    0x00001426   0x00001426   0x00000002   PAD
    0x00001428   0x00001428   0x0000004c   Code   RO          408    i.CLOCK_AttachClk   fsl_clock.o
    0x00001474   0x00001474   0x00000028   Code   RO          153    i.CLOCK_EnableClock  can.o
    0x0000149c   0x0000149c   0x00000028   Code   RO         1367    i.CLOCK_EnableClock  can_fd_msgobjs.o
    0x000014c4   0x000014c4   0x00000038   Code   RO          415    i.CLOCK_Enable_SysOsc  fsl_clock.o
    0x000014fc   0x000014fc   0x0000004c   Code   RO          416    i.CLOCK_GetAdcClkFreq  fsl_clock.o
    0x00001548   0x00001548   0x00000030   Code   RO          417    i.CLOCK_GetAsyncApbClkFreq  fsl_clock.o
    0x00001578   0x00001578   0x0000000c   Code   RO          422    i.CLOCK_GetAudioPllOutFreq  fsl_clock.o
    0x00001584   0x00001584   0x00000078   Code   RO          423    i.CLOCK_GetClockOutClkFreq  fsl_clock.o
    0x000015fc   0x000015fc   0x0000007c   Code   RO          424    i.CLOCK_GetCoreSysClkFreq  fsl_clock.o
    0x00001678   0x00001678   0x00000008   Code   RO          425    i.CLOCK_GetExtClkFreq  fsl_clock.o
    0x00001680   0x00001680   0x0000005c   Code   RO          427    i.CLOCK_GetFlexCommClkFreq  fsl_clock.o
    0x000016dc   0x000016dc   0x000002c8   Code   RO          428    i.CLOCK_GetFreq     fsl_clock.o
    0x000019a4   0x000019a4   0x0000001c   Code   RO          429    i.CLOCK_GetFro12MFreq  fsl_clock.o
    0x000019c0   0x000019c0   0x00000040   Code   RO          430    i.CLOCK_GetFroHfFreq  fsl_clock.o
    0x00001a00   0x00001a00   0x00000004   Code   RO          431    i.CLOCK_GetI2SMClkFreq  fsl_clock.o
    0x00001a04   0x00001a04   0x00000040   Code   RO          432    i.CLOCK_GetLcdClkFreq  fsl_clock.o
    0x00001a44   0x00001a44   0x00000004   Code   RO          433    i.CLOCK_GetLcdClkIn  fsl_clock.o
    0x00001a48   0x00001a48   0x00000040   Code   RO          434    i.CLOCK_GetMclkClkFreq  fsl_clock.o
    0x00001a88   0x00001a88   0x00000006   Code   RO          435    i.CLOCK_GetOsc32KFreq  fsl_clock.o
    0x00001a8e   0x00001a8e   0x00000002   PAD
    0x00001a90   0x00001a90   0x0000000c   Code   RO          437    i.CLOCK_GetPllOutFreq  fsl_clock.o
    0x00001a9c   0x00001a9c   0x0000004c   Code   RO          438    i.CLOCK_GetSctClkFreq  fsl_clock.o
    0x00001ae8   0x00001ae8   0x0000005c   Code   RO          439    i.CLOCK_GetSdioClkFreq  fsl_clock.o
    0x00001b44   0x00001b44   0x0000005c   Code   RO          440    i.CLOCK_GetSpifiClkFreq  fsl_clock.o
    0x00001ba0   0x00001ba0   0x00000040   Code   RO          445    i.CLOCK_GetUsb0ClkFreq  fsl_clock.o
    0x00001be0   0x00001be0   0x00000040   Code   RO          446    i.CLOCK_GetUsb1ClkFreq  fsl_clock.o
    0x00001c20   0x00001c20   0x0000000c   Code   RO          450    i.CLOCK_GetUsbPllOutFreq  fsl_clock.o
    0x00001c2c   0x00001c2c   0x00000040   Code   RO          451    i.CLOCK_GetWdtOscFreq  fsl_clock.o
    0x00001c6c   0x00001c6c   0x00000018   Code   RO          454    i.CLOCK_SetFLASHAccessCycles  fsl_clock.o
    0x00001c84   0x00001c84   0x0000009c   Code   RO          455    i.CLOCK_SetFLASHAccessCyclesForFreq  fsl_clock.o
    0x00001d20   0x00001d20   0x000000d4   Code   RO          457    i.CLOCK_SetPLLFreq  fsl_clock.o
    0x00001df4   0x00001df4   0x000000a8   Code   RO         1671    i.DbgConsole_ConvertRadixNumToString  fsl_debug_console.o
    0x00001e9c   0x00001e9c   0x00000058   Code   RO         1674    i.DbgConsole_Init   fsl_debug_console.o
    0x00001ef4   0x00001ef4   0x00000034   Code   RO         1675    i.DbgConsole_Printf  fsl_debug_console.o
    0x00001f28   0x00001f28   0x0000023a   Code   RO         1676    i.DbgConsole_PrintfFormattedData  fsl_debug_console.o
    0x00002162   0x00002162   0x00000028   Code   RO         1677    i.DbgConsole_PrintfPaddingCharacter  fsl_debug_console.o
    0x0000218a   0x0000218a   0x00000002   PAD
    0x0000218c   0x0000218c   0x00000024   Code   RO         1678    i.DbgConsole_Putchar  fsl_debug_console.o
    0x000021b0   0x000021b0   0x00000064   Code   RO          982    i.FLEXCOMM0_DriverIRQHandler  fsl_flexcomm.o
    0x00002214   0x00002214   0x0000009c   Code   RO         1368    i.FLEXCOMM0_IRQHandler  can_fd_msgobjs.o
    0x000022b0   0x000022b0   0x00000064   Code   RO          983    i.FLEXCOMM1_DriverIRQHandler  fsl_flexcomm.o
    0x00002314   0x00002314   0x00000064   Code   RO          984    i.FLEXCOMM2_DriverIRQHandler  fsl_flexcomm.o
    0x00002378   0x00002378   0x00000064   Code   RO          985    i.FLEXCOMM3_DriverIRQHandler  fsl_flexcomm.o
    0x000023dc   0x000023dc   0x00000064   Code   RO          986    i.FLEXCOMM4_DriverIRQHandler  fsl_flexcomm.o
    0x00002440   0x00002440   0x00000064   Code   RO          987    i.FLEXCOMM5_DriverIRQHandler  fsl_flexcomm.o
    0x000024a4   0x000024a4   0x00000064   Code   RO          988    i.FLEXCOMM6_DriverIRQHandler  fsl_flexcomm.o
    0x00002508   0x00002508   0x00000064   Code   RO          989    i.FLEXCOMM7_DriverIRQHandler  fsl_flexcomm.o
    0x0000256c   0x0000256c   0x00000064   Code   RO          990    i.FLEXCOMM8_DriverIRQHandler  fsl_flexcomm.o
    0x000025d0   0x000025d0   0x00000064   Code   RO          991    i.FLEXCOMM9_DriverIRQHandler  fsl_flexcomm.o
    0x00002634   0x00002634   0x00000050   Code   RO          992    i.FLEXCOMM_GetInstance  fsl_flexcomm.o
    0x00002684   0x00002684   0x00000054   Code   RO          993    i.FLEXCOMM_Init     fsl_flexcomm.o
    0x000026d8   0x000026d8   0x0000003a   Code   RO          994    i.FLEXCOMM_PeripheralIsPresent  fsl_flexcomm.o
    0x00002712   0x00002712   0x00000044   Code   RO          996    i.FLEXCOMM_SetPeriph  fsl_flexcomm.o
    0x00002756   0x00002756   0x00000054   Code   RO         1099    i.GPIO_PinInit      fsl_gpio.o
    0x000027aa   0x000027aa   0x0000000a   Code   RO         1369    i.GPIO_TogglePinsOutput  can_fd_msgobjs.o
    0x000027b4   0x000027b4   0x0000000a   Code   RO         1514    i.GPIO_WritePinOutput  board.o
    0x000027be   0x000027be   0x0000000c   Code   RO         1634    i.IOCON_PinMuxSet   pin_mux.o
    0x000027ca   0x000027ca   0x00000016   Code   RO          154    i.NVIC_EnableIRQ    can.o
    0x000027e0   0x000027e0   0x00000014   Code   RO          469    i.POWER_DisablePD   fsl_clock.o
    0x000027f4   0x000027f4   0x00000014   Code   RO         1586    i.POWER_DisablePD   clock_config.o
    0x00002808   0x00002808   0x00000014   Code   RO          470    i.POWER_EnablePD    fsl_clock.o
    0x0000281c   0x0000281c   0x00000020   Code   RO         2849    i.POWER_SetPLL      keil_lib_power.lib(fsl_power_lib.o)
    0x0000283c   0x0000283c   0x00000074   Code   RO         2851    i.POWER_SetVoltageForFreq  keil_lib_power.lib(fsl_power_lib.o)
    0x000028b0   0x000028b0   0x00000014   Code   RO         2853    i.POWER_setVdLevel  keil_lib_power.lib(fsl_power_lib.o)
    0x000028c4   0x000028c4   0x00000080   Code   RO         1189    i.RESET_ClearPeripheralReset  fsl_reset.o
    0x00002944   0x00002944   0x00000012   Code   RO         1190    i.RESET_PeripheralReset  fsl_reset.o
    0x00002956   0x00002956   0x00000002   PAD
    0x00002958   0x00002958   0x00000080   Code   RO         1191    i.RESET_SetPeripheralReset  fsl_reset.o
    0x000029d8   0x000029d8   0x00000034   Code   RO         2768    i.SysTick_Handler   port.o
    0x00002a0c   0x00002a0c   0x00000030   Code   RO            8    i.SystemInit        system_lpc54608.o
    0x00002a3c   0x00002a3c   0x00000058   Code   RO         1226    i.USART_GetDefaultConfig  fsl_usart.o
    0x00002a94   0x00002a94   0x00000138   Code   RO         1228    i.USART_Init        fsl_usart.o
    0x00002bcc   0x00002bcc   0x000000f8   Code   RO         1229    i.USART_ReadBlocking  fsl_usart.o
    0x00002cc4   0x00002cc4   0x000000a8   Code   RO         1371    i.USART_ReceiveData  can_fd_msgobjs.o
    0x00002d6c   0x00002d6c   0x000000f0   Code   RO         1230    i.USART_SetBaudRate  fsl_usart.o
    0x00002e5c   0x00002e5c   0x00000098   Code   RO         1243    i.USART_WriteBlocking  fsl_usart.o
    0x00002ef4   0x00002ef4   0x00000044   Code   RO          860    i.__aeabi_assert    fsl_common.o
    0x00002f38   0x00002f38   0x0000000e   Code   RO         2905    i.__scatterload_copy  mc_w.l(handlers.o)
    0x00002f46   0x00002f46   0x00000002   Code   RO         2906    i.__scatterload_null  mc_w.l(handlers.o)
    0x00002f48   0x00002f48   0x0000000e   Code   RO         2907    i.__scatterload_zeroinit  mc_w.l(handlers.o)
    0x00002f56   0x00002f56   0x00000002   PAD
    0x00002f58   0x00002f58   0x0000022c   Code   RO         1372    i.main              can_fd_msgobjs.o
    0x00003184   0x00003184   0x0000026c   Code   RO         1789    i.obd_Service       obd_can.o
    0x000033f0   0x000033f0   0x00000074   Code   RO         1790    i.obd_Service_KeepAlive  obd_can.o
    0x00003464   0x00003464   0x00000024   Code   RO         1791    i.obd_Service_MsgTrasmit  obd_can.o
    0x00003488   0x00003488   0x00000044   Code   RO         1793    i.obd_can_TxMSG_Standard  obd_can.o
    0x000034cc   0x000034cc   0x00000098   Code   RO         2198    i.prvAddCurrentTaskToDelayedList  tasks.o
    0x00003564   0x00003564   0x000000b8   Code   RO         2199    i.prvAddNewTaskToReadyList  tasks.o
    0x0000361c   0x0000361c   0x00000064   Code   RO         2547    i.prvCheckForValidListAndQueue  timers.o
    0x00003680   0x00003680   0x00000064   Code   RO         2200    i.prvCheckTasksWaitingTermination  tasks.o
    0x000036e4   0x000036e4   0x0000002a   Code   RO         2003    i.prvCopyDataFromQueue  queue.o
    0x0000370e   0x0000370e   0x0000007c   Code   RO         2004    i.prvCopyDataToQueue  queue.o
    0x0000378a   0x0000378a   0x00000012   Code   RO         2201    i.prvDeleteTCB      tasks.o
    0x0000379c   0x0000379c   0x00000028   Code   RO         2548    i.prvGetNextExpireTime  timers.o
    0x000037c4   0x000037c4   0x0000007c   Code   RO         2689    i.prvHeapInit       heap_4.o
    0x00003840   0x00003840   0x00000028   Code   RO         2202    i.prvIdleTask       tasks.o
    0x00003868   0x00003868   0x0000002a   Code   RO         2006    i.prvInitialiseNewQueue  queue.o
    0x00003892   0x00003892   0x000000c8   Code   RO         2203    i.prvInitialiseNewTask  tasks.o
    0x0000395a   0x0000395a   0x00000002   PAD
    0x0000395c   0x0000395c   0x00000068   Code   RO         2204    i.prvInitialiseTaskLists  tasks.o
    0x000039c4   0x000039c4   0x00000068   Code   RO         2690    i.prvInsertBlockIntoFreeList  heap_4.o
    0x00003a2c   0x00003a2c   0x00000058   Code   RO         2550    i.prvInsertTimerInActiveList  timers.o
    0x00003a84   0x00003a84   0x0000001a   Code   RO         2007    i.prvIsQueueEmpty   queue.o
    0x00003a9e   0x00003a9e   0x0000001e   Code   RO         2008    i.prvIsQueueFull    queue.o
    0x00003abc   0x00003abc   0x00000064   Code   RO         2551    i.prvProcessExpiredTimer  timers.o
    0x00003b20   0x00003b20   0x00000124   Code   RO         2552    i.prvProcessReceivedCommands  timers.o
    0x00003c44   0x00003c44   0x00000074   Code   RO         2553    i.prvProcessTimerOrBlockTask  timers.o
    0x00003cb8   0x00003cb8   0x00000034   Code   RO         2206    i.prvResetNextTaskUnblockTime  tasks.o
    0x00003cec   0x00003cec   0x0000002c   Code   RO         2554    i.prvSampleTimeNow  timers.o
    0x00003d18   0x00003d18   0x000000a0   Code   RO         2555    i.prvSwitchTimerLists  timers.o
    0x00003db8   0x00003db8   0x00000040   Code   RO         2769    i.prvTaskExitError  port.o
    0x00003df8   0x00003df8   0x0000001a   Code   RO         2556    i.prvTimerTask      timers.o
    0x00003e12   0x00003e12   0x0000007e   Code   RO         2009    i.prvUnlockQueue    queue.o
    0x00003e90   0x00003e90   0x0000013c   Code   RO         2691    i.pvPortMalloc      heap_4.o
    0x00003fcc   0x00003fcc   0x00000020   Code   RO         2210    i.pvTaskIncrementMutexHeldCount  tasks.o
    0x00003fec   0x00003fec   0x0000002c   Code   RO         2770    i.pxPortInitialiseStack  port.o
    0x00004018   0x00004018   0x00000028   Code   RO         1966    i.uxListRemove      list.o
    0x00004040   0x00004040   0x00000084   Code   RO         1373    i.vLcdTask          can_fd_msgobjs.o
    0x000040c4   0x000040c4   0x0000001a   Code   RO         1967    i.vListInitialise   list.o
    0x000040de   0x000040de   0x00000006   Code   RO         1968    i.vListInitialiseItem  list.o
    0x000040e4   0x000040e4   0x00000034   Code   RO         1969    i.vListInsert       list.o
    0x00004118   0x00004118   0x00000018   Code   RO         1970    i.vListInsertEnd    list.o
    0x00004130   0x00004130   0x00000054   Code   RO         2772    i.vPortEnterCritical  port.o
    0x00004184   0x00004184   0x0000003c   Code   RO         2773    i.vPortExitCritical  port.o
    0x000041c0   0x000041c0   0x00000094   Code   RO         2692    i.vPortFree         heap_4.o
    0x00004254   0x00004254   0x00000024   Code   RO         2738    i.vPortSetupTimerInterrupt  fsl_tickless_rtc.o
    0x00004278   0x00004278   0x00000078   Code   RO         2774    i.vPortValidateInterruptPriority  port.o
    0x000042f0   0x000042f0   0x0000002c   Code   RO         2015    i.vQueueAddToRegistry  queue.o
    0x0000431c   0x0000431c   0x0000004a   Code   RO         2019    i.vQueueWaitForMessageRestricted  queue.o
    0x00004366   0x00004366   0x00000002   PAD
    0x00004368   0x00004368   0x0000005c   Code   RO         2218    i.vTaskDelay        tasks.o
    0x000043c4   0x000043c4   0x0000000c   Code   RO         2223    i.vTaskMissedYield  tasks.o
    0x000043d0   0x000043d0   0x00000038   Code   RO         2225    i.vTaskPlaceOnEventList  tasks.o
    0x00004408   0x00004408   0x00000040   Code   RO         2226    i.vTaskPlaceOnEventListRestricted  tasks.o
    0x00004448   0x00004448   0x000000b0   Code   RO         2228    i.vTaskPriorityInherit  tasks.o
    0x000044f8   0x000044f8   0x00000030   Code   RO         2233    i.vTaskSetTimeOutState  tasks.o
    0x00004528   0x00004528   0x00000094   Code   RO         2234    i.vTaskStartScheduler  tasks.o
    0x000045bc   0x000045bc   0x00000010   Code   RO         2236    i.vTaskSuspendAll   tasks.o
    0x000045cc   0x000045cc   0x0000008c   Code   RO         2237    i.vTaskSwitchContext  tasks.o
    0x00004658   0x00004658   0x000000b0   Code   RO         1374    i.vTouchTask        can_fd_msgobjs.o
    0x00004708   0x00004708   0x0000013c   Code   RO         2775    i.xPortStartScheduler  port.o
    0x00004844   0x00004844   0x00000058   Code   RO         2022    i.xQueueGenericCreate  queue.o
    0x0000489c   0x0000489c   0x000001c4   Code   RO         2023    i.xQueueGenericReceive  queue.o
    0x00004a60   0x00004a60   0x00000098   Code   RO         2024    i.xQueueGenericReset  queue.o
    0x00004af8   0x00004af8   0x000001a8   Code   RO         2025    i.xQueueGenericSend  queue.o
    0x00004ca0   0x00004ca0   0x000000f8   Code   RO         2026    i.xQueueGenericSendFromISR  queue.o
    0x00004d98   0x00004d98   0x0000008c   Code   RO         2238    i.xTaskCheckForTimeOut  tasks.o
    0x00004e24   0x00004e24   0x00000060   Code   RO         2239    i.xTaskCreate       tasks.o
    0x00004e84   0x00004e84   0x00000020   Code   RO         2243    i.xTaskGetSchedulerState  tasks.o
    0x00004ea4   0x00004ea4   0x0000000c   Code   RO         2244    i.xTaskGetTickCount  tasks.o
    0x00004eb0   0x00004eb0   0x0000012c   Code   RO         2246    i.xTaskIncrementTick  tasks.o
    0x00004fdc   0x00004fdc   0x000000c8   Code   RO         2249    i.xTaskPriorityDisinherit  tasks.o
    0x000050a4   0x000050a4   0x00000098   Code   RO         2250    i.xTaskRemoveFromEventList  tasks.o
    0x0000513c   0x0000513c   0x00000104   Code   RO         2252    i.xTaskResumeAll    tasks.o
    0x00005240   0x00005240   0x00000054   Code   RO         2560    i.xTimerCreateTimerTask  timers.o
    0x00005294   0x00005294   0x00000084   Code   RO         2561    i.xTimerGenericCommand  timers.o
    0x00005318   0x00005318   0x00000008   Data   RO          155    .constdata          can.o
    0x00005320   0x00005320   0x0000005c   Data   RO          481    .constdata          fsl_clock.o
    0x0000537c   0x0000537c   0x00000048   Data   RO          998    .constdata          fsl_flexcomm.o
    0x000053c4   0x000053c4   0x00000038   Data   RO         1587    .constdata          clock_config.o
    0x000053fc   0x000053fc   0x00000020   Data   RO         2903    Region$$Table       anon$$obj.o


    Execution Region RW_m_data (Exec base: 0x20000000, Load base: 0x0000541c, Size: 0x00002c64, Max: 0x00027800, ABSOLUTE, COMPRESSED[0x00000094])

    Exec Addr    Load Addr    Size         Type   Attr      Idx    E Section Name        Object

    0x20000000   COMPRESSED   0x00000004   Data   RW           17    .data               system_lpc54608.o
    0x20000004   COMPRESSED   0x0000000c   Data   RW          156    .data               can.o
    0x20000010   COMPRESSED   0x0000000c   Data   RW          482    .data               fsl_clock.o
    0x2000001c   COMPRESSED   0x000000c3   Data   RW         1376    .data               can_fd_msgobjs.o
    0x200000df   COMPRESSED   0x00000002   Data   RW         1516    .data               board.o
    0x200000e1   COMPRESSED   0x00000039   Data   RW         1795    .data               obd_can.o
    0x2000011a   COMPRESSED   0x00000002   PAD
    0x2000011c   COMPRESSED   0x0000003c   Data   RW         2255    .data               tasks.o
    0x20000158   COMPRESSED   0x00000014   Data   RW         2569    .data               timers.o
    0x2000016c   COMPRESSED   0x00000018   Data   RW         2697    .data               heap_4.o
    0x20000184   COMPRESSED   0x0000000c   Data   RW         2776    .data               port.o
    0x20000190        -       0x00000050   Zero   RW          997    .bss                fsl_flexcomm.o
    0x200001e0        -       0x000000b4   Zero   RW         1375    .bss                can_fd_msgobjs.o
    0x20000294        -       0x00000010   Zero   RW         1684    .bss                fsl_debug_console.o
    0x200002a4        -       0x00000090   Zero   RW         1794    .bss                obd_can.o
    0x20000334        -       0x00000040   Zero   RW         2034    .bss                queue.o
    0x20000374        -       0x000000c8   Zero   RW         2254    .bss                tasks.o
    0x2000043c        -       0x00000028   Zero   RW         2568    .bss                timers.o
    0x20000464        -       0x00002800   Zero   RW         2696    .bss                heap_4.o


    Execution Region ARM_LIB_HEAP (Exec base: 0x20002c64, Load base: 0x000054b0, Size: 0x00000400, Max: 0x00000400, ABSOLUTE)

    Exec Addr    Load Addr    Size         Type   Attr      Idx    E Section Name        Object

    0x20002c64        -       0x00000400   Zero   RW            2    ARM_LIB_HEAP.bss    anon$$obj.o


    Execution Region ARM_LIB_STACK (Exec base: 0x20027c00, Load base: 0x000054b0, Size: 0x00000400, Max: 0x00000400, ABSOLUTE)

    Exec Addr    Load Addr    Size         Type   Attr      Idx    E Section Name        Object

    0x20027c00        -       0x00000400   Zero   RW            3    ARM_LIB_STACK.bss   anon$$obj.o



  Load Region LR_m_usb_bdt (Base: 0x40100000, Size: 0x00000000, Max: 0x00000000, ABSOLUTE)

    Execution Region ER_m_usb_bdt (Exec base: 0x40100000, Load base: 0x40100000, Size: 0x00000000, Max: 0x00000000, ABSOLUTE, UNINIT)

    **** No section assigned to this execution region ****



  Load Region LR_m_usb_ram (Base: 0x40100000, Size: 0x00000000, Max: 0x00002000, ABSOLUTE)

    Execution Region ER_m_usb_ram (Exec base: 0x40100000, Load base: 0x40100000, Size: 0x00000000, Max: 0x00002000, ABSOLUTE, UNINIT)

    **** No section assigned to this execution region ****


==============================================================================

Image component sizes


      Code (inc. data)   RO Data    RW Data    ZI Data      Debug   Object Name

       362        106          0          2          0      24586   board.o
      2562         56          8         12          0     608598   can.o
      1238        252          0        195        180      75946   can_fd_msgobjs.o
       124         28         56          0          0       2729   clock_config.o
         0          0          0          0          0       8020   event_groups.o
      2466        250         92         12          0      34451   fsl_clock.o
        68         44          0          0          0        633   fsl_common.o
       954         28          0          0         16      13297   fsl_debug_console.o
      1290        694         72          0         80      21734   fsl_flexcomm.o
        84          0          0          0          0       2003   fsl_gpio.o
       274         96          0          0          0       2300   fsl_reset.o
        36          6          0          0          0        587   fsl_tickless_rtc.o
      1040        336          0          0          0      10689   fsl_usart.o
       692         62          0         24      10240       4583   heap_4.o
       148          0          0          0          0       3394   list.o
       840        110          0         57        144       5264   obd_can.o
       280         12          0          0          0      16413   pin_mux.o
       922         86          0         12          0      10572   port.o
      1872         22          0          0         64      13989   queue.o
       492        236        292          0          0       3572   startup_lpc54608.o
        48         12          0          4          0       5927   system_lpc54608.o
      2826        366          0         60        200      23289   tasks.o
      1182        114          0         20         40      17979   timers.o

    ----------------------------------------------------------------------
     19816       2916        552        400      13012     910555   Object Totals
         0          0         32          0       2048          0   (incl. Generated)
        16          0          0          2          0          0   (incl. Padding)

    ----------------------------------------------------------------------

      Code (inc. data)   RO Data    RW Data    ZI Data      Debug   Library Member Name

       168         20          0          0          0        364   fsl_power_lib.o
        86          0          0          0          0          0   __dczerorl2.o
         0          0          0          0          0          0   entry.o
         0          0          0          0          0          0   entry10a.o
         0          0          0          0          0          0   entry11a.o
         8          4          0          0          0          0   entry4.o
         4          0          0          0          0          0   entry5.o
         0          0          0          0          0          0   entry7b.o
         0          0          0          0          0          0   entry8b.o
         8          4          0          0          0          0   entry9a.o
        30          0          0          0          0          0   handlers.o
        36          8          0          0          0         68   init.o
        36          0          0          0          0         68   memcpya.o
        36          0          0          0          0        108   memseta.o
        14          0          0          0          0         68   strlen.o

    ----------------------------------------------------------------------
       432         36          0          0          0        676   Library Totals
         6          0          0          0          0          0   (incl. Padding)

    ----------------------------------------------------------------------

      Code (inc. data)   RO Data    RW Data    ZI Data      Debug   Library Name

       168         20          0          0          0        364   keil_lib_power.lib
       258         16          0          0          0        312   mc_w.l

    ----------------------------------------------------------------------
       432         36          0          0          0        676   Library Totals

    ----------------------------------------------------------------------

==============================================================================


      Code (inc. data)   RO Data    RW Data    ZI Data      Debug   

     20248       2952        552        400      13012     894263   Grand Totals
     20248       2952        552        148      13012     894263   ELF Image Totals (compressed)
     20248       2952        552        148          0          0   ROM Totals

==============================================================================

    Total RO  Size (Code + RO Data)                20800 (  20.31kB)
    Total RW  Size (RW Data + ZI Data)             13412 (  13.10kB)
    Total ROM Size (Code + RO Data + RW Data)      20948 (  20.46kB)

==============================================================================

