Component: ARM Compiler 5.06 update 5 (build 528) Tool: armlink [4d35e2]

==============================================================================

Section Cross References

    system_lpc54608.o(i.SystemCoreClockUpdate) refers to system_lpc54608.o(i.getWdtOscFreq) for getWdtOscFreq
    system_lpc54608.o(i.SystemCoreClockUpdate) refers to system_lpc54608.o(i.findPllPreDiv) for findPllPreDiv
    system_lpc54608.o(i.SystemCoreClockUpdate) refers to system_lpc54608.o(i.findPllPostDiv) for findPllPostDiv
    system_lpc54608.o(i.SystemCoreClockUpdate) refers to system_lpc54608.o(i.findPllMMult) for findPllMMult
    system_lpc54608.o(i.SystemCoreClockUpdate) refers to uldiv.o(.text) for __aeabi_uldivmod
    system_lpc54608.o(i.SystemCoreClockUpdate) refers to system_lpc54608.o(.data) for SystemCoreClock
    system_lpc54608.o(i.SystemInit) refers to startup_lpc54608.o(RESET) for __Vectors
    system_lpc54608.o(i.findPllMMult) refers to system_lpc54608.o(i.pllDecodeM) for pllDecodeM
    system_lpc54608.o(i.findPllPostDiv) refers to system_lpc54608.o(i.pllDecodeP) for pllDecodeP
    system_lpc54608.o(i.findPllPreDiv) refers to system_lpc54608.o(i.pllDecodeN) for pllDecodeN
    system_lpc54608.o(i.getWdtOscFreq) refers to system_lpc54608.o(.constdata) for wdtFreqLookup
    startup_lpc54608.o(RESET) refers to startup_lpc54608.o(.text) for Reset_Handler
    startup_lpc54608.o(RESET) refers to port.o(.emb_text) for SVC_Handler
    startup_lpc54608.o(RESET) refers to port.o(i.SysTick_Handler) for SysTick_Handler
    startup_lpc54608.o(RESET) refers to can_fd_msgobjs.o(i.FLEXCOMM0_IRQHandler) for FLEXCOMM0_IRQHandler
    startup_lpc54608.o(.text) refers to system_lpc54608.o(i.SystemInit) for SystemInit
    startup_lpc54608.o(.text) refers to entry.o(.ARM.Collect$$$$00000000) for __main
    startup_lpc54608.o(.text) refers to fsl_flexcomm.o(i.FLEXCOMM0_DriverIRQHandler) for FLEXCOMM0_DriverIRQHandler
    startup_lpc54608.o(.text) refers to fsl_flexcomm.o(i.FLEXCOMM1_DriverIRQHandler) for FLEXCOMM1_DriverIRQHandler
    startup_lpc54608.o(.text) refers to fsl_flexcomm.o(i.FLEXCOMM2_DriverIRQHandler) for FLEXCOMM2_DriverIRQHandler
    startup_lpc54608.o(.text) refers to fsl_flexcomm.o(i.FLEXCOMM3_DriverIRQHandler) for FLEXCOMM3_DriverIRQHandler
    startup_lpc54608.o(.text) refers to fsl_flexcomm.o(i.FLEXCOMM4_DriverIRQHandler) for FLEXCOMM4_DriverIRQHandler
    startup_lpc54608.o(.text) refers to fsl_flexcomm.o(i.FLEXCOMM5_DriverIRQHandler) for FLEXCOMM5_DriverIRQHandler
    startup_lpc54608.o(.text) refers to fsl_flexcomm.o(i.FLEXCOMM6_DriverIRQHandler) for FLEXCOMM6_DriverIRQHandler
    startup_lpc54608.o(.text) refers to fsl_flexcomm.o(i.FLEXCOMM7_DriverIRQHandler) for FLEXCOMM7_DriverIRQHandler
    startup_lpc54608.o(.text) refers to fsl_flexcomm.o(i.FLEXCOMM8_DriverIRQHandler) for FLEXCOMM8_DriverIRQHandler
    startup_lpc54608.o(.text) refers to fsl_flexcomm.o(i.FLEXCOMM9_DriverIRQHandler) for FLEXCOMM9_DriverIRQHandler
    startup_lpc54608.o(.text) refers to can.o(i.CAN0_IRQ0_DriverIRQHandler) for CAN0_IRQ0_DriverIRQHandler
    startup_lpc54608.o(.text) refers to can.o(i.CAN1_IRQ0_DriverIRQHandler) for CAN1_IRQ0_DriverIRQHandler
    can.o(i.CAN0_IRQ0_DriverIRQHandler) refers to can.o(i.CAN_TransferHandleIRQ) for CAN_TransferHandleIRQ
    can.o(i.CAN0_IRQ0_DriverIRQHandler) refers to can.o(.data) for s_canHandle
    can.o(i.CAN1_IRQ0_DriverIRQHandler) refers to can.o(i.CAN_TransferHandleIRQ) for CAN_TransferHandleIRQ
    can.o(i.CAN1_IRQ0_DriverIRQHandler) refers to can.o(.data) for s_canHandle
    can.o(i.CAN_CalculateTimingValues) refers to can.o(i.CAN_GetSegments) for CAN_GetSegments
    can.o(i.CAN_Deinit) refers to can.o(i.CAN_Enable) for CAN_Enable
    can.o(i.CAN_Deinit) refers to can.o(i.CAN_GetInstance) for CAN_GetInstance
    can.o(i.CAN_Deinit) refers to can.o(i.CLOCK_DisableClock) for CLOCK_DisableClock
    can.o(i.CAN_GetDefaultConfig) refers to memseta.o(.text) for __aeabi_memclr4
    can.o(i.CAN_GetInstance) refers to can.o(.constdata) for s_canBases
    can.o(i.CAN_Init) refers to can.o(i.CAN_GetInstance) for CAN_GetInstance
    can.o(i.CAN_Init) refers to can.o(i.CLOCK_EnableClock) for CLOCK_EnableClock
    can.o(i.CAN_Init) refers to fsl_reset.o(i.RESET_PeripheralReset) for RESET_PeripheralReset
    can.o(i.CAN_Init) refers to can.o(i.NVIC_EnableIRQ) for NVIC_EnableIRQ
    can.o(i.CAN_Init) refers to can.o(i.CAN_CalculateTimingValues) for CAN_CalculateTimingValues
    can.o(i.CAN_Init) refers to can.o(i.CAN_SetTimingConfig) for CAN_SetTimingConfig
    can.o(i.CAN_Init) refers to memseta.o(.text) for __aeabi_memclr4
    can.o(i.CAN_Init) refers to can.o(i.CAN_NumberofBytestoFieldSize) for CAN_NumberofBytestoFieldSize
    can.o(i.CAN_Init) refers to can.o(.data) for s_ramOffset
    can.o(i.CAN_ReadRxFifo) refers to can.o(i.CAN_ReadRxMessage) for CAN_ReadRxMessage
    can.o(i.CAN_ReadRxMb) refers to can.o(i.CAN_ReadRxMessage) for CAN_ReadRxMessage
[...]
    i.CLOCK_GetFroHfFreq                     0x00001ca8   Section        0  fsl_clock.o(i.CLOCK_GetFroHfFreq)
    i.CLOCK_GetI2SMClkFreq                   0x00001ce8   Section        0  fsl_clock.o(i.CLOCK_GetI2SMClkFreq)
    i.CLOCK_GetLcdClkFreq                    0x00001cec   Section        0  fsl_clock.o(i.CLOCK_GetLcdClkFreq)
    i.CLOCK_GetLcdClkIn                      0x00001d2c   Section        0  fsl_clock.o(i.CLOCK_GetLcdClkIn)
    i.CLOCK_GetMclkClkFreq                   0x00001d30   Section        0  fsl_clock.o(i.CLOCK_GetMclkClkFreq)
    i.CLOCK_GetOsc32KFreq                    0x00001d70   Section        0  fsl_clock.o(i.CLOCK_GetOsc32KFreq)
    i.CLOCK_GetPllOutFreq                    0x00001d78   Section        0  fsl_clock.o(i.CLOCK_GetPllOutFreq)
    i.CLOCK_GetSctClkFreq                    0x00001d84   Section        0  fsl_clock.o(i.CLOCK_GetSctClkFreq)
    i.CLOCK_GetSdioClkFreq                   0x00001dd0   Section        0  fsl_clock.o(i.CLOCK_GetSdioClkFreq)
    i.CLOCK_GetSpifiClkFreq                  0x00001e2c   Section        0  fsl_clock.o(i.CLOCK_GetSpifiClkFreq)
    i.CLOCK_GetUsb0ClkFreq                   0x00001e88   Section        0  fsl_clock.o(i.CLOCK_GetUsb0ClkFreq)
    i.CLOCK_GetUsb1ClkFreq                   0x00001ec8   Section        0  fsl_clock.o(i.CLOCK_GetUsb1ClkFreq)
    i.CLOCK_GetUsbPllOutFreq                 0x00001f08   Section        0  fsl_clock.o(i.CLOCK_GetUsbPllOutFreq)
    i.CLOCK_GetWdtOscFreq                    0x00001f14   Section        0  fsl_clock.o(i.CLOCK_GetWdtOscFreq)
    i.CLOCK_SetClkDiv                        0x00001f54   Section        0  fsl_clock.o(i.CLOCK_SetClkDiv)
    i.CLOCK_SetFLASHAccessCycles             0x00001f7c   Section        0  fsl_clock.o(i.CLOCK_SetFLASHAccessCycles)
    CLOCK_SetFLASHAccessCycles               0x00001f7d   Thumb Code    18  fsl_clock.o(i.CLOCK_SetFLASHAccessCycles)
    i.CLOCK_SetFLASHAccessCyclesForFreq      0x00001f94   Section        0  fsl_clock.o(i.CLOCK_SetFLASHAccessCyclesForFreq)
    i.CLOCK_SetPLLFreq                       0x00002030   Section        0  fsl_clock.o(i.CLOCK_SetPLLFreq)
    i.DbgConsole_ConvertRadixNumToString     0x00002104   Section        0  fsl_debug_console.o(i.DbgConsole_ConvertRadixNumToString)
    DbgConsole_ConvertRadixNumToString       0x00002105   Thumb Code   168  fsl_debug_console.o(i.DbgConsole_ConvertRadixNumToString)
    i.DbgConsole_Init                        0x000021ac   Section        0  fsl_debug_console.o(i.DbgConsole_Init)
    i.DbgConsole_Printf                      0x00002204   Section        0  fsl_debug_console.o(i.DbgConsole_Printf)
    i.DbgConsole_PrintfFormattedData         0x00002238   Section        0  fsl_debug_console.o(i.DbgConsole_PrintfFormattedData)
    DbgConsole_PrintfFormattedData           0x00002239   Thumb Code   570  fsl_debug_console.o(i.DbgConsole_PrintfFormattedData)
    i.DbgConsole_PrintfPaddingCharacter      0x00002472   Section        0  fsl_debug_console.o(i.DbgConsole_PrintfPaddingCharacter)
    DbgConsole_PrintfPaddingCharacter        0x00002473   Thumb Code    40  fsl_debug_console.o(i.DbgConsole_PrintfPaddingCharacter)
    i.DbgConsole_Putchar                     0x0000249c   Section        0  fsl_debug_console.o(i.DbgConsole_Putchar)
    i.FLEXCOMM0_DriverIRQHandler             0x000024c0   Section        0  fsl_flexcomm.o(i.FLEXCOMM0_DriverIRQHandler)
    i.FLEXCOMM0_IRQHandler                   0x00002524   Section        0  can_fd_msgobjs.o(i.FLEXCOMM0_IRQHandler)
    i.FLEXCOMM1_DriverIRQHandler             0x000025f8   Section        0  fsl_flexcomm.o(i.FLEXCOMM1_DriverIRQHandler)
    i.FLEXCOMM2_DriverIRQHandler             0x0000265c   Section        0  fsl_flexcomm.o(i.FLEXCOMM2_DriverIRQHandler)
    i.FLEXCOMM3_DriverIRQHandler             0x000026c0   Section        0  fsl_flexcomm.o(i.FLEXCOMM3_DriverIRQHandler)
    i.FLEXCOMM4_DriverIRQHandler             0x00002724   Section        0  fsl_flexcomm.o(i.FLEXCOMM4_DriverIRQHandler)
    i.FLEXCOMM5_DriverIRQHandler             0x00002788   Section        0  fsl_flexcomm.o(i.FLEXCOMM5_DriverIRQHandler)
    i.FLEXCOMM6_DriverIRQHandler             0x000027ec   Section        0  fsl_flexcomm.o(i.FLEXCOMM6_DriverIRQHandler)
    i.FLEXCOMM7_DriverIRQHandler             0x00002850   Section        0  fsl_flexcomm.o(i.FLEXCOMM7_DriverIRQHandler)
    i.FLEXCOMM8_DriverIRQHandler             0x000028b4   Section        0  fsl_flexcomm.o(i.FLEXCOMM8_DriverIRQHandler)
    i.FLEXCOMM9_DriverIRQHandler             0x00002918   Section        0  fsl_flexcomm.o(i.FLEXCOMM9_DriverIRQHandler)
    i.FLEXCOMM_GetInstance                   0x0000297c   Section        0  fsl_flexcomm.o(i.FLEXCOMM_GetInstance)
    i.FLEXCOMM_Init                          0x000029cc   Section        0  fsl_flexcomm.o(i.FLEXCOMM_Init)
    i.FLEXCOMM_PeripheralIsPresent           0x00002a20   Section        0  fsl_flexcomm.o(i.FLEXCOMM_PeripheralIsPresent)
    FLEXCOMM_PeripheralIsPresent             0x00002a21   Thumb Code    58  fsl_flexcomm.o(i.FLEXCOMM_PeripheralIsPresent)
    i.FLEXCOMM_SetPeriph                     0x00002a5a   Section        0  fsl_flexcomm.o(i.FLEXCOMM_SetPeriph)
    i.GPIO_PinInit                           0x00002a9e   Section        0  fsl_gpio.o(i.GPIO_PinInit)
    i.GPIO_WritePinOutput                    0x00002af2   Section        0  board.o(i.GPIO_WritePinOutput)
    GPIO_WritePinOutput                      0x00002af3   Thumb Code    10  board.o(i.GPIO_WritePinOutput)
    i.IOCON_PinMuxSet                        0x00002afc   Section        0  pin_mux.o(i.IOCON_PinMuxSet)
    IOCON_PinMuxSet                          0x00002afd   Thumb Code    12  pin_mux.o(i.IOCON_PinMuxSet)
    i.NVIC_EnableIRQ                         0x00002b08   Section        0  can.o(i.NVIC_EnableIRQ)
    NVIC_EnableIRQ                           0x00002b09   Thumb Code    22  can.o(i.NVIC_EnableIRQ)
    i.POWER_DisablePD                        0x00002b20   Section        0  fsl_clock.o(i.POWER_DisablePD)
    POWER_DisablePD                          0x00002b21   Thumb Code    14  fsl_clock.o(i.POWER_DisablePD)
    i.POWER_DisablePD                        0x00002b34   Section        0  clock_config.o(i.POWER_DisablePD)
    POWER_DisablePD                          0x00002b35   Thumb Code    14  clock_config.o(i.POWER_DisablePD)
    i.POWER_EnablePD                         0x00002b48   Section        0  fsl_clock.o(i.POWER_EnablePD)
    POWER_EnablePD                           0x00002b49   Thumb Code    14  fsl_clock.o(i.POWER_EnablePD)
    i.POWER_SetPLL                           0x00002b5c   Section        0  fsl_power_lib.o(i.POWER_SetPLL)
    i.POWER_SetVoltageForFreq                0x00002b7c   Section        0  fsl_power_lib.o(i.POWER_SetVoltageForFreq)
    i.POWER_setVdLevel                       0x00002bf0   Section        0  fsl_power_lib.o(i.POWER_setVdLevel)
    i.RESET_ClearPeripheralReset             0x00002c04   Section        0  fsl_reset.o(i.RESET_ClearPeripheralReset)
    i.RESET_PeripheralReset                  0x00002c84   Section        0  fsl_reset.o(i.RESET_PeripheralReset)
    i.RESET_SetPeripheralReset               0x00002c98   Section        0  fsl_reset.o(i.RESET_SetPeripheralReset)
    i.SysTick_Handler                        0x00002d18   Section        0  port.o(i.SysTick_Handler)
    i.SystemInit                             0x00002d4c   Section        0  system_lpc54608.o(i.SystemInit)
    i.USART_GetDefaultConfig                 0x00002d7c   Section        0  fsl_usart.o(i.USART_GetDefaultConfig)
    i.USART_Init                             0x00002dd4   Section        0  fsl_usart.o(i.USART_Init)
    i.USART_ReadBlocking                     0x00002f0c   Section        0  fsl_usart.o(i.USART_ReadBlocking)
    i.USART_SetBaudRate                      0x00003004   Section        0  fsl_usart.o(i.USART_SetBaudRate)
    i.USART_WriteBlocking                    0x000030f4   Section        0  fsl_usart.o(i.USART_WriteBlocking)
    i.__aeabi_assert                         0x0000318c   Section        0  fsl_common.o(i.__aeabi_assert)
    i.__scatterload_copy                     0x000031d0   Section       14  handlers.o(i.__scatterload_copy)
    i.__scatterload_null                     0x000031de   Section        2  handlers.o(i.__scatterload_null)
    i.__scatterload_zeroinit                 0x000031e0   Section       14  handlers.o(i.__scatterload_zeroinit)
    i.main                                   0x000031f0   Section        0  can_fd_msgobjs.o(i.main)
    i.obd_Service_KeepAlive                  0x00003348   Section        0  obd_can.o(i.obd_Service_KeepAlive)
    i.obd_Service_MsgTrasmit                 0x000033b4   Section        0  obd_can.o(i.obd_Service_MsgTrasmit)
    i.obd_can_TxMSG_Pack                     0x000033c8   Section        0  obd_can.o(i.obd_can_TxMSG_Pack)
    i.obd_can_TxMSG_Standard                 0x0000344c   Section        0  obd_can.o(i.obd_can_TxMSG_Standard)
    i.prvAddCurrentTaskToDelayedList         0x00003490   Section        0  tasks.o(i.prvAddCurrentTaskToDelayedList)
    prvAddCurrentTaskToDelayedList           0x00003491   Thumb Code   124  tasks.o(i.prvAddCurrentTaskToDelayedList)
    i.prvAddNewTaskToReadyList               0x00003528   Section        0  tasks.o(i.prvAddNewTaskToReadyList)
    prvAddNewTaskToReadyList                 0x00003529   Thumb Code   156  tasks.o(i.prvAddNewTaskToReadyList)
    i.prvCheckForValidListAndQueue           0x000035e0   Section        0  timers.o(i.prvCheckForValidListAndQueue)
    prvCheckForValidListAndQueue             0x000035e1   Thumb Code    72  timers.o(i.prvCheckForValidListAndQueue)
    i.prvCheckTasksWaitingTermination        0x00003644   Section        0  tasks.o(i.prvCheckTasksWaitingTermination)
    prvCheckTasksWaitingTermination          0x00003645   Thumb Code    86  tasks.o(i.prvCheckTasksWaitingTermination)
    i.prvCopyDataFromQueue                   0x000036a8   Section        0  queue.o(i.prvCopyDataFromQueue)
    prvCopyDataFromQueue                     0x000036a9   Thumb Code    42  queue.o(i.prvCopyDataFromQueue)
    i.prvCopyDataToQueue                     0x000036d2   Section        0  queue.o(i.prvCopyDataToQueue)
    prvCopyDataToQueue                       0x000036d3   Thumb Code   124  queue.o(i.prvCopyDataToQueue)
    i.prvDeleteTCB                           0x0000374e   Section        0  tasks.o(i.prvDeleteTCB)
    prvDeleteTCB                             0x0000374f   Thumb Code    18  tasks.o(i.prvDeleteTCB)
    i.prvGetNextExpireTime                   0x00003760   Section        0  timers.o(i.prvGetNextExpireTime)
    prvGetNextExpireTime                     0x00003761   Thumb Code    36  timers.o(i.prvGetNextExpireTime)
    i.prvHeapInit                            0x00003788   Section        0  heap_4.o(i.prvHeapInit)
    prvHeapInit                              0x00003789   Thumb Code    98  heap_4.o(i.prvHeapInit)
    i.prvIdleTask                            0x00003804   Section        0  tasks.o(i.prvIdleTask)
    prvIdleTask                              0x00003805   Thumb Code    32  tasks.o(i.prvIdleTask)
    i.prvInitialiseNewQueue                  0x0000382c   Section        0  queue.o(i.prvInitialiseNewQueue)
    prvInitialiseNewQueue                    0x0000382d   Thumb Code    42  queue.o(i.prvInitialiseNewQueue)
    i.prvInitialiseNewTask                   0x00003856   Section        0  tasks.o(i.prvInitialiseNewTask)
    prvInitialiseNewTask                     0x00003857   Thumb Code   200  tasks.o(i.prvInitialiseNewTask)
    i.prvInitialiseTaskLists                 0x00003920   Section        0  tasks.o(i.prvInitialiseTaskLists)
    prvInitialiseTaskLists                   0x00003921   Thumb Code    70  tasks.o(i.prvInitialiseTaskLists)
    i.prvInsertBlockIntoFreeList             0x00003988   Section        0  heap_4.o(i.prvInsertBlockIntoFreeList)
    prvInsertBlockIntoFreeList               0x00003989   Thumb Code    96  heap_4.o(i.prvInsertBlockIntoFreeList)
    i.prvInsertTimerInActiveList             0x000039f0   Section        0  timers.o(i.prvInsertTimerInActiveList)
    prvInsertTimerInActiveList               0x000039f1   Thumb Code    80  timers.o(i.prvInsertTimerInActiveList)
    i.prvIsQueueEmpty                        0x00003a48   Section        0  queue.o(i.prvIsQueueEmpty)
    prvIsQueueEmpty                          0x00003a49   Thumb Code    26  queue.o(i.prvIsQueueEmpty)
    i.prvIsQueueFull                         0x00003a62   Section        0  queue.o(i.prvIsQueueFull)
    prvIsQueueFull                           0x00003a63   Thumb Code    30  queue.o(i.prvIsQueueFull)
    i.prvProcessExpiredTimer                 0x00003a80   Section        0  timers.o(i.prvProcessExpiredTimer)
    prvProcessExpiredTimer                   0x00003a81   Thumb Code    94  timers.o(i.prvProcessExpiredTimer)
    i.prvProcessReceivedCommands             0x00003ae4   Section        0  timers.o(i.prvProcessReceivedCommands)
    prvProcessReceivedCommands               0x00003ae5   Thumb Code   286  timers.o(i.prvProcessReceivedCommands)
    i.prvProcessTimerOrBlockTask             0x00003c08   Section        0  timers.o(i.prvProcessTimerOrBlockTask)
    prvProcessTimerOrBlockTask               0x00003c09   Thumb Code   102  timers.o(i.prvProcessTimerOrBlockTask)
    i.prvResetNextTaskUnblockTime            0x00003c7c   Section        0  tasks.o(i.prvResetNextTaskUnblockTime)
    prvResetNextTaskUnblockTime              0x00003c7d   Thumb Code    42  tasks.o(i.prvResetNextTaskUnblockTime)
    i.prvSampleTimeNow                       0x00003cb0   Section        0  timers.o(i.prvSampleTimeNow)
    prvSampleTimeNow                         0x00003cb1   Thumb Code    40  timers.o(i.prvSampleTimeNow)
    i.prvSwitchTimerLists                    0x00003cdc   Section        0  timers.o(i.prvSwitchTimerLists)
    prvSwitchTimerLists                      0x00003cdd   Thumb Code   150  timers.o(i.prvSwitchTimerLists)
    i.prvTaskExitError                       0x00003d7c   Section        0  port.o(i.prvTaskExitError)
    prvTaskExitError                         0x00003d7d   Thumb Code    60  port.o(i.prvTaskExitError)
    i.prvTimerTask                           0x00003dbc   Section        0  timers.o(i.prvTimerTask)
    prvTimerTask                             0x00003dbd   Thumb Code    26  timers.o(i.prvTimerTask)
    i.prvUnlockQueue                         0x00003dd6   Section        0  queue.o(i.prvUnlockQueue)
    prvUnlockQueue                           0x00003dd7   Thumb Code   126  queue.o(i.prvUnlockQueue)
    i.pvPortMalloc                           0x00003e54   Section        0  heap_4.o(i.pvPortMalloc)
    i.pvTaskIncrementMutexHeldCount          0x00003f90   Section        0  tasks.o(i.pvTaskIncrementMutexHeldCount)
    i.pxPortInitialiseStack                  0x00003fb0   Section        0  port.o(i.pxPortInitialiseStack)
    i.uxListRemove                           0x00003fdc   Section        0  list.o(i.uxListRemove)
    i.vLcdTask                               0x00004004   Section        0  can_fd_msgobjs.o(i.vLcdTask)
    vLcdTask                                 0x00004005   Thumb Code   382  can_fd_msgobjs.o(i.vLcdTask)
    i.vListInitialise                        0x000041ac   Section        0  list.o(i.vListInitialise)
    i.vListInitialiseItem                    0x000041c6   Section        0  list.o(i.vListInitialiseItem)
    i.vListInsert                            0x000041cc   Section        0  list.o(i.vListInsert)
    i.vListInsertEnd                         0x00004200   Section        0  list.o(i.vListInsertEnd)
    i.vPortEnterCritical                     0x00004218   Section        0  port.o(i.vPortEnterCritical)
    i.vPortExitCritical                      0x0000426c   Section        0  port.o(i.vPortExitCritical)
    i.vPortFree                              0x000042a8   Section        0  heap_4.o(i.vPortFree)
    i.vPortSetupTimerInterrupt               0x0000433c   Section        0  fsl_tickless_rtc.o(i.vPortSetupTimerInterrupt)
    i.vPortValidateInterruptPriority         0x00004360   Section        0  port.o(i.vPortValidateInterruptPriority)
    i.vQueueAddToRegistry                    0x000043d8   Section        0  queue.o(i.vQueueAddToRegistry)
    i.vQueueWaitForMessageRestricted         0x00004404   Section        0  queue.o(i.vQueueWaitForMessageRestricted)
    i.vTaskDelay                             0x00004450   Section        0  tasks.o(i.vTaskDelay)
    i.vTaskMissedYield                       0x000044ac   Section        0  tasks.o(i.vTaskMissedYield)
    i.vTaskPlaceOnEventList                  0x000044b8   Section        0  tasks.o(i.vTaskPlaceOnEventList)
    i.vTaskPlaceOnEventListRestricted        0x000044f0   Section        0  tasks.o(i.vTaskPlaceOnEventListRestricted)
    i.vTaskPriorityInherit                   0x00004530   Section        0  tasks.o(i.vTaskPriorityInherit)
    i.vTaskSetTimeOutState                   0x000045e0   Section        0  tasks.o(i.vTaskSetTimeOutState)
    i.vTaskStartScheduler                    0x00004610   Section        0  tasks.o(i.vTaskStartScheduler)
    i.vTaskSuspendAll                        0x000046a4   Section        0  tasks.o(i.vTaskSuspendAll)
    i.vTaskSwitchContext                     0x000046b4   Section        0  tasks.o(i.vTaskSwitchContext)
    i.vTask_UsartReceive_Detection           0x00004740   Section        0  can_fd_msgobjs.o(i.vTask_UsartReceive_Detection)
    i.vTask_UsartReceive_UnPack              0x000047b4   Section        0  can_fd_msgobjs.o(i.vTask_UsartReceive_UnPack)
    i.vTouchTask                             0x000048f4   Section        0  can_fd_msgobjs.o(i.vTouchTask)
    vTouchTask                               0x000048f5   Thumb Code    94  can_fd_msgobjs.o(i.vTouchTask)
    i.xPortStartScheduler                    0x00004964   Section        0  port.o(i.xPortStartScheduler)
    i.xQueueGenericCreate                    0x00004aa0   Section        0  queue.o(i.xQueueGenericCreate)
    i.xQueueGenericReceive                   0x00004af8   Section        0  queue.o(i.xQueueGenericReceive)
    i.xQueueGenericReset                     0x00004cbc   Section        0  queue.o(i.xQueueGenericReset)
    i.xQueueGenericSend                      0x00004d54   Section        0  queue.o(i.xQueueGenericSend)
    i.xQueueGenericSendFromISR               0x00004efc   Section        0  queue.o(i.xQueueGenericSendFromISR)
    i.xTaskCheckForTimeOut                   0x00004ff4   Section        0  tasks.o(i.xTaskCheckForTimeOut)
    i.xTaskCreate                            0x00005080   Section        0  tasks.o(i.xTaskCreate)
    i.xTaskGetSchedulerState                 0x000050e0   Section        0  tasks.o(i.xTaskGetSchedulerState)
    i.xTaskGetTickCount                      0x00005100   Section        0  tasks.o(i.xTaskGetTickCount)
    i.xTaskIncrementTick                     0x0000510c   Section        0  tasks.o(i.xTaskIncrementTick)
    i.xTaskPriorityDisinherit                0x00005238   Section        0  tasks.o(i.xTaskPriorityDisinherit)
    i.xTaskRemoveFromEventList               0x00005300   Section        0  tasks.o(i.xTaskRemoveFromEventList)
    i.xTaskResumeAll                         0x00005398   Section        0  tasks.o(i.xTaskResumeAll)
    i.xTimerCreateTimerTask                  0x0000549c   Section        0  timers.o(i.xTimerCreateTimerTask)
    i.xTimerGenericCommand                   0x000054f0   Section        0  timers.o(i.xTimerGenericCommand)
    .constdata                               0x00005574   Section        8  can.o(.constdata)
    s_canBases                               0x00005574   Data           8  can.o(.constdata)
    .constdata                               0x0000557c   Section       92  fsl_clock.o(.constdata)
    wdtFreqLookup                            0x00005588   Data          32  fsl_clock.o(.constdata)
    .constdata                               0x000055d8   Section       72  fsl_flexcomm.o(.constdata)
    s_flexcommBaseAddrs                      0x000055e4   Data          40  fsl_flexcomm.o(.constdata)
    s_flexcommClocks                         0x0000560c   Data          20  fsl_flexcomm.o(.constdata)
    .constdata                               0x00005620   Section       56  clock_config.o(.constdata)
    .data                                    0x20000000   Section        4  system_lpc54608.o(.data)
    .data                                    0x20000004   Section       12  can.o(.data)
    s_canHandle                              0x20000004   Data           8  can.o(.data)
    s_ramOffset                              0x2000000c   Data           2  can.o(.data)
    s_rxFIFOSize                             0x2000000e   Data           2  can.o(.data)
    .data                                    0x20000010   Section       12  fsl_clock.o(.data)
    s_Pll_Freq                               0x20000010   Data           4  fsl_clock.o(.data)
    s_Usb_Pll_Freq                           0x20000014   Data           4  fsl_clock.o(.data)
    s_Audio_Pll_Freq                         0x20000018   Data           4  fsl_clock.o(.data)
    .data                                    0x2000001c   Section      248  can_fd_msgobjs.o(.data)
    gTimCnt                                  0x20000028   Data           4  can_fd_msgobjs.o(.data)
    gTimCnt_old                              0x2000002c   Data           4  can_fd_msgobjs.o(.data)
    KeepAlive_PERIOD_flag_interrupt          0x20000030   Data           1  can_fd_msgobjs.o(.data)
    .data                                    0x20000114   Section        2  board.o(.data)
    .data                                    0x20000116   Section       38  obd_control.o(.data)
    .data                                    0x2000013c   Section       60  tasks.o(.data)
    pxDelayedTaskList                        0x20000140   Data           4  tasks.o(.data)
    pxOverflowDelayedTaskList                0x20000144   Data           4  tasks.o(.data)
    uxDeletedTasksWaitingCleanUp             0x20000148   Data           4  tasks.o(.data)
    uxCurrentNumberOfTasks                   0x2000014c   Data           4  tasks.o(.data)
    xTickCount                               0x20000150   Data           4  tasks.o(.data)
    uxTopReadyPriority                       0x20000154   Data           4  tasks.o(.data)
    xSchedulerRunning                        0x20000158   Data           4  tasks.o(.data)
    uxPendedTicks                            0x2000015c   Data           4  tasks.o(.data)
    xYieldPending                            0x20000160   Data           4  tasks.o(.data)
    xNumOfOverflows                          0x20000164   Data           4  tasks.o(.data)
    uxTaskNumber                             0x20000168   Data           4  tasks.o(.data)
    xNextTaskUnblockTime                     0x2000016c   Data           4  tasks.o(.data)
    xIdleTaskHandle                          0x20000170   Data           4  tasks.o(.data)
    uxSchedulerSuspended                     0x20000174   Data           4  tasks.o(.data)
    .data                                    0x20000178   Section       20  timers.o(.data)
    pxCurrentTimerList                       0x20000178   Data           4  timers.o(.data)
    pxOverflowTimerList                      0x2000017c   Data           4  timers.o(.data)
    xTimerQueue                              0x20000180   Data           4  timers.o(.data)
    xTimerTaskHandle                         0x20000184   Data           4  timers.o(.data)
    xLastTime                                0x20000188   Data           4  timers.o(.data)
    .data                                    0x2000018c   Section       24  heap_4.o(.data)
    xStart                                   0x2000018c   Data           8  heap_4.o(.data)
    pxEnd                                    0x20000194   Data           4  heap_4.o(.data)
    xFreeBytesRemaining                      0x20000198   Data           4  heap_4.o(.data)
    xMinimumEverFreeBytesRemaining           0x2000019c   Data           4  heap_4.o(.data)
    xBlockAllocatedBit                       0x200001a0   Data           4  heap_4.o(.data)
    .data                                    0x200001a4   Section       12  port.o(.data)
    uxCriticalNesting                        0x200001a4   Data           4  port.o(.data)
    ucMaxSysCallPriority                     0x200001a8   Data           1  port.o(.data)
    ulMaxPRIGROUPValue                       0x200001ac   Data           4  port.o(.data)
    .bss                                     0x200001b0   Section       80  fsl_flexcomm.o(.bss)
    s_flexcommIrqHandler                     0x200001b0   Data          40  fsl_flexcomm.o(.bss)
    s_flexcommHandle                         0x200001d8   Data          40  fsl_flexcomm.o(.bss)
    .bss                                     0x20000200   Section      632  can_fd_msgobjs.o(.bss)
    .bss                                     0x20000478   Section       16  fsl_debug_console.o(.bss)
    s_debugConsole                           0x20000478   Data          16  fsl_debug_console.o(.bss)
    .bss                                     0x20000488   Section      144  obd_can.o(.bss)
    .bss                                     0x20000518   Section       64  queue.o(.bss)
    .bss                                     0x20000558   Section      200  tasks.o(.bss)
    pxReadyTasksLists                        0x20000558   Data         100  tasks.o(.bss)
    xDelayedTaskList1                        0x200005bc   Data          20  tasks.o(.bss)
    xDelayedTaskList2                        0x200005d0   Data          20  tasks.o(.bss)
    xPendingReadyList                        0x200005e4   Data          20  tasks.o(.bss)
    xTasksWaitingTermination                 0x200005f8   Data          20  tasks.o(.bss)
    xSuspendedTaskList                       0x2000060c   Data          20  tasks.o(.bss)
    .bss                                     0x20000620   Section       40  timers.o(.bss)
    xActiveTimerList1                        0x20000620   Data          20  timers.o(.bss)
    xActiveTimerList2                        0x20000634   Data          20  timers.o(.bss)
    .bss                                     0x20000648   Section    10240  heap_4.o(.bss)
    ucHeap                                   0x20000648   Data       10240  heap_4.o(.bss)

    Global Symbols

    Symbol Name                              Value     Ov Type        Size  Object(Section)

    BuildAttributes$$THM_ISAv4$E$P$D$K$B$S$7EM$VFPi3$EXTD16$VFPS$VFMA$PE$A:L22UL41UL21$X:L11$S22US41US21$IEEE1$IW$USESV6$~STKCKD$USESV7$~SHL$OSPACE$EBA8$MICROLIB$REQ8$PRES8$EABIv2 0x00000000   Number         0  anon$$obj.o ABSOLUTE
    Image$$VECTOR_RAM$$Base                  0x00000000   Number         0  anon$$obj.o ABSOLUTE
    Image$$VECTOR_ROM$$Base                  0x00000000   Number         0  anon$$obj.o ABSOLUTE
    __ARM_use_no_argv                        0x00000000   Number         0  can_fd_msgobjs.o ABSOLUTE
    __Vectors                                0x00000000   Data           4  startup_lpc54608.o(RESET)
    __cpp_initialize__aeabi_                  - Undefined Weak Reference
    __cxa_finalize                            - Undefined Weak Reference
    _clock_init                               - Undefined Weak Reference
    _microlib_exit                            - Undefined Weak Reference
    __main                                   0x00000401   Thumb Code     0  entry.o(.ARM.Collect$$$$00000000)
    _main_stk                                0x00000401   Thumb Code     0  entry4.o(.ARM.Collect$$$$00000003)
    _main_scatterload                        0x00000405   Thumb Code     0  entry5.o(.ARM.Collect$$$$00000004)
    __main_after_scatterload                 0x00000409   Thumb Code     0  entry5.o(.ARM.Collect$$$$00000004)
    _main_clock                              0x00000409   Thumb Code     0  entry7b.o(.ARM.Collect$$$$00000008)
    _main_cpp_init                           0x00000409   Thumb Code     0  entry8b.o(.ARM.Collect$$$$0000000A)
    _main_init                               0x00000409   Thumb Code     0  entry9a.o(.ARM.Collect$$$$0000000B)
    __rt_final_cpp                           0x00000411   Thumb Code     0  entry10a.o(.ARM.Collect$$$$0000000D)
    __rt_final_exit                          0x00000411   Thumb Code     0  entry11a.o(.ARM.Collect$$$$0000000F)
    SVC_Handler                              0x00000415   Thumb Code    28  port.o(.emb_text)
    __asm___6_port_c_39a90d8d__prvStartFirstTask 0x00000435   Thumb Code    28  port.o(.emb_text)
    __asm___6_port_c_39a90d8d__prvEnableVFP  0x00000455   Thumb Code    16  port.o(.emb_text)
    PendSV_Handler                           0x00000469   Thumb Code    88  port.o(.emb_text)
    vPortGetIPSR                             0x000004c5   Thumb Code     6  port.o(.emb_text)
    Reset_Handler                            0x000004cd   Thumb Code     8  startup_lpc54608.o(.text)
    NMI_Handler                              0x000004d5   Thumb Code     2  startup_lpc54608.o(.text)
    HardFault_Handler                        0x000004d7   Thumb Code     2  startup_lpc54608.o(.text)
    MemManage_Handler                        0x000004d9   Thumb Code     2  startup_lpc54608.o(.text)
    BusFault_Handler                         0x000004db   Thumb Code     2  startup_lpc54608.o(.text)
    UsageFault_Handler                       0x000004dd   Thumb Code     2  startup_lpc54608.o(.text)
    DebugMon_Handler                         0x000004e1   Thumb Code     2  startup_lpc54608.o(.text)
    WDT_BOD_IRQHandler                       0x000004e7   Thumb Code     4  startup_lpc54608.o(.text)
    DMA0_IRQHandler                          0x000004eb   Thumb Code     4  startup_lpc54608.o(.text)
    GINT0_IRQHandler                         0x000004ef   Thumb Code     4  startup_lpc54608.o(.text)
    GINT1_IRQHandler                         0x000004f3   Thumb Code     4  startup_lpc54608.o(.text)
    PIN_INT0_IRQHandler                      0x000004f7   Thumb Code     4  startup_lpc54608.o(.text)
    PIN_INT1_IRQHandler                      0x000004fb   Thumb Code     4  startup_lpc54608.o(.text)
    PIN_INT2_IRQHandler                      0x000004ff   Thumb Code     4  startup_lpc54608.o(.text)
    PIN_INT3_IRQHandler                      0x00000503   Thumb Code     4  startup_lpc54608.o(.text)
    UTICK0_IRQHandler                        0x00000507   Thumb Code     4  startup_lpc54608.o(.text)
    MRT0_IRQHandler                          0x0000050b   Thumb Code     4  startup_lpc54608.o(.text)
    CTIMER0_IRQHandler                       0x0000050f   Thumb Code     4  startup_lpc54608.o(.text)
    CTIMER1_IRQHandler                       0x00000513   Thumb Code     4  startup_lpc54608.o(.text)
    SCT0_IRQHandler                          0x00000517   Thumb Code     4  startup_lpc54608.o(.text)
    CTIMER3_IRQHandler                       0x0000051b   Thumb Code     4  startup_lpc54608.o(.text)
    FLEXCOMM1_IRQHandler                     0x00000523   Thumb Code     4  startup_lpc54608.o(.text)
    FLEXCOMM2_IRQHandler                     0x00000527   Thumb Code     4  startup_lpc54608.o(.text)
    FLEXCOMM3_IRQHandler                     0x0000052b   Thumb Code     4  startup_lpc54608.o(.text)
    FLEXCOMM4_IRQHandler                     0x0000052f   Thumb Code     4  startup_lpc54608.o(.text)
    FLEXCOMM5_IRQHandler                     0x00000533   Thumb Code     4  startup_lpc54608.o(.text)
    FLEXCOMM6_IRQHandler                     0x00000537   Thumb Code     4  startup_lpc54608.o(.text)
    FLEXCOMM7_IRQHandler                     0x0000053b   Thumb Code     4  startup_lpc54608.o(.text)
    ADC0_SEQA_IRQHandler                     0x0000053f   Thumb Code     4  startup_lpc54608.o(.text)
    ADC0_SEQB_IRQHandler                     0x00000543   Thumb Code     4  startup_lpc54608.o(.text)
    ADC0_THCMP_IRQHandler                    0x00000547   Thumb Code     4  startup_lpc54608.o(.text)
    DMIC0_IRQHandler                         0x0000054b   Thumb Code     4  startup_lpc54608.o(.text)
    HWVAD0_IRQHandler                        0x0000054f   Thumb Code     4  startup_lpc54608.o(.text)
    USB0_NEEDCLK_IRQHandler                  0x00000553   Thumb Code     4  startup_lpc54608.o(.text)
    USB0_IRQHandler                          0x00000557   Thumb Code     4  startup_lpc54608.o(.text)
    RTC_IRQHandler                           0x0000055b   Thumb Code     4  startup_lpc54608.o(.text)
    Reserved46_IRQHandler                    0x0000055f   Thumb Code     4  startup_lpc54608.o(.text)
    Reserved47_IRQHandler                    0x00000563   Thumb Code     4  startup_lpc54608.o(.text)
    PIN_INT4_IRQHandler                      0x00000567   Thumb Code     4  startup_lpc54608.o(.text)
    PIN_INT5_IRQHandler                      0x0000056b   Thumb Code     4  startup_lpc54608.o(.text)
    PIN_INT6_IRQHandler                      0x0000056f   Thumb Code     4  startup_lpc54608.o(.text)
    PIN_INT7_IRQHandler                      0x00000573   Thumb Code     4  startup_lpc54608.o(.text)
    CTIMER2_IRQHandler                       0x00000577   Thumb Code     4  startup_lpc54608.o(.text)
    CTIMER4_IRQHandler                       0x0000057b   Thumb Code     4  startup_lpc54608.o(.text)
    RIT_IRQHandler                           0x0000057f   Thumb Code     4  startup_lpc54608.o(.text)
    SPIFI0_IRQHandler                        0x00000583   Thumb Code     4  startup_lpc54608.o(.text)
    FLEXCOMM8_IRQHandler                     0x00000587   Thumb Code     4  startup_lpc54608.o(.text)
    FLEXCOMM9_IRQHandler                     0x0000058b   Thumb Code     4  startup_lpc54608.o(.text)
    SDIO_IRQHandler                          0x0000058f   Thumb Code     4  startup_lpc54608.o(.text)
    CAN0_IRQ0_IRQHandler                     0x00000593   Thumb Code     4  startup_lpc54608.o(.text)
    CAN0_IRQ1_IRQHandler                     0x00000597   Thumb Code     4  startup_lpc54608.o(.text)
    CAN1_IRQ0_IRQHandler                     0x0000059b   Thumb Code     4  startup_lpc54608.o(.text)
    CAN1_IRQ1_IRQHandler                     0x0000059f   Thumb Code     4  startup_lpc54608.o(.text)
    USB1_IRQHandler                          0x000005a3   Thumb Code     4  startup_lpc54608.o(.text)
    USB1_NEEDCLK_IRQHandler                  0x000005a7   Thumb Code     4  startup_lpc54608.o(.text)
    ETHERNET_IRQHandler                      0x000005ab   Thumb Code     4  startup_lpc54608.o(.text)
    ETHERNET_PMT_IRQHandler                  0x000005af   Thumb Code     4  startup_lpc54608.o(.text)
    ETHERNET_MACLP_IRQHandler                0x000005b3   Thumb Code     4  startup_lpc54608.o(.text)
    EEPROM_IRQHandler                        0x000005b7   Thumb Code     4  startup_lpc54608.o(.text)
    LCD_IRQHandler                           0x000005bb   Thumb Code     4  startup_lpc54608.o(.text)
    SHA_IRQHandler                           0x000005bf   Thumb Code     4  startup_lpc54608.o(.text)
    SMARTCARD0_IRQHandler                    0x000005c3   Thumb Code     4  startup_lpc54608.o(.text)
    SMARTCARD1_IRQHandler                    0x000005c7   Thumb Code     4  startup_lpc54608.o(.text)
    ADC0_SEQA_DriverIRQHandler               0x000005cb   Thumb Code     0  startup_lpc54608.o(.text)
    ADC0_SEQB_DriverIRQHandler               0x000005cb   Thumb Code     0  startup_lpc54608.o(.text)
    ADC0_THCMP_DriverIRQHandler              0x000005cb   Thumb Code     0  startup_lpc54608.o(.text)
    CAN0_IRQ1_DriverIRQHandler               0x000005cb   Thumb Code     0  startup_lpc54608.o(.text)
    CAN1_IRQ1_DriverIRQHandler               0x000005cb   Thumb Code     0  startup_lpc54608.o(.text)
    CTIMER0_DriverIRQHandler                 0x000005cb   Thumb Code     0  startup_lpc54608.o(.text)
    CTIMER1_DriverIRQHandler                 0x000005cb   Thumb Code     0  startup_lpc54608.o(.text)
    CTIMER2_DriverIRQHandler                 0x000005cb   Thumb Code     0  startup_lpc54608.o(.text)
    CTIMER3_DriverIRQHandler                 0x000005cb   Thumb Code     0  startup_lpc54608.o(.text)
    CTIMER4_DriverIRQHandler                 0x000005cb   Thumb Code     0  startup_lpc54608.o(.text)
    DMA0_DriverIRQHandler                    0x000005cb   Thumb Code     0  startup_lpc54608.o(.text)
    DMIC0_DriverIRQHandler                   0x000005cb   Thumb Code     0  startup_lpc54608.o(.text)
    EEPROM_DriverIRQHandler                  0x000005cb   Thumb Code     0  startup_lpc54608.o(.text)
    ETHERNET_DriverIRQHandler                0x000005cb   Thumb Code     0  startup_lpc54608.o(.text)
    ETHERNET_MACLP_DriverIRQHandler          0x000005cb   Thumb Code     0  startup_lpc54608.o(.text)
    ETHERNET_PMT_DriverIRQHandler            0x000005cb   Thumb Code     0  startup_lpc54608.o(.text)
    GINT0_DriverIRQHandler                   0x000005cb   Thumb Code     0  startup_lpc54608.o(.text)
    GINT1_DriverIRQHandler                   0x000005cb   Thumb Code     0  startup_lpc54608.o(.text)
    HWVAD0_DriverIRQHandler                  0x000005cb   Thumb Code     0  startup_lpc54608.o(.text)
    LCD_DriverIRQHandler                     0x000005cb   Thumb Code     0  startup_lpc54608.o(.text)
    MRT0_DriverIRQHandler                    0x000005cb   Thumb Code     0  startup_lpc54608.o(.text)
    PIN_INT0_DriverIRQHandler                0x000005cb   Thumb Code     0  startup_lpc54608.o(.text)
    PIN_INT1_DriverIRQHandler                0x000005cb   Thumb Code     0  startup_lpc54608.o(.text)
    PIN_INT2_DriverIRQHandler                0x000005cb   Thumb Code     0  startup_lpc54608.o(.text)
    PIN_INT3_DriverIRQHandler                0x000005cb   Thumb Code     0  startup_lpc54608.o(.text)
    PIN_INT4_DriverIRQHandler                0x000005cb   Thumb Code     0  startup_lpc54608.o(.text)
    PIN_INT5_DriverIRQHandler                0x000005cb   Thumb Code     0  startup_lpc54608.o(.text)
    PIN_INT6_DriverIRQHandler                0x000005cb   Thumb Code     0  startup_lpc54608.o(.text)
    PIN_INT7_DriverIRQHandler                0x000005cb   Thumb Code     0  startup_lpc54608.o(.text)
    RIT_DriverIRQHandler                     0x000005cb   Thumb Code     0  startup_lpc54608.o(.text)
    RTC_DriverIRQHandler                     0x000005cb   Thumb Code     0  startup_lpc54608.o(.text)
    Reserved46_DriverIRQHandler              0x000005cb   Thumb Code     0  startup_lpc54608.o(.text)
    Reserved47_DriverIRQHandler              0x000005cb   Thumb Code     0  startup_lpc54608.o(.text)
    SCT0_DriverIRQHandler                    0x000005cb   Thumb Code     0  startup_lpc54608.o(.text)
    SDIO_DriverIRQHandler                    0x000005cb   Thumb Code     0  startup_lpc54608.o(.text)
    SHA_DriverIRQHandler                     0x000005cb   Thumb Code     0  startup_lpc54608.o(.text)
    SMARTCARD0_DriverIRQHandler              0x000005cb   Thumb Code     0  startup_lpc54608.o(.text)
    SMARTCARD1_DriverIRQHandler              0x000005cb   Thumb Code     0  startup_lpc54608.o(.text)
    SPIFI0_DriverIRQHandler                  0x000005cb   Thumb Code     0  startup_lpc54608.o(.text)
    USB0_DriverIRQHandler                    0x000005cb   Thumb Code     0  startup_lpc54608.o(.text)
    USB0_NEEDCLK_DriverIRQHandler            0x000005cb   Thumb Code     0  startup_lpc54608.o(.text)
    USB1_DriverIRQHandler                    0x000005cb   Thumb Code     0  startup_lpc54608.o(.text)
    USB1_NEEDCLK_DriverIRQHandler            0x000005cb   Thumb Code     0  startup_lpc54608.o(.text)
    UTICK0_DriverIRQHandler                  0x000005cb   Thumb Code     0  startup_lpc54608.o(.text)
    WDT_BOD_DriverIRQHandler                 0x000005cb   Thumb Code     0  startup_lpc54608.o(.text)
    __aeabi_memcpy                           0x000006b9   Thumb Code    36  memcpya.o(.text)
    __aeabi_memcpy4                          0x000006b9   Thumb Code     0  memcpya.o(.text)
    __aeabi_memcpy8                          0x000006b9   Thumb Code     0  memcpya.o(.text)
    __aeabi_memset                           0x000006dd   Thumb Code    14  memseta.o(.text)
    __aeabi_memset4                          0x000006dd   Thumb Code     0  memseta.o(.text)
    __aeabi_memset8                          0x000006dd   Thumb Code     0  memseta.o(.text)
    __aeabi_memclr                           0x000006eb   Thumb Code     4  memseta.o(.text)
    __aeabi_memclr4                          0x000006eb   Thumb Code     0  memseta.o(.text)
    __aeabi_memclr8                          0x000006eb   Thumb Code     0  memseta.o(.text)
    _memset$wrapper                          0x000006ef   Thumb Code    18  memseta.o(.text)
    strlen                                   0x00000701   Thumb Code    14  strlen.o(.text)
    __scatterload                            0x00000711   Thumb Code    28  init.o(.text)
    __scatterload_rt2                        0x00000711   Thumb Code     0  init.o(.text)
    __decompress                             0x00000735   Thumb Code     0  __dczerorl2.o(.text)
    __decompress1                            0x00000735   Thumb Code    86  __dczerorl2.o(.text)
    BOARD_BootClockPLL180M                   0x0000078d   Thumb Code   152  clock_config.o(i.BOARD_BootClockPLL180M)
    BOARD_InitCAN                            0x00000839   Thumb Code   122  board.o(i.BOARD_InitCAN)
    BOARD_InitDebugConsole                   0x000008e5   Thumb Code    58  board.o(i.BOARD_InitDebugConsole)
    BOARD_InitGPIO                           0x00000959   Thumb Code    76  board.o(i.BOARD_InitGPIO)
    BOARD_InitPins                           0x000009ad   Thumb Code   272  pin_mux.o(i.BOARD_InitPins)
    CAN0_IRQ0_DriverIRQHandler               0x00000ac9   Thumb Code    14  can.o(i.CAN0_IRQ0_DriverIRQHandler)
    CAN1_IRQ0_DriverIRQHandler               0x00000ae1   Thumb Code    14  can.o(i.CAN1_IRQ0_DriverIRQHandler)
    CAN_Enable                               0x00000c7f   Thumb Code    46  can.o(i.CAN_Enable)
    CAN_GetDefaultConfig                     0x00000cf5   Thumb Code    44  can.o(i.CAN_GetDefaultConfig)
    CAN_Init                                 0x00000e05   Thumb Code   660  can.o(i.CAN_Init)
    CAN_ReadRxFifo                           0x000010e3   Thumb Code   134  can.o(i.CAN_ReadRxFifo)
    CAN_ReadRxMb                             0x00001169   Thumb Code   134  can.o(i.CAN_ReadRxMb)
    CAN_SetRxExtIndividualMask               0x000012c5   Thumb Code    34  can.o(i.CAN_SetRxExtIndividualMask)
    CAN_SetRxIndividualMask                  0x000012e7   Thumb Code    30  can.o(i.CAN_SetRxIndividualMask)
    CAN_SetTimingConfig                      0x00001305   Thumb Code   152  can.o(i.CAN_SetTimingConfig)
    CAN_TransferAbortReceive                 0x000013a1   Thumb Code    28  can.o(i.CAN_TransferAbortReceive)
    CAN_TransferAbortReceiveFifo             0x000013bd   Thumb Code    46  can.o(i.CAN_TransferAbortReceiveFifo)
    CAN_TransferAbortSend                    0x000013eb   Thumb Code    30  can.o(i.CAN_TransferAbortSend)
    CAN_TransferHandleIRQ                    0x00001409   Thumb Code   522  can.o(i.CAN_TransferHandleIRQ)
    CAN_TransferSendBlocking                 0x00001613   Thumb Code    46  can.o(i.CAN_TransferSendBlocking)
    CAN_WriteTxMb                            0x00001641   Thumb Code   206  can.o(i.CAN_WriteTxMb)
    CLOCK_AttachClk                          0x00001711   Thumb Code    66  fsl_clock.o(i.CLOCK_AttachClk)
    CLOCK_GetAdcClkFreq                      0x000017e5   Thumb Code    72  fsl_clock.o(i.CLOCK_GetAdcClkFreq)
    CLOCK_GetAsyncApbClkFreq                 0x00001831   Thumb Code    40  fsl_clock.o(i.CLOCK_GetAsyncApbClkFreq)
    CLOCK_GetAudioPllOutFreq                 0x00001861   Thumb Code     6  fsl_clock.o(i.CLOCK_GetAudioPllOutFreq)
    CLOCK_GetClockOutClkFreq                 0x0000186d   Thumb Code   116  fsl_clock.o(i.CLOCK_GetClockOutClkFreq)
    CLOCK_GetCoreSysClkFreq                  0x000018e5   Thumb Code   120  fsl_clock.o(i.CLOCK_GetCoreSysClkFreq)
    CLOCK_GetExtClkFreq                      0x00001961   Thumb Code     4  fsl_clock.o(i.CLOCK_GetExtClkFreq)
    CLOCK_GetFlexCommClkFreq                 0x00001969   Thumb Code    88  fsl_clock.o(i.CLOCK_GetFlexCommClkFreq)
    CLOCK_GetFreq                            0x000019c5   Thumb Code   708  fsl_clock.o(i.CLOCK_GetFreq)
    CLOCK_GetFro12MFreq                      0x00001c8d   Thumb Code    18  fsl_clock.o(i.CLOCK_GetFro12MFreq)
    CLOCK_GetFroHfFreq                       0x00001ca9   Thumb Code    46  fsl_clock.o(i.CLOCK_GetFroHfFreq)
    CLOCK_GetI2SMClkFreq                     0x00001ce9   Thumb Code     4  fsl_clock.o(i.CLOCK_GetI2SMClkFreq)
    CLOCK_GetLcdClkFreq                      0x00001ced   Thumb Code    58  fsl_clock.o(i.CLOCK_GetLcdClkFreq)
    CLOCK_GetLcdClkIn                        0x00001d2d   Thumb Code     4  fsl_clock.o(i.CLOCK_GetLcdClkIn)
    CLOCK_GetMclkClkFreq                     0x00001d31   Thumb Code    58  fsl_clock.o(i.CLOCK_GetMclkClkFreq)
    CLOCK_GetOsc32KFreq                      0x00001d71   Thumb Code     6  fsl_clock.o(i.CLOCK_GetOsc32KFreq)
    CLOCK_GetPllOutFreq                      0x00001d79   Thumb Code     6  fsl_clock.o(i.CLOCK_GetPllOutFreq)
    CLOCK_GetSctClkFreq                      0x00001d85   Thumb Code    72  fsl_clock.o(i.CLOCK_GetSctClkFreq)
    CLOCK_GetSdioClkFreq                     0x00001dd1   Thumb Code    86  fsl_clock.o(i.CLOCK_GetSdioClkFreq)
    CLOCK_GetSpifiClkFreq                    0x00001e2d   Thumb Code    86  fsl_clock.o(i.CLOCK_GetSpifiClkFreq)
    CLOCK_GetUsb0ClkFreq                     0x00001e89   Thumb Code    58  fsl_clock.o(i.CLOCK_GetUsb0ClkFreq)
    CLOCK_GetUsb1ClkFreq                     0x00001ec9   Thumb Code    58  fsl_clock.o(i.CLOCK_GetUsb1ClkFreq)
    CLOCK_GetUsbPllOutFreq                   0x00001f09   Thumb Code     6  fsl_clock.o(i.CLOCK_GetUsbPllOutFreq)
    CLOCK_GetWdtOscFreq                      0x00001f15   Thumb Code    50  fsl_clock.o(i.CLOCK_GetWdtOscFreq)
    CLOCK_SetClkDiv                          0x00001f55   Thumb Code    36  fsl_clock.o(i.CLOCK_SetClkDiv)
    CLOCK_SetFLASHAccessCyclesForFreq        0x00001f95   Thumb Code   124  fsl_clock.o(i.CLOCK_SetFLASHAccessCyclesForFreq)
    CLOCK_SetPLLFreq                         0x00002031   Thumb Code   196  fsl_clock.o(i.CLOCK_SetPLLFreq)
    DbgConsole_Init                          0x000021ad   Thumb Code    74  fsl_debug_console.o(i.DbgConsole_Init)
    DbgConsole_Printf                        0x00002205   Thumb Code    44  fsl_debug_console.o(i.DbgConsole_Printf)
    DbgConsole_Putchar                       0x0000249d   Thumb Code    30  fsl_debug_console.o(i.DbgConsole_Putchar)
    FLEXCOMM0_DriverIRQHandler               0x000024c1   Thumb Code    36  fsl_flexcomm.o(i.FLEXCOMM0_DriverIRQHandler)
    FLEXCOMM0_IRQHandler                     0x00002525   Thumb Code   170  can_fd_msgobjs.o(i.FLEXCOMM0_IRQHandler)
    FLEXCOMM1_DriverIRQHandler               0x000025f9   Thumb Code    36  fsl_flexcomm.o(i.FLEXCOMM1_DriverIRQHandler)
    FLEXCOMM2_DriverIRQHandler               0x0000265d   Thumb Code    36  fsl_flexcomm.o(i.FLEXCOMM2_DriverIRQHandler)
    FLEXCOMM3_DriverIRQHandler               0x000026c1   Thumb Code    36  fsl_flexcomm.o(i.FLEXCOMM3_DriverIRQHandler)
    FLEXCOMM4_DriverIRQHandler               0x00002725   Thumb Code    36  fsl_flexcomm.o(i.FLEXCOMM4_DriverIRQHandler)
    FLEXCOMM5_DriverIRQHandler               0x00002789   Thumb Code    36  fsl_flexcomm.o(i.FLEXCOMM5_DriverIRQHandler)
    FLEXCOMM6_DriverIRQHandler               0x000027ed   Thumb Code    36  fsl_flexcomm.o(i.FLEXCOMM6_DriverIRQHandler)
    FLEXCOMM7_DriverIRQHandler               0x00002851   Thumb Code    36  fsl_flexcomm.o(i.FLEXCOMM7_DriverIRQHandler)
    FLEXCOMM8_DriverIRQHandler               0x000028b5   Thumb Code    36  fsl_flexcomm.o(i.FLEXCOMM8_DriverIRQHandler)
    FLEXCOMM9_DriverIRQHandler               0x00002919   Thumb Code    36  fsl_flexcomm.o(i.FLEXCOMM9_DriverIRQHandler)
    FLEXCOMM_GetInstance                     0x0000297d   Thumb Code    38  fsl_flexcomm.o(i.FLEXCOMM_GetInstance)
    FLEXCOMM_Init                            0x000029cd   Thumb Code    72  fsl_flexcomm.o(i.FLEXCOMM_Init)
    FLEXCOMM_SetPeriph                       0x00002a5b   Thumb Code    68  fsl_flexcomm.o(i.FLEXCOMM_SetPeriph)
    GPIO_PinInit                             0x00002a9f   Thumb Code    84  fsl_gpio.o(i.GPIO_PinInit)
    POWER_SetPLL                             0x00002b5d   Thumb Code    24  fsl_power_lib.o(i.POWER_SetPLL)
    POWER_SetVoltageForFreq                  0x00002b7d   Thumb Code   110  fsl_power_lib.o(i.POWER_SetVoltageForFreq)
    POWER_setVdLevel                         0x00002bf1   Thumb Code    14  fsl_power_lib.o(i.POWER_setVdLevel)
    RESET_ClearPeripheralReset               0x00002c05   Thumb Code    80  fsl_reset.o(i.RESET_ClearPeripheralReset)
    RESET_PeripheralReset                    0x00002c85   Thumb Code    18  fsl_reset.o(i.RESET_PeripheralReset)
    RESET_SetPeripheralReset                 0x00002c99   Thumb Code    80  fsl_reset.o(i.RESET_SetPeripheralReset)
    SysTick_Handler                          0x00002d19   Thumb Code    46  port.o(i.SysTick_Handler)
    SystemInit                               0x00002d4d   Thumb Code    36  system_lpc54608.o(i.SystemInit)
    USART_GetDefaultConfig                   0x00002d7d   Thumb Code    48  fsl_usart.o(i.USART_GetDefaultConfig)
    USART_Init                               0x00002dd5   Thumb Code   226  fsl_usart.o(i.USART_Init)
    USART_ReadBlocking                       0x00002f0d   Thumb Code   188  fsl_usart.o(i.USART_ReadBlocking)
    USART_SetBaudRate                        0x00003005   Thumb Code   152  fsl_usart.o(i.USART_SetBaudRate)
    USART_WriteBlocking                      0x000030f5   Thumb Code    90  fsl_usart.o(i.USART_WriteBlocking)
    __aeabi_assert                           0x0000318d   Thumb Code    24  fsl_common.o(i.__aeabi_assert)
    __scatterload_copy                       0x000031d1   Thumb Code    14  handlers.o(i.__scatterload_copy)
    __scatterload_null                       0x000031df   Thumb Code     2  handlers.o(i.__scatterload_null)
    __scatterload_zeroinit                   0x000031e1   Thumb Code    14  handlers.o(i.__scatterload_zeroinit)
    main                                     0x000031f1   Thumb Code   270  can_fd_msgobjs.o(i.main)
    obd_Service_KeepAlive                    0x00003349   Thumb Code    94  obd_can.o(i.obd_Service_KeepAlive)
    obd_Service_MsgTrasmit                   0x000033b5   Thumb Code    16  obd_can.o(i.obd_Service_MsgTrasmit)
    obd_can_TxMSG_Pack                       0x000033c9   Thumb Code   132  obd_can.o(i.obd_can_TxMSG_Pack)
    obd_can_TxMSG_Standard                   0x0000344d   Thumb Code    56  obd_can.o(i.obd_can_TxMSG_Standard)
    pvPortMalloc                             0x00003e55   Thumb Code   296  heap_4.o(i.pvPortMalloc)
    pvTaskIncrementMutexHeldCount            0x00003f91   Thumb Code    26  tasks.o(i.pvTaskIncrementMutexHeldCount)
    pxPortInitialiseStack                    0x00003fb1   Thumb Code    38  port.o(i.pxPortInitialiseStack)
    uxListRemove                             0x00003fdd   Thumb Code    40  list.o(i.uxListRemove)
    vListInitialise                          0x000041ad   Thumb Code    26  list.o(i.vListInitialise)
    vListInitialiseItem                      0x000041c7   Thumb Code     6  list.o(i.vListInitialiseItem)
    vListInsert                              0x000041cd   Thumb Code    52  list.o(i.vListInsert)
    vListInsertEnd                           0x00004201   Thumb Code    24  list.o(i.vListInsertEnd)
    vPortEnterCritical                       0x00004219   Thumb Code    76  port.o(i.vPortEnterCritical)
    vPortExitCritical                        0x0000426d   Thumb Code    56  port.o(i.vPortExitCritical)
    vPortFree                                0x000042a9   Thumb Code   140  heap_4.o(i.vPortFree)
    vPortSetupTimerInterrupt                 0x0000433d   Thumb Code    30  fsl_tickless_rtc.o(i.vPortSetupTimerInterrupt)
    vPortValidateInterruptPriority           0x00004361   Thumb Code   106  port.o(i.vPortValidateInterruptPriority)
    vQueueAddToRegistry                      0x000043d9   Thumb Code    38  queue.o(i.vQueueAddToRegistry)
    vQueueWaitForMessageRestricted           0x00004405   Thumb Code    74  queue.o(i.vQueueWaitForMessageRestricted)
    vTaskDelay                               0x00004451   Thumb Code    82  tasks.o(i.vTaskDelay)
    vTaskMissedYield                         0x000044ad   Thumb Code     8  tasks.o(i.vTaskMissedYield)
    vTaskPlaceOnEventList                    0x000044b9   Thumb Code    52  tasks.o(i.vTaskPlaceOnEventList)
    vTaskPlaceOnEventListRestricted          0x000044f1   Thumb Code    60  tasks.o(i.vTaskPlaceOnEventListRestricted)
    vTaskPriorityInherit                     0x00004531   Thumb Code   164  tasks.o(i.vTaskPriorityInherit)
    vTaskSetTimeOutState                     0x000045e1   Thumb Code    38  tasks.o(i.vTaskSetTimeOutState)
    vTaskStartScheduler                      0x00004611   Thumb Code   118  tasks.o(i.vTaskStartScheduler)
    vTaskSuspendAll                          0x000046a5   Thumb Code    12  tasks.o(i.vTaskSuspendAll)
    vTaskSwitchContext                       0x000046b5   Thumb Code   118  tasks.o(i.vTaskSwitchContext)
    vTask_UsartReceive_Detection             0x00004741   Thumb Code    90  can_fd_msgobjs.o(i.vTask_UsartReceive_Detection)
    vTask_UsartReceive_UnPack                0x000047b5   Thumb Code   282  can_fd_msgobjs.o(i.vTask_UsartReceive_UnPack)
    xPortStartScheduler                      0x00004965   Thumb Code   288  port.o(i.xPortStartScheduler)
    xQueueGenericCreate                      0x00004aa1   Thumb Code    88  queue.o(i.xQueueGenericCreate)
    xQueueGenericReceive                     0x00004af9   Thumb Code   446  queue.o(i.xQueueGenericReceive)
    xQueueGenericReset                       0x00004cbd   Thumb Code   146  queue.o(i.xQueueGenericReset)
    xQueueGenericSend                        0x00004d55   Thumb Code   420  queue.o(i.xQueueGenericSend)
    xQueueGenericSendFromISR                 0x00004efd   Thumb Code   248  queue.o(i.xQueueGenericSendFromISR)
    xTaskCheckForTimeOut                     0x00004ff5   Thumb Code   132  tasks.o(i.xTaskCheckForTimeOut)
    xTaskCreate                              0x00005081   Thumb Code    96  tasks.o(i.xTaskCreate)
    xTaskGetSchedulerState                   0x000050e1   Thumb Code    24  tasks.o(i.xTaskGetSchedulerState)
    xTaskGetTickCount                        0x00005101   Thumb Code     6  tasks.o(i.xTaskGetTickCount)
    xTaskIncrementTick                       0x0000510d   Thumb Code   256  tasks.o(i.xTaskIncrementTick)
    xTaskPriorityDisinherit                  0x00005239   Thumb Code   188  tasks.o(i.xTaskPriorityDisinherit)
    xTaskRemoveFromEventList                 0x00005301   Thumb Code   128  tasks.o(i.xTaskRemoveFromEventList)
    xTaskResumeAll                           0x00005399   Thumb Code   224  tasks.o(i.xTaskResumeAll)
    xTimerCreateTimerTask                    0x0000549d   Thumb Code    64  timers.o(i.xTimerCreateTimerTask)
    xTimerGenericCommand                     0x000054f1   Thumb Code   128  timers.o(i.xTimerGenericCommand)
    g_I2S_Mclk_Freq                          0x0000557c   Data           4  fsl_clock.o(.constdata)
    g_Ext_Clk_Freq                           0x00005580   Data           4  fsl_clock.o(.constdata)
    g_Lcd_Clk_In_Freq                        0x00005584   Data           4  fsl_clock.o(.constdata)
    kFlexcommIrqs                            0x000055d8   Data          10  fsl_flexcomm.o(.constdata)
    Region$$Table$$Base                      0x00005658   Number         0  anon$$obj.o(Region$$Table)
    Region$$Table$$Limit                     0x00005678   Number         0  anon$$obj.o(Region$$Table)
    Image$$RW_m_data$$Base                   0x20000000   Number         0  anon$$obj.o ABSOLUTE
    SystemCoreClock                          0x20000000   Data           4  system_lpc54608.o(.data)
    xTouchTaskHandle                         0x2000001c   Data           4  can_fd_msgobjs.o(.data)
    xLcdTaskHandle                           0x20000020   Data           4  can_fd_msgobjs.o(.data)
    g_systickCounter                         0x20000024   Data           4  can_fd_msgobjs.o(.data)
    txIndex                                  0x20000032   Data           2  can_fd_msgobjs.o(.data)
    rxIndex_old                              0x20000034   Data           2  can_fd_msgobjs.o(.data)
    rxIndex_count                            0x20000036   Data           2  can_fd_msgobjs.o(.data)
    rxIndex_loop                             0x20000038   Data           2  can_fd_msgobjs.o(.data)
    delay_count                              0x2000003a   Data           2  can_fd_msgobjs.o(.data)
    debug_count                              0x2000003c   Data           2  can_fd_msgobjs.o(.data)
    rxIndex_updated                          0x2000003e   Data           1  can_fd_msgobjs.o(.data)
    tx_CAN_Enable                            0x2000003f   Data           1  can_fd_msgobjs.o(.data)
    message_received                         0x20000040   Data           1  can_fd_msgobjs.o(.data)
    Keep_Service_Active                      0x20000041   Data           1  can_fd_msgobjs.o(.data)
    KeepAlive_PERIOD_flag                    0x20000042   Data           1  can_fd_msgobjs.o(.data)
    Keep_Service_Active_Send                 0x20000043   Data           1  can_fd_msgobjs.o(.data)
    Rx_Msg_Cnt                               0x20000044   Data           2  can_fd_msgobjs.o(.data)
    Rx_Msg_Loop_Cnt                          0x20000046   Data           2  can_fd_msgobjs.o(.data)
    KeepAlive_Peroid_2s_Count                0x20000048   Data           2  can_fd_msgobjs.o(.data)
    total_index                              0x2000004a   Data           2  can_fd_msgobjs.o(.data)
    VfCANH_RxMSG_Data                        0x2000004c   Data           1  can_fd_msgobjs.o(.data)
    VfCANH_RxMSG_ID                          0x2000004e   Data           2  can_fd_msgobjs.o(.data)
    Array_Cycle                              0x20000050   Data           2  can_fd_msgobjs.o(.data)
    USART_rxIndex                            0x20000052   Data           2  can_fd_msgobjs.o(.data)
    KeepSendTimeCnt                          0x20000054   Data           2  can_fd_msgobjs.o(.data)
    KeepSendOneTime                          0x20000056   Data           2  can_fd_msgobjs.o(.data)
    i                                        0x20000058   Data           1  can_fd_msgobjs.o(.data)
    Usart_Send_Test                          0x20000059   Data          14  can_fd_msgobjs.o(.data)
    Usart_Received_Feedback_1                0x20000067   Data          14  can_fd_msgobjs.o(.data)
    Usart_Received_Feedback_2                0x20000075   Data          14  can_fd_msgobjs.o(.data)
    Multiframe_FireWall_index                0x20000083   Data           1  can_fd_msgobjs.o(.data)
    Multiframe_Control_index                 0x20000084   Data           1  can_fd_msgobjs.o(.data)
    FrameIndex                               0x20000085   Data           1  can_fd_msgobjs.o(.data)
    FrameIndex_rest                          0x20000086   Data           1  can_fd_msgobjs.o(.data)
    Multiframe_FireWall_Send                 0x20000087   Data           1  can_fd_msgobjs.o(.data)
    usart_first_Datareceived                 0x20000088   Data           1  can_fd_msgobjs.o(.data)
    usart_Receive_Complete                   0x20000089   Data           1  can_fd_msgobjs.o(.data)
    g_tipString                              0x2000008a   Data         107  can_fd_msgobjs.o(.data)
    Multi_Frame_Key                          0x200000f5   Data          16  can_fd_msgobjs.o(.data)
    Key_Queue                                0x20000108   Data           4  can_fd_msgobjs.o(.data)
    Message_Queue                            0x2000010c   Data           4  can_fd_msgobjs.o(.data)
    G_Ble_Connect_Status                     0x20000110   Data           1  can_fd_msgobjs.o(.data)
    BLE_Command_Receive_list                 0x20000111   Data           1  can_fd_msgobjs.o(.data)
    BLE_Receive_Command                      0x20000112   Data           1  can_fd_msgobjs.o(.data)
    VeUSART_Receive_State                    0x20000113   Data           1  can_fd_msgobjs.o(.data)
    led_config                               0x20000114   Data           2  board.o(.data)
    G_OBD_Control_Status                     0x20000116   Data           1  obd_control.o(.data)
    G_OBD_Sending_CMD                        0x20000117   Data           1  obd_control.o(.data)
    G_OBD_Receive_CMD                        0x20000118   Data           1  obd_control.o(.data)
    G_OBD_BLE_Disconnect                     0x20000119   Data           1  obd_control.o(.data)
    Usart_Received_Control_Feedback_1        0x2000011a   Data          14  obd_control.o(.data)
    Usart_Send_BLE_Connected                 0x20000128   Data          14  obd_control.o(.data)
    BLE_Receive_Service_index                0x20000136   Data           1  obd_control.o(.data)
    ReceiveID_Setting                        0x20000137   Data           4  obd_control.o(.data)
    BLE_Command_Mode                         0x2000013b   Data           1  obd_control.o(.data)
    pxCurrentTCB                             0x2000013c   Data           4  tasks.o(.data)
    VfUSART_Data                             0x20000200   Data          16  can_fd_msgobjs.o(.bss)
    USART_Data                               0x20000210   Data          16  can_fd_msgobjs.o(.bss)
    demoRingBuffer                           0x20000220   Data          16  can_fd_msgobjs.o(.bss)
    demoRingBuffer_Total                     0x20000230   Data         280  can_fd_msgobjs.o(.bss)
    demoRingBuffer_init                      0x20000348   Data          16  can_fd_msgobjs.o(.bss)
    Multiframe_FireWall_Cmd                  0x20000358   Data         140  can_fd_msgobjs.o(.bss)
    Usart_Config_Init                        0x200003e4   Data          14  can_fd_msgobjs.o(.bss)
    ReceiveDataFromCAN_to_USART              0x200003f2   Data          12  can_fd_msgobjs.o(.bss)
    usart0_Define                            0x20000400   Data          48  can_fd_msgobjs.o(.bss)
    Rxmsg_TransOilTem                        0x20000430   Data          72  can_fd_msgobjs.o(.bss)
    FrameToTransmit                          0x20000488   Data          72  obd_can.o(.bss)
    Keep_alive_frame_3E                      0x200004d0   Data          72  obd_can.o(.bss)
    xQueueRegistry                           0x20000518   Data          64  queue.o(.bss)
    Image$$ARM_LIB_STACK$$ZI$$Limit          0x20028000   Number         0  anon$$obj.o ABSOLUTE



==============================================================================

Memory Map of the image

  Image Entry point : 0x00000401

  Load Region LR_m_text (Base: 0x00000000, Size: 0x00005828, Max: 0x00080000, ABSOLUTE, COMPRESSED[0x00005720])

    Execution Region VECTOR_ROM (Exec base: 0x00000000, Load base: 0x00000000, Size: 0x00000124, Max: 0x00000400, ABSOLUTE)

    Exec Addr    Load Addr    Size         Type   Attr      Idx    E Section Name        Object

    0x00000000   0x00000000   0x00000124   Data   RO          108    RESET               startup_lpc54608.o


    Execution Region VECTOR_RAM (Exec base: 0x00000000, Load base: 0x00005678, Size: 0x00000000, Max: 0x00000000, ABSOLUTE)

    Exec Addr    Load Addr    Size         Type   Attr      Idx    E Section Name        Object

    0x00000000        -       0x00000000   Zero   RW            1    VECTOR_RAM.bss      anon$$obj.o


    Execution Region ER_m_text (Exec base: 0x00000400, Load base: 0x00000400, Size: 0x00005278, Max: 0x0007fc00, ABSOLUTE, FIXED)

    Exec Addr    Load Addr    Size         Type   Attr      Idx    E Section Name        Object

    0x00000400   0x00000400   0x00000000   Code   RO         2997  * .ARM.Collect$$$$00000000  mc_w.l(entry.o)
    0x00000400   0x00000400   0x00000004   Code   RO         3010    .ARM.Collect$$$$00000003  mc_w.l(entry4.o)
    0x00000404   0x00000404   0x00000004   Code   RO         3013    .ARM.Collect$$$$00000004  mc_w.l(entry5.o)
    0x00000408   0x00000408   0x00000000   Code   RO         3015    .ARM.Collect$$$$00000008  mc_w.l(entry7b.o)
    0x00000408   0x00000408   0x00000000   Code   RO         3017    .ARM.Collect$$$$0000000A  mc_w.l(entry8b.o)
    0x00000408   0x00000408   0x00000008   Code   RO         3018    .ARM.Collect$$$$0000000B  mc_w.l(entry9a.o)
    0x00000410   0x00000410   0x00000000   Code   RO         3020    .ARM.Collect$$$$0000000D  mc_w.l(entry10a.o)
    0x00000410   0x00000410   0x00000000   Code   RO         3022    .ARM.Collect$$$$0000000F  mc_w.l(entry11a.o)
    0x00000410   0x00000410   0x00000004   Code   RO         3011    .ARM.Collect$$$$00002714  mc_w.l(entry4.o)
    0x00000414   0x00000414   0x000000b6   Code   RO         2894    .emb_text           port.o
    0x000004ca   0x000004ca   0x00000002   PAD
    0x000004cc   0x000004cc   0x000001ec   Code   RO          109    .text               startup_lpc54608.o
    0x000006b8   0x000006b8   0x00000024   Code   RO         3002    .text               mc_w.l(memcpya.o)
    0x000006dc   0x000006dc   0x00000024   Code   RO         3004    .text               mc_w.l(memseta.o)
    0x00000700   0x00000700   0x0000000e   Code   RO         3006    .text               mc_w.l(strlen.o)
    0x0000070e   0x0000070e   0x00000002   PAD
    0x00000710   0x00000710   0x00000024   Code   RO         3028    .text               mc_w.l(init.o)
    0x00000734   0x00000734   0x00000056   Code   RO         3038    .text               mc_w.l(__dczerorl2.o)
    0x0000078a   0x0000078a   0x00000002   PAD
    0x0000078c   0x0000078c   0x000000ac   Code   RO         1599    i.BOARD_BootClockPLL180M  clock_config.o
    0x00000838   0x00000838   0x000000ac   Code   RO         1518    i.BOARD_InitCAN     board.o
    0x000008e4   0x000008e4   0x00000074   Code   RO         1519    i.BOARD_InitDebugConsole  board.o
    0x00000958   0x00000958   0x00000054   Code   RO         1520    i.BOARD_InitGPIO    board.o
    0x000009ac   0x000009ac   0x0000011c   Code   RO         1647    i.BOARD_InitPins    pin_mux.o
    0x00000ac8   0x00000ac8   0x00000018   Code   RO          116    i.CAN0_IRQ0_DriverIRQHandler  can.o
    0x00000ae0   0x00000ae0   0x00000018   Code   RO          117    i.CAN1_IRQ0_DriverIRQHandler  can.o
    0x00000af8   0x00000af8   0x00000134   Code   RO          119    i.CAN_CalculateTimingValues  can.o
    0x00000c2c   0x00000c2c   0x0000003e   Code   RO          120    i.CAN_DecodeDLC     can.o
    0x00000c6a   0x00000c6a   0x00000008   Code   RO          122    i.CAN_DisableInterrupts  can.o
    0x00000c72   0x00000c72   0x0000000c   Code   RO          123    i.CAN_DisableMbInterrupts  can.o
    0x00000c7e   0x00000c7e   0x0000002e   Code   RO          124    i.CAN_Enable        can.o
    0x00000cac   0x00000cac   0x00000008   Code   RO          125    i.CAN_EnableInterrupts  can.o
    0x00000cb4   0x00000cb4   0x0000003e   Code   RO          126    i.CAN_EncodeDLC     can.o
    0x00000cf2   0x00000cf2   0x00000002   PAD
    0x00000cf4   0x00000cf4   0x00000034   Code   RO          127    i.CAN_GetDefaultConfig  can.o
    0x00000d28   0x00000d28   0x00000020   Code   RO          128    i.CAN_GetInstance   can.o
    0x00000d48   0x00000d48   0x000000bc   Code   RO          129    i.CAN_GetSegments   can.o
    0x00000e04   0x00000e04   0x000002a0   Code   RO          130    i.CAN_Init          can.o
    0x000010a4   0x000010a4   0x0000003e   Code   RO          131    i.CAN_NumberofBytestoFieldSize  can.o
    0x000010e2   0x000010e2   0x00000086   Code   RO          132    i.CAN_ReadRxFifo    can.o
    0x00001168   0x00001168   0x00000086   Code   RO          133    i.CAN_ReadRxMb      can.o
    0x000011ee   0x000011ee   0x000000d6   Code   RO          134    i.CAN_ReadRxMessage  can.o
    0x000012c4   0x000012c4   0x00000022   Code   RO          135    i.CAN_SetRxExtIndividualMask  can.o
    0x000012e6   0x000012e6   0x0000001e   Code   RO          138    i.CAN_SetRxIndividualMask  can.o
    0x00001304   0x00001304   0x0000009c   Code   RO          139    i.CAN_SetTimingConfig  can.o
    0x000013a0   0x000013a0   0x0000001c   Code   RO          140    i.CAN_TransferAbortReceive  can.o
    0x000013bc   0x000013bc   0x0000002e   Code   RO          141    i.CAN_TransferAbortReceiveFifo  can.o
    0x000013ea   0x000013ea   0x0000001e   Code   RO          142    i.CAN_TransferAbortSend  can.o
    0x00001408   0x00001408   0x0000020a   Code   RO          144    i.CAN_TransferHandleIRQ  can.o
    0x00001612   0x00001612   0x0000002e   Code   RO          149    i.CAN_TransferSendBlocking  can.o
    0x00001640   0x00001640   0x000000ce   Code   RO          151    i.CAN_WriteTxMb     can.o
    0x0000170e   0x0000170e   0x00000002   PAD
    0x00001710   0x00001710   0x0000004c   Code   RO          408    i.CLOCK_AttachClk   fsl_clock.o
    0x0000175c   0x0000175c   0x00000028   Code   RO          153    i.CLOCK_EnableClock  can.o
    0x00001784   0x00001784   0x00000028   Code   RO         1367    i.CLOCK_EnableClock  can_fd_msgobjs.o
    0x000017ac   0x000017ac   0x00000038   Code   RO          415    i.CLOCK_Enable_SysOsc  fsl_clock.o
    0x000017e4   0x000017e4   0x0000004c   Code   RO          416    i.CLOCK_GetAdcClkFreq  fsl_clock.o
    0x00001830   0x00001830   0x00000030   Code   RO          417    i.CLOCK_GetAsyncApbClkFreq  fsl_clock.o
    0x00001860   0x00001860   0x0000000c   Code   RO          422    i.CLOCK_GetAudioPllOutFreq  fsl_clock.o
    0x0000186c   0x0000186c   0x00000078   Code   RO          423    i.CLOCK_GetClockOutClkFreq  fsl_clock.o
    0x000018e4   0x000018e4   0x0000007c   Code   RO          424    i.CLOCK_GetCoreSysClkFreq  fsl_clock.o
    0x00001960   0x00001960   0x00000008   Code   RO          425    i.CLOCK_GetExtClkFreq  fsl_clock.o
    0x00001968   0x00001968   0x0000005c   Code   RO          427    i.CLOCK_GetFlexCommClkFreq  fsl_clock.o
    0x000019c4   0x000019c4   0x000002c8   Code   RO          428    i.CLOCK_GetFreq     fsl_clock.o
    0x00001c8c   0x00001c8c   0x0000001c   Code   RO          429    i.CLOCK_GetFro12MFreq  fsl_clock.o
    0x00001ca8   0x00001ca8   0x00000040   Code   RO          430    i.CLOCK_GetFroHfFreq  fsl_clock.o
    0x00001ce8   0x00001ce8   0x00000004   Code   RO          431    i.CLOCK_GetI2SMClkFreq  fsl_clock.o
    0x00001cec   0x00001cec   0x00000040   Code   RO          432    i.CLOCK_GetLcdClkFreq  fsl_clock.o
    0x00001d2c   0x00001d2c   0x00000004   Code   RO          433    i.CLOCK_GetLcdClkIn  fsl_clock.o
    0x00001d30   0x00001d30   0x00000040   Code   RO          434    i.CLOCK_GetMclkClkFreq  fsl_clock.o
    0x00001d70   0x00001d70   0x00000006   Code   RO          435    i.CLOCK_GetOsc32KFreq  fsl_clock.o
    0x00001d76   0x00001d76   0x00000002   PAD
    0x00001d78   0x00001d78   0x0000000c   Code   RO          437    i.CLOCK_GetPllOutFreq  fsl_clock.o
    0x00001d84   0x00001d84   0x0000004c   Code   RO          438    i.CLOCK_GetSctClkFreq  fsl_clock.o
    0x00001dd0   0x00001dd0   0x0000005c   Code   RO          439    i.CLOCK_GetSdioClkFreq  fsl_clock.o
    0x00001e2c   0x00001e2c   0x0000005c   Code   RO          440    i.CLOCK_GetSpifiClkFreq  fsl_clock.o
    0x00001e88   0x00001e88   0x00000040   Code   RO          445    i.CLOCK_GetUsb0ClkFreq  fsl_clock.o
    0x00001ec8   0x00001ec8   0x00000040   Code   RO          446    i.CLOCK_GetUsb1ClkFreq  fsl_clock.o
    0x00001f08   0x00001f08   0x0000000c   Code   RO          450    i.CLOCK_GetUsbPllOutFreq  fsl_clock.o
    0x00001f14   0x00001f14   0x00000040   Code   RO          451    i.CLOCK_GetWdtOscFreq  fsl_clock.o
    0x00001f54   0x00001f54   0x00000028   Code   RO          453    i.CLOCK_SetClkDiv   fsl_clock.o
    0x00001f7c   0x00001f7c   0x00000018   Code   RO          454    i.CLOCK_SetFLASHAccessCycles  fsl_clock.o
    0x00001f94   0x00001f94   0x0000009c   Code   RO          455    i.CLOCK_SetFLASHAccessCyclesForFreq  fsl_clock.o
    0x00002030   0x00002030   0x000000d4   Code   RO          457    i.CLOCK_SetPLLFreq  fsl_clock.o
    0x00002104   0x00002104   0x000000a8   Code   RO         1685    i.DbgConsole_ConvertRadixNumToString  fsl_debug_console.o
    0x000021ac   0x000021ac   0x00000058   Code   RO         1688    i.DbgConsole_Init   fsl_debug_console.o
    0x00002204   0x00002204   0x00000034   Code   RO         1689    i.DbgConsole_Printf  fsl_debug_console.o
    0x00002238   0x00002238   0x0000023a   Code   RO         1690    i.DbgConsole_PrintfFormattedData  fsl_debug_console.o
    0x00002472   0x00002472   0x00000028   Code   RO         1691    i.DbgConsole_PrintfPaddingCharacter  fsl_debug_console.o
    0x0000249a   0x0000249a   0x00000002   PAD
    0x0000249c   0x0000249c   0x00000024   Code   RO         1692    i.DbgConsole_Putchar  fsl_debug_console.o
    0x000024c0   0x000024c0   0x00000064   Code   RO          982    i.FLEXCOMM0_DriverIRQHandler  fsl_flexcomm.o
    0x00002524   0x00002524   0x000000d4   Code   RO         1368    i.FLEXCOMM0_IRQHandler  can_fd_msgobjs.o
    0x000025f8   0x000025f8   0x00000064   Code   RO          983    i.FLEXCOMM1_DriverIRQHandler  fsl_flexcomm.o
    0x0000265c   0x0000265c   0x00000064   Code   RO          984    i.FLEXCOMM2_DriverIRQHandler  fsl_flexcomm.o
    0x000026c0   0x000026c0   0x00000064   Code   RO          985    i.FLEXCOMM3_DriverIRQHandler  fsl_flexcomm.o
    0x00002724   0x00002724   0x00000064   Code   RO          986    i.FLEXCOMM4_DriverIRQHandler  fsl_flexcomm.o
    0x00002788   0x00002788   0x00000064   Code   RO          987    i.FLEXCOMM5_DriverIRQHandler  fsl_flexcomm.o
    0x000027ec   0x000027ec   0x00000064   Code   RO          988    i.FLEXCOMM6_DriverIRQHandler  fsl_flexcomm.o
    0x00002850   0x00002850   0x00000064   Code   RO          989    i.FLEXCOMM7_DriverIRQHandler  fsl_flexcomm.o
    0x000028b4   0x000028b4   0x00000064   Code   RO          990    i.FLEXCOMM8_DriverIRQHandler  fsl_flexcomm.o
    0x00002918   0x00002918   0x00000064   Code   RO          991    i.FLEXCOMM9_DriverIRQHandler  fsl_flexcomm.o
    0x0000297c   0x0000297c   0x00000050   Code   RO          992    i.FLEXCOMM_GetInstance  fsl_flexcomm.o
    0x000029cc   0x000029cc   0x00000054   Code   RO          993    i.FLEXCOMM_Init     fsl_flexcomm.o
    0x00002a20   0x00002a20   0x0000003a   Code   RO          994    i.FLEXCOMM_PeripheralIsPresent  fsl_flexcomm.o
    0x00002a5a   0x00002a5a   0x00000044   Code   RO          996    i.FLEXCOMM_SetPeriph  fsl_flexcomm.o
    0x00002a9e   0x00002a9e   0x00000054   Code   RO         1099    i.GPIO_PinInit      fsl_gpio.o
    0x00002af2   0x00002af2   0x0000000a   Code   RO         1523    i.GPIO_WritePinOutput  board.o
    0x00002afc   0x00002afc   0x0000000c   Code   RO         1648    i.IOCON_PinMuxSet   pin_mux.o
    0x00002b08   0x00002b08   0x00000016   Code   RO          154    i.NVIC_EnableIRQ    can.o
    0x00002b1e   0x00002b1e   0x00000002   PAD
    0x00002b20   0x00002b20   0x00000014   Code   RO          469    i.POWER_DisablePD   fsl_clock.o
    0x00002b34   0x00002b34   0x00000014   Code   RO         1600    i.POWER_DisablePD   clock_config.o
    0x00002b48   0x00002b48   0x00000014   Code   RO          470    i.POWER_EnablePD    fsl_clock.o
    0x00002b5c   0x00002b5c   0x00000020   Code   RO         2976    i.POWER_SetPLL      keil_lib_power.lib(fsl_power_lib.o)
    0x00002b7c   0x00002b7c   0x00000074   Code   RO         2978    i.POWER_SetVoltageForFreq  keil_lib_power.lib(fsl_power_lib.o)
    0x00002bf0   0x00002bf0   0x00000014   Code   RO         2980    i.POWER_setVdLevel  keil_lib_power.lib(fsl_power_lib.o)
    0x00002c04   0x00002c04   0x00000080   Code   RO         1189    i.RESET_ClearPeripheralReset  fsl_reset.o
    0x00002c84   0x00002c84   0x00000012   Code   RO         1190    i.RESET_PeripheralReset  fsl_reset.o
    0x00002c96   0x00002c96   0x00000002   PAD
    0x00002c98   0x00002c98   0x00000080   Code   RO         1191    i.RESET_SetPeripheralReset  fsl_reset.o
    0x00002d18   0x00002d18   0x00000034   Code   RO         2895    i.SysTick_Handler   port.o
    0x00002d4c   0x00002d4c   0x00000030   Code   RO            8    i.SystemInit        system_lpc54608.o
    0x00002d7c   0x00002d7c   0x00000058   Code   RO         1226    i.USART_GetDefaultConfig  fsl_usart.o
    0x00002dd4   0x00002dd4   0x00000138   Code   RO         1228    i.USART_Init        fsl_usart.o
    0x00002f0c   0x00002f0c   0x000000f8   Code   RO         1229    i.USART_ReadBlocking  fsl_usart.o
    0x00003004   0x00003004   0x000000f0   Code   RO         1230    i.USART_SetBaudRate  fsl_usart.o
    0x000030f4   0x000030f4   0x00000098   Code   RO         1243    i.USART_WriteBlocking  fsl_usart.o
    0x0000318c   0x0000318c   0x00000044   Code   RO          860    i.__aeabi_assert    fsl_common.o
    0x000031d0   0x000031d0   0x0000000e   Code   RO         3032    i.__scatterload_copy  mc_w.l(handlers.o)
    0x000031de   0x000031de   0x00000002   Code   RO         3033    i.__scatterload_null  mc_w.l(handlers.o)
    0x000031e0   0x000031e0   0x0000000e   Code   RO         3034    i.__scatterload_zeroinit  mc_w.l(handlers.o)
    0x000031ee   0x000031ee   0x00000002   PAD
    0x000031f0   0x000031f0   0x00000158   Code   RO         1370    i.main              can_fd_msgobjs.o
    0x00003348   0x00003348   0x0000006c   Code   RO         1804    i.obd_Service_KeepAlive  obd_can.o
    0x000033b4   0x000033b4   0x00000014   Code   RO         1805    i.obd_Service_MsgTrasmit  obd_can.o
    0x000033c8   0x000033c8   0x00000084   Code   RO         1808    i.obd_can_TxMSG_Pack  obd_can.o
    0x0000344c   0x0000344c   0x00000044   Code   RO         1809    i.obd_can_TxMSG_Standard  obd_can.o
    0x00003490   0x00003490   0x00000098   Code   RO         2325    i.prvAddCurrentTaskToDelayedList  tasks.o
    0x00003528   0x00003528   0x000000b8   Code   RO         2326    i.prvAddNewTaskToReadyList  tasks.o
    0x000035e0   0x000035e0   0x00000064   Code   RO         2674    i.prvCheckForValidListAndQueue  timers.o
    0x00003644   0x00003644   0x00000064   Code   RO         2327    i.prvCheckTasksWaitingTermination  tasks.o
    0x000036a8   0x000036a8   0x0000002a   Code   RO         2130    i.prvCopyDataFromQueue  queue.o
    0x000036d2   0x000036d2   0x0000007c   Code   RO         2131    i.prvCopyDataToQueue  queue.o
    0x0000374e   0x0000374e   0x00000012   Code   RO         2328    i.prvDeleteTCB      tasks.o
    0x00003760   0x00003760   0x00000028   Code   RO         2675    i.prvGetNextExpireTime  timers.o
    0x00003788   0x00003788   0x0000007c   Code   RO         2816    i.prvHeapInit       heap_4.o
    0x00003804   0x00003804   0x00000028   Code   RO         2329    i.prvIdleTask       tasks.o
    0x0000382c   0x0000382c   0x0000002a   Code   RO         2133    i.prvInitialiseNewQueue  queue.o
    0x00003856   0x00003856   0x000000c8   Code   RO         2330    i.prvInitialiseNewTask  tasks.o
    0x0000391e   0x0000391e   0x00000002   PAD
    0x00003920   0x00003920   0x00000068   Code   RO         2331    i.prvInitialiseTaskLists  tasks.o
    0x00003988   0x00003988   0x00000068   Code   RO         2817    i.prvInsertBlockIntoFreeList  heap_4.o
    0x000039f0   0x000039f0   0x00000058   Code   RO         2677    i.prvInsertTimerInActiveList  timers.o
    0x00003a48   0x00003a48   0x0000001a   Code   RO         2134    i.prvIsQueueEmpty   queue.o
    0x00003a62   0x00003a62   0x0000001e   Code   RO         2135    i.prvIsQueueFull    queue.o
    0x00003a80   0x00003a80   0x00000064   Code   RO         2678    i.prvProcessExpiredTimer  timers.o
    0x00003ae4   0x00003ae4   0x00000124   Code   RO         2679    i.prvProcessReceivedCommands  timers.o
    0x00003c08   0x00003c08   0x00000074   Code   RO         2680    i.prvProcessTimerOrBlockTask  timers.o
    0x00003c7c   0x00003c7c   0x00000034   Code   RO         2333    i.prvResetNextTaskUnblockTime  tasks.o
    0x00003cb0   0x00003cb0   0x0000002c   Code   RO         2681    i.prvSampleTimeNow  timers.o
    0x00003cdc   0x00003cdc   0x000000a0   Code   RO         2682    i.prvSwitchTimerLists  timers.o
    0x00003d7c   0x00003d7c   0x00000040   Code   RO         2896    i.prvTaskExitError  port.o
    0x00003dbc   0x00003dbc   0x0000001a   Code   RO         2683    i.prvTimerTask      timers.o
    0x00003dd6   0x00003dd6   0x0000007e   Code   RO         2136    i.prvUnlockQueue    queue.o
    0x00003e54   0x00003e54   0x0000013c   Code   RO         2818    i.pvPortMalloc      heap_4.o
    0x00003f90   0x00003f90   0x00000020   Code   RO         2337    i.pvTaskIncrementMutexHeldCount  tasks.o
    0x00003fb0   0x00003fb0   0x0000002c   Code   RO         2897    i.pxPortInitialiseStack  port.o
    0x00003fdc   0x00003fdc   0x00000028   Code   RO         2093    i.uxListRemove      list.o
    0x00004004   0x00004004   0x000001a8   Code   RO         1371    i.vLcdTask          can_fd_msgobjs.o
    0x000041ac   0x000041ac   0x0000001a   Code   RO         2094    i.vListInitialise   list.o
    0x000041c6   0x000041c6   0x00000006   Code   RO         2095    i.vListInitialiseItem  list.o
    0x000041cc   0x000041cc   0x00000034   Code   RO         2096    i.vListInsert       list.o
    0x00004200   0x00004200   0x00000018   Code   RO         2097    i.vListInsertEnd    list.o
    0x00004218   0x00004218   0x00000054   Code   RO         2899    i.vPortEnterCritical  port.o
    0x0000426c   0x0000426c   0x0000003c   Code   RO         2900    i.vPortExitCritical  port.o
    0x000042a8   0x000042a8   0x00000094   Code   RO         2819    i.vPortFree         heap_4.o
    0x0000433c   0x0000433c   0x00000024   Code   RO         2865    i.vPortSetupTimerInterrupt  fsl_tickless_rtc.o
    0x00004360   0x00004360   0x00000078   Code   RO         2901    i.vPortValidateInterruptPriority  port.o
    0x000043d8   0x000043d8   0x0000002c   Code   RO         2142    i.vQueueAddToRegistry  queue.o
    0x00004404   0x00004404   0x0000004a   Code   RO         2146    i.vQueueWaitForMessageRestricted  queue.o
    0x0000444e   0x0000444e   0x00000002   PAD
    0x00004450   0x00004450   0x0000005c   Code   RO         2345    i.vTaskDelay        tasks.o
    0x000044ac   0x000044ac   0x0000000c   Code   RO         2350    i.vTaskMissedYield  tasks.o
    0x000044b8   0x000044b8   0x00000038   Code   RO         2352    i.vTaskPlaceOnEventList  tasks.o
    0x000044f0   0x000044f0   0x00000040   Code   RO         2353    i.vTaskPlaceOnEventListRestricted  tasks.o
    0x00004530   0x00004530   0x000000b0   Code   RO         2355    i.vTaskPriorityInherit  tasks.o
    0x000045e0   0x000045e0   0x00000030   Code   RO         2360    i.vTaskSetTimeOutState  tasks.o
    0x00004610   0x00004610   0x00000094   Code   RO         2361    i.vTaskStartScheduler  tasks.o
    0x000046a4   0x000046a4   0x00000010   Code   RO         2363    i.vTaskSuspendAll   tasks.o
    0x000046b4   0x000046b4   0x0000008c   Code   RO         2364    i.vTaskSwitchContext  tasks.o
    0x00004740   0x00004740   0x00000074   Code   RO         1372    i.vTask_UsartReceive_Detection  can_fd_msgobjs.o
    0x000047b4   0x000047b4   0x00000140   Code   RO         1373    i.vTask_UsartReceive_UnPack  can_fd_msgobjs.o
    0x000048f4   0x000048f4   0x00000070   Code   RO         1374    i.vTouchTask        can_fd_msgobjs.o
    0x00004964   0x00004964   0x0000013c   Code   RO         2902    i.xPortStartScheduler  port.o
    0x00004aa0   0x00004aa0   0x00000058   Code   RO         2149    i.xQueueGenericCreate  queue.o
    0x00004af8   0x00004af8   0x000001c4   Code   RO         2150    i.xQueueGenericReceive  queue.o
    0x00004cbc   0x00004cbc   0x00000098   Code   RO         2151    i.xQueueGenericReset  queue.o
    0x00004d54   0x00004d54   0x000001a8   Code   RO         2152    i.xQueueGenericSend  queue.o
    0x00004efc   0x00004efc   0x000000f8   Code   RO         2153    i.xQueueGenericSendFromISR  queue.o
    0x00004ff4   0x00004ff4   0x0000008c   Code   RO         2365    i.xTaskCheckForTimeOut  tasks.o
    0x00005080   0x00005080   0x00000060   Code   RO         2366    i.xTaskCreate       tasks.o
    0x000050e0   0x000050e0   0x00000020   Code   RO         2370    i.xTaskGetSchedulerState  tasks.o
    0x00005100   0x00005100   0x0000000c   Code   RO         2371    i.xTaskGetTickCount  tasks.o
    0x0000510c   0x0000510c   0x0000012c   Code   RO         2373    i.xTaskIncrementTick  tasks.o
    0x00005238   0x00005238   0x000000c8   Code   RO         2376    i.xTaskPriorityDisinherit  tasks.o
    0x00005300   0x00005300   0x00000098   Code   RO         2377    i.xTaskRemoveFromEventList  tasks.o
    0x00005398   0x00005398   0x00000104   Code   RO         2379    i.xTaskResumeAll    tasks.o
    0x0000549c   0x0000549c   0x00000054   Code   RO         2687    i.xTimerCreateTimerTask  timers.o
    0x000054f0   0x000054f0   0x00000084   Code   RO         2688    i.xTimerGenericCommand  timers.o
    0x00005574   0x00005574   0x00000008   Data   RO          155    .constdata          can.o
    0x0000557c   0x0000557c   0x0000005c   Data   RO          481    .constdata          fsl_clock.o
    0x000055d8   0x000055d8   0x00000048   Data   RO          998    .constdata          fsl_flexcomm.o
    0x00005620   0x00005620   0x00000038   Data   RO         1601    .constdata          clock_config.o
    0x00005658   0x00005658   0x00000020   Data   RO         3030    Region$$Table       anon$$obj.o


    Execution Region RW_m_data (Exec base: 0x20000000, Load base: 0x00005678, Size: 0x00002e48, Max: 0x00027800, ABSOLUTE, COMPRESSED[0x000000a8])

    Exec Addr    Load Addr    Size         Type   Attr      Idx    E Section Name        Object

    0x20000000   COMPRESSED   0x00000004   Data   RW           17    .data               system_lpc54608.o
    0x20000004   COMPRESSED   0x0000000c   Data   RW          156    .data               can.o
    0x20000010   COMPRESSED   0x0000000c   Data   RW          482    .data               fsl_clock.o
    0x2000001c   COMPRESSED   0x000000f8   Data   RW         1376    .data               can_fd_msgobjs.o
    0x20000114   COMPRESSED   0x00000002   Data   RW         1525    .data               board.o
    0x20000116   COMPRESSED   0x00000026   Data   RW         1922    .data               obd_control.o
    0x2000013c   COMPRESSED   0x0000003c   Data   RW         2382    .data               tasks.o
    0x20000178   COMPRESSED   0x00000014   Data   RW         2696    .data               timers.o
    0x2000018c   COMPRESSED   0x00000018   Data   RW         2824    .data               heap_4.o
    0x200001a4   COMPRESSED   0x0000000c   Data   RW         2903    .data               port.o
    0x200001b0        -       0x00000050   Zero   RW          997    .bss                fsl_flexcomm.o
    0x20000200        -       0x00000278   Zero   RW         1375    .bss                can_fd_msgobjs.o
    0x20000478        -       0x00000010   Zero   RW         1698    .bss                fsl_debug_console.o
    0x20000488        -       0x00000090   Zero   RW         1810    .bss                obd_can.o
    0x20000518        -       0x00000040   Zero   RW         2161    .bss                queue.o
    0x20000558        -       0x000000c8   Zero   RW         2381    .bss                tasks.o
    0x20000620        -       0x00000028   Zero   RW         2695    .bss                timers.o
    0x20000648        -       0x00002800   Zero   RW         2823    .bss                heap_4.o


    Execution Region ARM_LIB_HEAP (Exec base: 0x20002e48, Load base: 0x00005720, Size: 0x00000400, Max: 0x00000400, ABSOLUTE)

    Exec Addr    Load Addr    Size         Type   Attr      Idx    E Section Name        Object

    0x20002e48        -       0x00000400   Zero   RW            2    ARM_LIB_HEAP.bss    anon$$obj.o


    Execution Region ARM_LIB_STACK (Exec base: 0x20027c00, Load base: 0x00005720, Size: 0x00000400, Max: 0x00000400, ABSOLUTE)

    Exec Addr    Load Addr    Size         Type   Attr      Idx    E Section Name        Object

    0x20027c00        -       0x00000400   Zero   RW            3    ARM_LIB_STACK.bss   anon$$obj.o



  Load Region LR_m_usb_bdt (Base: 0x40100000, Size: 0x00000000, Max: 0x00000000, ABSOLUTE)

    Execution Region ER_m_usb_bdt (Exec base: 0x40100000, Load base: 0x40100000, Size: 0x00000000, Max: 0x00000000, ABSOLUTE, UNINIT)

    **** No section assigned to this execution region ****



  Load Region LR_m_usb_ram (Base: 0x40100000, Size: 0x00000000, Max: 0x00002000, ABSOLUTE)

    Execution Region ER_m_usb_ram (Exec base: 0x40100000, Load base: 0x40100000, Size: 0x00000000, Max: 0x00002000, ABSOLUTE, UNINIT)

    **** No section assigned to this execution region ****


==============================================================================

Image component sizes


      Code (inc. data)   RO Data    RW Data    ZI Data      Debug   Object Name

       382        116          0          2          0      24606   board.o
      3202         76          8         12          0     610682   can.o
      1568        248          0        248        632      77044   can_fd_msgobjs.o
       192         26         56          0          0       2757   clock_config.o
         0          0          0          0          0       8020   event_groups.o
      2506        254         92         12          0      35129   fsl_clock.o
        68         44          0          0          0        633   fsl_common.o
       954         28          0          0         16      13297   fsl_debug_console.o
      1290        694         72          0         80      21734   fsl_flexcomm.o
        84          0          0          0          0       2003   fsl_gpio.o
       274         96          0          0          0       2300   fsl_reset.o
        36          6          0          0          0        587   fsl_tickless_rtc.o
      1040        336          0          0          0      10689   fsl_usart.o
       692         62          0         24      10240       4583   heap_4.o
       148          0          0          0          0       3394   list.o
       328         30          0          0        144       5211   obd_can.o
         0          0          0         38          0       1812   obd_control.o
       296         12          0          0          0      16525   pin_mux.o
       922         86          0         12          0      10572   port.o
      1872         22          0          0         64      13989   queue.o
       492        236        292          0          0       3572   startup_lpc54608.o
        48         12          0          4          0       5927   system_lpc54608.o
      2826        366          0         60        200      23289   tasks.o
      1182        114          0         20         40      17979   timers.o

    ----------------------------------------------------------------------
     20420       2864        552        432      13464     916334   Object Totals
         0          0         32          0       2048          0   (incl. Generated)
        18          0          0          0          0          0   (incl. Padding)

    ----------------------------------------------------------------------

      Code (inc. data)   RO Data    RW Data    ZI Data      Debug   Library Member Name

       168         20          0          0          0        364   fsl_power_lib.o
        86          0          0          0          0          0   __dczerorl2.o
         0          0          0          0          0          0   entry.o
         0          0          0          0          0          0   entry10a.o
         0          0          0          0          0          0   entry11a.o
         8          4          0          0          0          0   entry4.o
         4          0          0          0          0          0   entry5.o
         0          0          0          0          0          0   entry7b.o
         0          0          0          0          0          0   entry8b.o
         8          4          0          0          0          0   entry9a.o
        30          0          0          0          0          0   handlers.o
        36          8          0          0          0         68   init.o
        36          0          0          0          0         68   memcpya.o
        36          0          0          0          0        108   memseta.o
        14          0          0          0          0         68   strlen.o

    ----------------------------------------------------------------------
       432         36          0          0          0        676   Library Totals
         6          0          0          0          0          0   (incl. Padding)

    ----------------------------------------------------------------------

      Code (inc. data)   RO Data    RW Data    ZI Data      Debug   Library Name

       168         20          0          0          0        364   keil_lib_power.lib
       258         16          0          0          0        312   mc_w.l

    ----------------------------------------------------------------------
       432         36          0          0          0        676   Library Totals

    ----------------------------------------------------------------------

==============================================================================


      Code (inc. data)   RO Data    RW Data    ZI Data      Debug   

     20852       2900        552        432      13464     899742   Grand Totals
     20852       2900        552        168      13464     899742   ELF Image Totals (compressed)
     20852       2900        552        168          0          0   ROM Totals

==============================================================================

    Total RO  Size (Code + RO Data)                21404 (  20.90kB)
    Total RW  Size (RW Data + ZI Data)             13896 (  13.57kB)
    Total ROM Size (Code + RO Data + RW Data)      21572 (  21.07kB)

==============================================================================

