


ARM Macro Assembler    Page 1 


    1 00000000         ;/******************************************************
                       ***********************
    2 00000000         ; * @file:    startup_LPC54608.s
    3 00000000         ; * @purpose: CMSIS Cortex-M4 Core Device Startup File f
                       or the
    4 00000000         ; *           LPC54608
    5 00000000         ; * @version: 1.1
    6 00000000         ; * @date:    2016-11-25
    7 00000000         ; *
    8 00000000         ; * Copyright 1997 - 2016 Freescale Semiconductor, Inc.
    9 00000000         ; * Copyright 2016 - 2017 NXP
   10 00000000         ; *
   11 00000000         ; * Redistribution and use in source and binary forms, w
                       ith or without modification,
   12 00000000         ; * are permitted provided that the following conditions
                        are met:
   13 00000000         ; *
   14 00000000         ; * o Redistributions of source code must retain the abo
                       ve copyright notice, this list
   15 00000000         ; *   of conditions and the following disclaimer.
   16 00000000         ; *
   17 00000000         ; * o Redistributions in binary form must reproduce the 
                       above copyright notice, this
   18 00000000         ; *   list of conditions and the following disclaimer in
                        the documentation and/or
   19 00000000         ; *   other materials provided with the distribution.
   20 00000000         ; *
   21 00000000         ; * o Neither the name of the copyright holder nor the n
                       ames of its
   22 00000000         ; *   contributors may be used to endorse or promote pro
                       ducts derived from this
   23 00000000         ; *   software without specific prior written permission
                       .
   24 00000000         ; *
   25 00000000         ; * THIS SOFTWARE IS PROVIDED BY THE COPYRIGHT HOLDERS A
                       ND CONTRIBUTORS "AS IS" AND
   26 00000000         ; * ANY EXPRESS OR IMPLIED WARRANTIES, INCLUDING, BUT NO
                       T LIMITED TO, THE IMPLIED
   27 00000000         ; * WARRANTIES OF MERCHANTABILITY AND FITNESS FOR A PART
                       ICULAR PURPOSE ARE
   28 00000000         ; * DISCLAIMED. IN NO EVENT SHALL THE COPYRIGHT HOLDER O
                       R CONTRIBUTORS BE LIABLE FOR
   29 00000000         ; * ANY DIRECT, INDIRECT, INCIDENTAL, SPECIAL, EXEMPLARY
                       , OR CONSEQUENTIAL DAMAGES
   30 00000000         ; * (INCLUDING, BUT NOT LIMITED TO, PROCUREMENT OF SUBST
                       ITUTE GOODS OR SERVICES;
   31 00000000         ; * LOSS OF USE, DATA, OR PROFITS; OR BUSINESS INTERRUPT
                       ION) HOWEVER CAUSED AND ON
   32 00000000         ; * ANY THEORY OF LIABILITY, WHETHER IN CONTRACT, STRICT
                        LIABILITY, OR TORT
   33 00000000         ; * (INCLUDING NEGLIGENCE OR OTHERWISE) ARISING IN ANY W
                       AY OUT OF THE USE OF THIS
   34 00000000         ; * SOFTWARE, EVEN IF ADVISED OF THE POSSIBILITY OF SUCH
                        DAMAGE.
   35 00000000         ; *
   36 00000000         ; *------- <<< Use Configuration Wizard in Context Menu 
                       >>> ------------------
   37 00000000         ; *
   38 00000000         ; ******************************************************



ARM Macro Assembler    Page 2 


                       ***********************/
   39 00000000         
   40 00000000         
   41 00000000                 PRESERVE8
   42 00000000                 THUMB
   43 00000000         
   44 00000000         ; Vector Table Mapped to Address 0 at Reset
   45 00000000                 AREA             RESET, DATA, READONLY
   46 00000000                 EXPORT           __Vectors
   47 00000000                 IMPORT           |Image$$ARM_LIB_STACK$$ZI$$Limi
t|
   48 00000000         
   49 00000000 00000000 
                       __Vectors
                               DCD              |Image$$ARM_LIB_STACK$$ZI$$Limi
t| 
                                                            ; Top of Stack
   50 00000004 00000000        DCD              Reset_Handler ; Reset Handler
   51 00000008         
   52 00000008 00000000        DCD              NMI_Handler
   53 0000000C 00000000        DCD              HardFault_Handler
   54 00000010 00000000        DCD              MemManage_Handler
   55 00000014 00000000        DCD              BusFault_Handler
   56 00000018 00000000        DCD              UsageFault_Handler
   57 0000001C         __vector_table_0x1c
   58 0000001C 00000000        DCD              0           ; Checksum of the f
                                                            irst 7 words
   59 00000020 FFFFFFFF        DCD              0xFFFFFFFF  ; ECRP
   60 00000024 00000000        DCD              0           ; Enhanced image ma
                                                            rker, set to 0x0 fo
                                                            r legacy boot
   61 00000028 00000000        DCD              0           ; Pointer to enhanc
                                                            ed boot block, set 
                                                            to 0x0 for legacy b
                                                            oot
   62 0000002C 00000000        DCD              SVC_Handler
   63 00000030 00000000        DCD              DebugMon_Handler
   64 00000034 00000000        DCD              0
   65 00000038 00000000        DCD              PendSV_Handler
   66 0000003C 00000000        DCD              SysTick_Handler
   67 00000040         
   68 00000040         ; External Interrupts
   69 00000040 00000000        DCD              WDT_BOD_IRQHandler ; Windowed w
                                                            atchdog timer, Brow
                                                            nout detect
   70 00000044 00000000        DCD              DMA0_IRQHandler 
                                                            ; DMA controller
   71 00000048 00000000        DCD              GINT0_IRQHandler ; GPIO group 0
                                                            
   72 0000004C 00000000        DCD              GINT1_IRQHandler ; GPIO group 1
                                                            
   73 00000050 00000000        DCD              PIN_INT0_IRQHandler ; Pin inter
                                                            rupt 0 or pattern m
                                                            atch engine slice 0
                                                            
   74 00000054 00000000        DCD              PIN_INT1_IRQHandler ; Pin inter
                                                            rupt 1or pattern ma
                                                            tch engine slice 1
   75 00000058 00000000        DCD              PIN_INT2_IRQHandler ; Pin inter



ARM Macro Assembler    Page 3 


                                                            rupt 2 or pattern m
                                                            atch engine slice 2
                                                            
   76 0000005C 00000000        DCD              PIN_INT3_IRQHandler ; Pin inter
                                                            rupt 3 or pattern m
                                                            atch engine slice 3
                                                            
   77 00000060 00000000        DCD              UTICK0_IRQHandler 
                                                            ; Micro-tick Timer
   78 00000064 00000000        DCD              MRT0_IRQHandler 
                                                            ; Multi-rate timer
   79 00000068 00000000        DCD              CTIMER0_IRQHandler ; Standard c
                                                            ounter/timer CTIMER
                                                            0
   80 0000006C 00000000        DCD              CTIMER1_IRQHandler ; Standard c
                                                            ounter/timer CTIMER
                                                            1
   81 00000070 00000000        DCD              SCT0_IRQHandler ; SCTimer/PWM
   82 00000074 00000000        DCD              CTIMER3_IRQHandler ; Standard c
                                                            ounter/timer CTIMER
                                                            3
   83 00000078 00000000        DCD              FLEXCOMM0_IRQHandler ; Flexcomm
                                                             Interface 0 (USART
                                                            , SPI, I2C, FLEXCOM
                                                            M)
   84 0000007C 00000000        DCD              FLEXCOMM1_IRQHandler ; Flexcomm
                                                             Interface 1 (USART
                                                            , SPI, I2C, FLEXCOM
                                                            M)
   85 00000080 00000000        DCD              FLEXCOMM2_IRQHandler ; Flexcomm
                                                             Interface 2 (USART
                                                            , SPI, I2C, FLEXCOM
                                                            M)
   86 00000084 00000000        DCD              FLEXCOMM3_IRQHandler ; Flexcomm
                                                             Interface 3 (USART
                                                            , SPI, I2C, FLEXCOM
                                                            M)
   87 00000088 00000000        DCD              FLEXCOMM4_IRQHandler ; Flexcomm
                                                             Interface 4 (USART
                                                            , SPI, I2C, FLEXCOM
                                                            M)
   88 0000008C 00000000        DCD              FLEXCOMM5_IRQHandler ; Flexcomm
                                                             Interface 5 (USART
                                                            , SPI, I2C,, FLEXCO
                                                            MM)
   89 00000090 00000000        DCD              FLEXCOMM6_IRQHandler ; Flexcomm
                                                             Interface 6 (USART
                                                            , SPI, I2C, I2S,, F
                                                            LEXCOMM)
   90 00000094 00000000        DCD              FLEXCOMM7_IRQHandler ; Flexcomm
                                                             Interface 7 (USART
                                                            , SPI, I2C, I2S,, F
                                                            LEXCOMM)
   91 00000098 00000000        DCD              ADC0_SEQA_IRQHandler ; ADC0 seq
                                                            uence A completion.
                                                            
   92 0000009C 00000000        DCD              ADC0_SEQB_IRQHandler ; ADC0 seq
                                                            uence B completion.
                                                            



ARM Macro Assembler    Page 4 


   93 000000A0 00000000        DCD              ADC0_THCMP_IRQHandler ; ADC0 th
                                                            reshold compare and
                                                             error.
   94 000000A4 00000000        DCD              DMIC0_IRQHandler ; Digital micr
                                                            ophone and DMIC sub
                                                            system
   95 000000A8 00000000        DCD              HWVAD0_IRQHandler ; Hardware Vo
                                                            ice Activity Detect
                                                            or
   96 000000AC 00000000        DCD              USB0_NEEDCLK_IRQHandler ; USB A
                                                            ctivity Wake-up Int
                                                            errupt
   97 000000B0 00000000        DCD              USB0_IRQHandler ; USB device
   98 000000B4 00000000        DCD              RTC_IRQHandler ; RTC alarm and 
                                                            wake-up interrupts
   99 000000B8 00000000        DCD              Reserved46_IRQHandler ; Reserve
                                                            d interrupt
  100 000000BC 00000000        DCD              Reserved47_IRQHandler ; Reserve
                                                            d interrupt
  101 000000C0 00000000        DCD              PIN_INT4_IRQHandler ; Pin inter
                                                            rupt 4 or pattern m
                                                            atch engine slice 4
                                                             int
  102 000000C4 00000000        DCD              PIN_INT5_IRQHandler ; Pin inter
                                                            rupt 5 or pattern m
                                                            atch engine slice 5
                                                             int
  103 000000C8 00000000        DCD              PIN_INT6_IRQHandler ; Pin inter
                                                            rupt 6 or pattern m
                                                            atch engine slice 6
                                                             int
  104 000000CC 00000000        DCD              PIN_INT7_IRQHandler ; Pin inter
                                                            rupt 7 or pattern m
                                                            atch engine slice 7
                                                             int
  105 000000D0 00000000        DCD              CTIMER2_IRQHandler ; Standard c
                                                            ounter/timer CTIMER
                                                            2
  106 000000D4 00000000        DCD              CTIMER4_IRQHandler ; Standard c
                                                            ounter/timer CTIMER
                                                            4
  107 000000D8 00000000        DCD              RIT_IRQHandler ; Repetitive Int
                                                            errupt Timer
  108 000000DC 00000000        DCD              SPIFI0_IRQHandler ; SPI flash i
                                                            nterface
  109 000000E0 00000000        DCD              FLEXCOMM8_IRQHandler ; Flexcomm
                                                             Interface 8 (USART
                                                            , SPI, I2C, FLEXCOM
                                                            M)
  110 000000E4 00000000        DCD              FLEXCOMM9_IRQHandler ; Flexcomm
                                                             Interface 9 (USART
                                                            , SPI, I2C, FLEXCOM
                                                            M)
  111 000000E8 00000000        DCD              SDIO_IRQHandler ; SD/MMC
  112 000000EC 00000000        DCD              CAN0_IRQ0_IRQHandler 
                                                            ; CAN0 interrupt0
  113 000000F0 00000000        DCD              CAN0_IRQ1_IRQHandler 
                                                            ; CAN0 interrupt1
  114 000000F4 00000000        DCD              CAN1_IRQ0_IRQHandler 



ARM Macro Assembler    Page 5 


                                                            ; CAN1 interrupt0
  115 000000F8 00000000        DCD              CAN1_IRQ1_IRQHandler 
                                                            ; CAN1 interrupt1
  116 000000FC 00000000        DCD              USB1_IRQHandler 
                                                            ; USB1 interrupt
  117 00000100 00000000        DCD              USB1_NEEDCLK_IRQHandler 
                                                            ; USB1 activity
  118 00000104 00000000        DCD              ETHERNET_IRQHandler ; Ethernet
  119 00000108 00000000        DCD              ETHERNET_PMT_IRQHandler ; Ether
                                                            net power managemen
                                                            t interrupt
  120 0000010C 00000000        DCD              ETHERNET_MACLP_IRQHandler ; Eth
                                                            ernet MAC interrupt
                                                            
  121 00000110 00000000        DCD              EEPROM_IRQHandler 
                                                            ; EEPROM interrupt
  122 00000114 00000000        DCD              LCD_IRQHandler ; LCD interrupt
  123 00000118 00000000        DCD              SHA_IRQHandler ; SHA interrupt
  124 0000011C 00000000        DCD              SMARTCARD0_IRQHandler ; Smart c
                                                            ard 0 interrupt
  125 00000120 00000000        DCD              SMARTCARD1_IRQHandler ; Smart c
                                                            ard 1 interrupt
  126 00000124         
  127 00000124                 AREA             |.text|, CODE, READONLY
  128 00000000         
  129 00000000         ; Reset Handler
  130 00000000         Reset_Handler
                               PROC
  131 00000000                 EXPORT           Reset_Handler               [WE
AK]
  132 00000000                 IMPORT           SystemInit
  133 00000000                 IMPORT           __main
  134 00000000         
  135 00000000 483F            LDR              r0, =SystemInit
  136 00000002 4780            BLX              r0
  137 00000004 483F            LDR              r0, =__main
  138 00000006 4700            BX               r0
  139 00000008                 ENDP
  140 00000008         
  141 00000008         ; Dummy Exception Handlers (infinite loops which can be 
                       modified)
  142 00000008         NMI_Handler
                               PROC
  143 00000008                 EXPORT           NMI_Handler               [WEAK
]
  144 00000008 E7FE            B                .
  145 0000000A                 ENDP
  146 0000000A         
  148 0000000A         HardFault_Handler
                               PROC
  149 0000000A                 EXPORT           HardFault_Handler         [WEAK
]
  150 0000000A E7FE            B                .
  151 0000000C                 ENDP
  152 0000000C         
  153 0000000C         MemManage_Handler
                               PROC
  154 0000000C                 EXPORT           MemManage_Handler         [WEAK
]



ARM Macro Assembler    Page 6 


  155 0000000C E7FE            B                .
  156 0000000E                 ENDP
  157 0000000E         
  158 0000000E         BusFault_Handler
                               PROC
  159 0000000E                 EXPORT           BusFault_Handler          [WEAK
]
  160 0000000E E7FE            B                .
  161 00000010                 ENDP
  162 00000010         
  163 00000010         UsageFault_Handler
                               PROC
  164 00000010                 EXPORT           UsageFault_Handler        [WEAK
]
  165 00000010 E7FE            B                .
  166 00000012                 ENDP
  167 00000012         
  168 00000012         SVC_Handler
                               PROC
  169 00000012                 EXPORT           SVC_Handler               [WEAK
]
  170 00000012 E7FE            B                .
  171 00000014                 ENDP
  172 00000014         
  173 00000014         DebugMon_Handler
                               PROC
  174 00000014                 EXPORT           DebugMon_Handler          [WEAK
]
  175 00000014 E7FE            B                .
  176 00000016                 ENDP
  177 00000016         
  178 00000016         PendSV_Handler
                               PROC
  179 00000016                 EXPORT           PendSV_Handler            [WEAK
]
  180 00000016 E7FE            B                .
  181 00000018                 ENDP
  182 00000018         
  183 00000018         SysTick_Handler
                               PROC
  184 00000018                 EXPORT           SysTick_Handler           [WEAK
]
  185 00000018 E7FE            B                .
  186 0000001A                 ENDP
  187 0000001A         
  189 0000001A         WDT_BOD_IRQHandler
                               PROC
  190 0000001A                 EXPORT           WDT_BOD_IRQHandler        [WEAK
]
  191 0000001A 483B            LDR              R0, =WDT_BOD_DriverIRQHandler
  192 0000001C 4700            BX               R0
  193 0000001E                 ENDP
  194 0000001E         
  196 0000001E         DMA0_IRQHandler
                               PROC
  197 0000001E                 EXPORT           DMA0_IRQHandler        [WEAK]
  198 0000001E 483B            LDR              R0, =DMA0_DriverIRQHandler
  199 00000020 4700            BX               R0
  200 00000022                 ENDP



ARM Macro Assembler    Page 7 


  201 00000022         
  203 00000022         GINT0_IRQHandler
                               PROC
  204 00000022                 EXPORT           GINT0_IRQHandler        [WEAK]
  205 00000022 483B            LDR              R0, =GINT0_DriverIRQHandler
  206 00000024 4700            BX               R0
  207 00000026                 ENDP
  208 00000026         
  210 00000026         GINT1_IRQHandler
                               PROC
  211 00000026                 EXPORT           GINT1_IRQHandler        [WEAK]
  212 00000026 483B            LDR              R0, =GINT1_DriverIRQHandler
  213 00000028 4700            BX               R0
  214 0000002A                 ENDP
  215 0000002A         
  217 0000002A         PIN_INT0_IRQHandler
                               PROC
  218 0000002A                 EXPORT           PIN_INT0_IRQHandler        [WEA
K]
  219 0000002A 483B            LDR              R0, =PIN_INT0_DriverIRQHandler
  220 0000002C 4700            BX               R0
  221 0000002E                 ENDP
  222 0000002E         
  224 0000002E         PIN_INT1_IRQHandler
                               PROC
  225 0000002E                 EXPORT           PIN_INT1_IRQHandler        [WEA
K]
  226 0000002E 483B            LDR              R0, =PIN_INT1_DriverIRQHandler
  227 00000030 4700            BX               R0
  228 00000032                 ENDP
  229 00000032         
  231 00000032         PIN_INT2_IRQHandler
                               PROC
  232 00000032                 EXPORT           PIN_INT2_IRQHandler        [WEA
K]
  233 00000032 483B            LDR              R0, =PIN_INT2_DriverIRQHandler
  234 00000034 4700            BX               R0
  235 00000036                 ENDP
  236 00000036         
  238 00000036         PIN_INT3_IRQHandler
                               PROC
  239 00000036                 EXPORT           PIN_INT3_IRQHandler        [WEA
K]
  240 00000036 483B            LDR              R0, =PIN_INT3_DriverIRQHandler
  241 00000038 4700            BX               R0
  242 0000003A                 ENDP
  243 0000003A         
  245 0000003A         UTICK0_IRQHandler
                               PROC
  246 0000003A                 EXPORT           UTICK0_IRQHandler        [WEAK]
  247 0000003A 483B            LDR              R0, =UTICK0_DriverIRQHandler
  248 0000003C 4700            BX               R0
  249 0000003E                 ENDP
  250 0000003E         
  252 0000003E         MRT0_IRQHandler
                               PROC
  253 0000003E                 EXPORT           MRT0_IRQHandler        [WEAK]
  254 0000003E 483B            LDR              R0, =MRT0_DriverIRQHandler
  255 00000040 4700            BX               R0



ARM Macro Assembler    Page 8 


  256 00000042                 ENDP
  257 00000042         
  259 00000042         CTIMER0_IRQHandler
                               PROC
  260 00000042                 EXPORT           CTIMER0_IRQHandler        [WEAK
]
  261 00000042 483B            LDR              R0, =CTIMER0_DriverIRQHandler
  262 00000044 4700            BX               R0
  263 00000046                 ENDP
  264 00000046         
  266 00000046         CTIMER1_IRQHandler
                               PROC
  267 00000046                 EXPORT           CTIMER1_IRQHandler        [WEAK
]
  268 00000046 483B            LDR              R0, =CTIMER1_DriverIRQHandler
  269 00000048 4700            BX               R0
  270 0000004A                 ENDP
  271 0000004A         
  273 0000004A         SCT0_IRQHandler
                               PROC
  274 0000004A                 EXPORT           SCT0_IRQHandler        [WEAK]
  275 0000004A 483B            LDR              R0, =SCT0_DriverIRQHandler
  276 0000004C 4700            BX               R0
  277 0000004E                 ENDP
  278 0000004E         
  280 0000004E         CTIMER3_IRQHandler
                               PROC
  281 0000004E                 EXPORT           CTIMER3_IRQHandler        [WEAK
]
  282 0000004E 483B            LDR              R0, =CTIMER3_DriverIRQHandler
  283 00000050 4700            BX               R0
  284 00000052                 ENDP
  285 00000052         
  287 00000052         FLEXCOMM0_IRQHandler
                               PROC
  288 00000052                 EXPORT           FLEXCOMM0_IRQHandler        [WE
AK]
  289 00000052 483B            LDR              R0, =FLEXCOMM0_DriverIRQHandler
  290 00000054 4700            BX               R0
  291 00000056                 ENDP
  292 00000056         
  294 00000056         FLEXCOMM1_IRQHandler
                               PROC
  295 00000056                 EXPORT           FLEXCOMM1_IRQHandler        [WE
AK]
  296 00000056 483B            LDR              R0, =FLEXCOMM1_DriverIRQHandler
  297 00000058 4700            BX               R0
  298 0000005A                 ENDP
  299 0000005A         
  301 0000005A         FLEXCOMM2_IRQHandler
                               PROC
  302 0000005A                 EXPORT           FLEXCOMM2_IRQHandler        [WE
AK]
  303 0000005A 483B            LDR              R0, =FLEXCOMM2_DriverIRQHandler
  304 0000005C 4700            BX               R0
  305 0000005E                 ENDP
  306 0000005E         
  308 0000005E         FLEXCOMM3_IRQHandler
                               PROC



ARM Macro Assembler    Page 9 


  309 0000005E                 EXPORT           FLEXCOMM3_IRQHandler        [WE
AK]
  310 0000005E 483B            LDR              R0, =FLEXCOMM3_DriverIRQHandler
  311 00000060 4700            BX               R0
  312 00000062                 ENDP
  313 00000062         
  315 00000062         FLEXCOMM4_IRQHandler
                               PROC
  316 00000062                 EXPORT           FLEXCOMM4_IRQHandler        [WE
AK]
  317 00000062 483B            LDR              R0, =FLEXCOMM4_DriverIRQHandler
  318 00000064 4700            BX               R0
  319 00000066                 ENDP
  320 00000066         
  322 00000066         FLEXCOMM5_IRQHandler
                               PROC
  323 00000066                 EXPORT           FLEXCOMM5_IRQHandler        [WE
AK]
  324 00000066 483B            LDR              R0, =FLEXCOMM5_DriverIRQHandler
  325 00000068 4700            BX               R0
  326 0000006A                 ENDP
  327 0000006A         
  329 0000006A         FLEXCOMM6_IRQHandler
                               PROC
  330 0000006A                 EXPORT           FLEXCOMM6_IRQHandler        [WE
AK]
  331 0000006A 483B            LDR              R0, =FLEXCOMM6_DriverIRQHandler
  332 0000006C 4700            BX               R0
  333 0000006E                 ENDP
  334 0000006E         
  336 0000006E         FLEXCOMM7_IRQHandler
                               PROC
  337 0000006E                 EXPORT           FLEXCOMM7_IRQHandler        [WE
AK]
  338 0000006E 483B            LDR              R0, =FLEXCOMM7_DriverIRQHandler
  339 00000070 4700            BX               R0
  340 00000072                 ENDP
  341 00000072         
  343 00000072         ADC0_SEQA_IRQHandler
                               PROC
  344 00000072                 EXPORT           ADC0_SEQA_IRQHandler        [WE
AK]
  345 00000072 483B            LDR              R0, =ADC0_SEQA_DriverIRQHandler
  346 00000074 4700            BX               R0
  347 00000076                 ENDP
  348 00000076         
  350 00000076         ADC0_SEQB_IRQHandler
                               PROC
  351 00000076                 EXPORT           ADC0_SEQB_IRQHandler        [WE
AK]
  352 00000076 483B            LDR              R0, =ADC0_SEQB_DriverIRQHandler
  353 00000078 4700            BX               R0
  354 0000007A                 ENDP
  355 0000007A         
  357 0000007A         ADC0_THCMP_IRQHandler
                               PROC
  358 0000007A                 EXPORT           ADC0_THCMP_IRQHandler        [W
EAK]
  359 0000007A 483B            LDR              R0, =ADC0_THCMP_DriverIRQHandle



ARM Macro Assembler    Page 10 


r
  360 0000007C 4700            BX               R0
  361 0000007E                 ENDP
  362 0000007E         
  364 0000007E         DMIC0_IRQHandler
                               PROC
  365 0000007E                 EXPORT           DMIC0_IRQHandler        [WEAK]
  366 0000007E 483B            LDR              R0, =DMIC0_DriverIRQHandler
  367 00000080 4700            BX               R0
  368 00000082                 ENDP
  369 00000082         
  371 00000082         HWVAD0_IRQHandler
                               PROC
  372 00000082                 EXPORT           HWVAD0_IRQHandler        [WEAK]
  373 00000082 483B            LDR              R0, =HWVAD0_DriverIRQHandler
  374 00000084 4700            BX               R0
  375 00000086                 ENDP
  376 00000086         
  378 00000086         USB0_NEEDCLK_IRQHandler
                               PROC
  379 00000086                 EXPORT           USB0_NEEDCLK_IRQHandler        
[WEAK]
  380 00000086 483B            LDR              R0, =USB0_NEEDCLK_DriverIRQHand
ler
  381 00000088 4700            BX               R0
  382 0000008A                 ENDP
  383 0000008A         
  385 0000008A         USB0_IRQHandler
                               PROC
  386 0000008A                 EXPORT           USB0_IRQHandler        [WEAK]
  387 0000008A 483B            LDR              R0, =USB0_DriverIRQHandler
  388 0000008C 4700            BX               R0
  389 0000008E                 ENDP
  390 0000008E         
  392 0000008E         RTC_IRQHandler
                               PROC
  393 0000008E                 EXPORT           RTC_IRQHandler        [WEAK]
  394 0000008E 483B            LDR              R0, =RTC_DriverIRQHandler
  395 00000090 4700            BX               R0
  396 00000092                 ENDP
  397 00000092         
  399 00000092         Reserved46_IRQHandler
                               PROC
  400 00000092                 EXPORT           Reserved46_IRQHandler        [W
EAK]
  401 00000092 483B            LDR              R0, =Reserved46_DriverIRQHandle
r
  402 00000094 4700            BX               R0
  403 00000096                 ENDP
  404 00000096         
  406 00000096         Reserved47_IRQHandler
                               PROC
  407 00000096                 EXPORT           Reserved47_IRQHandler        [W
EAK]
  408 00000096 483B            LDR              R0, =Reserved47_DriverIRQHandle
r
  409 00000098 4700            BX               R0
  410 0000009A                 ENDP
  411 0000009A         



ARM Macro Assembler    Page 11 


  413 0000009A         PIN_INT4_IRQHandler
                               PROC
  414 0000009A                 EXPORT           PIN_INT4_IRQHandler        [WEA
K]
  415 0000009A 483B            LDR              R0, =PIN_INT4_DriverIRQHandler
  416 0000009C 4700            BX               R0
  417 0000009E                 ENDP
  418 0000009E         
  420 0000009E         PIN_INT5_IRQHandler
                               PROC
  421 0000009E                 EXPORT           PIN_INT5_IRQHandler        [WEA
K]
  422 0000009E 483B            LDR              R0, =PIN_INT5_DriverIRQHandler
  423 000000A0 4700            BX               R0
  424 000000A2                 ENDP
  425 000000A2         
  427 000000A2         PIN_INT6_IRQHandler
                               PROC
  428 000000A2                 EXPORT           PIN_INT6_IRQHandler        [WEA
K]
  429 000000A2 483B            LDR              R0, =PIN_INT6_DriverIRQHandler
  430 000000A4 4700            BX               R0
  431 000000A6                 ENDP
  432 000000A6         
  434 000000A6         PIN_INT7_IRQHandler
                               PROC
  435 000000A6                 EXPORT           PIN_INT7_IRQHandler        [WEA
K]
  436 000000A6 483B            LDR              R0, =PIN_INT7_DriverIRQHandler
  437 000000A8 4700            BX               R0
  438 000000AA                 ENDP
  439 000000AA         
  441 000000AA         CTIMER2_IRQHandler
                               PROC
  442 000000AA                 EXPORT           CTIMER2_IRQHandler        [WEAK
]
  443 000000AA 483B            LDR              R0, =CTIMER2_DriverIRQHandler
  444 000000AC 4700            BX               R0
  445 000000AE                 ENDP
  446 000000AE         
  448 000000AE         CTIMER4_IRQHandler
                               PROC
  449 000000AE                 EXPORT           CTIMER4_IRQHandler        [WEAK
]
  450 000000AE 483B            LDR              R0, =CTIMER4_DriverIRQHandler
  451 000000B0 4700            BX               R0
  452 000000B2                 ENDP
  453 000000B2         
  455 000000B2         RIT_IRQHandler
                               PROC
  456 000000B2                 EXPORT           RIT_IRQHandler        [WEAK]
  457 000000B2 483B            LDR              R0, =RIT_DriverIRQHandler
  458 000000B4 4700            BX               R0
  459 000000B6                 ENDP
  460 000000B6         
  462 000000B6         SPIFI0_IRQHandler
                               PROC
  463 000000B6                 EXPORT           SPIFI0_IRQHandler        [WEAK]
  464 000000B6 483B            LDR              R0, =SPIFI0_DriverIRQHandler



ARM Macro Assembler    Page 12 


  465 000000B8 4700            BX               R0
  466 000000BA                 ENDP
  467 000000BA         
  469 000000BA         FLEXCOMM8_IRQHandler
                               PROC
  470 000000BA                 EXPORT           FLEXCOMM8_IRQHandler        [WE
AK]
  471 000000BA 483B            LDR              R0, =FLEXCOMM8_DriverIRQHandler
  472 000000BC 4700            BX               R0
  473 000000BE                 ENDP
  474 000000BE         
  476 000000BE         FLEXCOMM9_IRQHandler
                               PROC
  477 000000BE                 EXPORT           FLEXCOMM9_IRQHandler        [WE
AK]
  478 000000BE 483B            LDR              R0, =FLEXCOMM9_DriverIRQHandler
  479 000000C0 4700            BX               R0
  480 000000C2                 ENDP
  481 000000C2         
  483 000000C2         SDIO_IRQHandler
                               PROC
  484 000000C2                 EXPORT           SDIO_IRQHandler        [WEAK]
  485 000000C2 483B            LDR              R0, =SDIO_DriverIRQHandler
  486 000000C4 4700            BX               R0
  487 000000C6                 ENDP
  488 000000C6         
  490 000000C6         CAN0_IRQ0_IRQHandler
                               PROC
  491 000000C6                 EXPORT           CAN0_IRQ0_IRQHandler        [WE
AK]
  492 000000C6 483B            LDR              R0, =CAN0_IRQ0_DriverIRQHandler
  493 000000C8 4700            BX               R0
  494 000000CA                 ENDP
  495 000000CA         
  497 000000CA         CAN0_IRQ1_IRQHandler
                               PROC
  498 000000CA                 EXPORT           CAN0_IRQ1_IRQHandler        [WE
AK]
  499 000000CA 483B            LDR              R0, =CAN0_IRQ1_DriverIRQHandler
  500 000000CC 4700            BX               R0
  501 000000CE                 ENDP
  502 000000CE         
  504 000000CE         CAN1_IRQ0_IRQHandler
                               PROC
  505 000000CE                 EXPORT           CAN1_IRQ0_IRQHandler        [WE
AK]
  506 000000CE 483B            LDR              R0, =CAN1_IRQ0_DriverIRQHandler
  507 000000D0 4700            BX               R0
  508 000000D2                 ENDP
  509 000000D2         
  511 000000D2         CAN1_IRQ1_IRQHandler
                               PROC
  512 000000D2                 EXPORT           CAN1_IRQ1_IRQHandler        [WE
AK]
  513 000000D2 483B            LDR              R0, =CAN1_IRQ1_DriverIRQHandler
  514 000000D4 4700            BX               R0
  515 000000D6                 ENDP
  516 000000D6         
  518 000000D6         USB1_IRQHandler



ARM Macro Assembler    Page 13 


                               PROC
  519 000000D6                 EXPORT           USB1_IRQHandler        [WEAK]
  520 000000D6 483B            LDR              R0, =USB1_DriverIRQHandler
  521 000000D8 4700            BX               R0
  522 000000DA                 ENDP
  523 000000DA         
  525 000000DA         USB1_NEEDCLK_IRQHandler
                               PROC
  526 000000DA                 EXPORT           USB1_NEEDCLK_IRQHandler        
[WEAK]
  527 000000DA 483B            LDR              R0, =USB1_NEEDCLK_DriverIRQHand
ler
  528 000000DC 4700            BX               R0
  529 000000DE                 ENDP
  530 000000DE         
  532 000000DE         ETHERNET_IRQHandler
                               PROC
  533 000000DE                 EXPORT           ETHERNET_IRQHandler        [WEA
K]
  534 000000DE 483B            LDR              R0, =ETHERNET_DriverIRQHandler
  535 000000E0 4700            BX               R0
  536 000000E2                 ENDP
  537 000000E2         
  539 000000E2         ETHERNET_PMT_IRQHandler
                               PROC
  540 000000E2                 EXPORT           ETHERNET_PMT_IRQHandler        
[WEAK]
  541 000000E2 483B            LDR              R0, =ETHERNET_PMT_DriverIRQHand
ler
  542 000000E4 4700            BX               R0
  543 000000E6                 ENDP
  544 000000E6         
  546 000000E6         ETHERNET_MACLP_IRQHandler
                               PROC
  547 000000E6                 EXPORT           ETHERNET_MACLP_IRQHandler      
  [WEAK]
  548 000000E6 483B            LDR              R0, =ETHERNET_MACLP_DriverIRQHa
ndler
  549 000000E8 4700            BX               R0
  550 000000EA                 ENDP
  551 000000EA         
  553 000000EA         EEPROM_IRQHandler
                               PROC
  554 000000EA                 EXPORT           EEPROM_IRQHandler        [WEAK]
  555 000000EA 483B            LDR              R0, =EEPROM_DriverIRQHandler
  556 000000EC 4700            BX               R0
  557 000000EE                 ENDP
  558 000000EE         
  560 000000EE         LCD_IRQHandler
                               PROC
  561 000000EE                 EXPORT           LCD_IRQHandler        [WEAK]
  562 000000EE 483B            LDR              R0, =LCD_DriverIRQHandler
  563 000000F0 4700            BX               R0
  564 000000F2                 ENDP
  565 000000F2         
  567 000000F2         SHA_IRQHandler
                               PROC
  568 000000F2                 EXPORT           SHA_IRQHandler        [WEAK]
  569 000000F2 483B            LDR              R0, =SHA_DriverIRQHandler



ARM Macro Assembler    Page 14 


  570 000000F4 4700            BX               R0
  571 000000F6                 ENDP
  572 000000F6         
  574 000000F6         SMARTCARD0_IRQHandler
                               PROC
  575 000000F6                 EXPORT           SMARTCARD0_IRQHandler        [W
EAK]
  576 000000F6 483B            LDR              R0, =SMARTCARD0_DriverIRQHandle
r
  577 000000F8 4700            BX               R0
  578 000000FA                 ENDP
  579 000000FA         
  581 000000FA         SMARTCARD1_IRQHandler
                               PROC
  582 000000FA                 EXPORT           SMARTCARD1_IRQHandler        [W
EAK]
  583 000000FA 483B            LDR              R0, =SMARTCARD1_DriverIRQHandle
r
  584 000000FC 4700            BX               R0
  585 000000FE                 ENDP
  586 000000FE         
  587 000000FE         Default_Handler
                               PROC
  588 000000FE                 EXPORT           WDT_BOD_DriverIRQHandler       
 [WEAK]
  589 000000FE                 EXPORT           DMA0_DriverIRQHandler        [W
EAK]
  590 000000FE                 EXPORT           GINT0_DriverIRQHandler        [
WEAK]
  591 000000FE                 EXPORT           GINT1_DriverIRQHandler        [
WEAK]
  592 000000FE                 EXPORT           PIN_INT0_DriverIRQHandler      
  [WEAK]
  593 000000FE                 EXPORT           PIN_INT1_DriverIRQHandler      
  [WEAK]
  594 000000FE                 EXPORT           PIN_INT2_DriverIRQHandler      
  [WEAK]
  595 000000FE                 EXPORT           PIN_INT3_DriverIRQHandler      
  [WEAK]
  596 000000FE                 EXPORT           UTICK0_DriverIRQHandler        
[WEAK]
  597 000000FE                 EXPORT           MRT0_DriverIRQHandler        [W
EAK]
  598 000000FE                 EXPORT           CTIMER0_DriverIRQHandler       
 [WEAK]
  599 000000FE                 EXPORT           CTIMER1_DriverIRQHandler       
 [WEAK]
  600 000000FE                 EXPORT           SCT0_DriverIRQHandler        [W
EAK]
  601 000000FE                 EXPORT           CTIMER3_DriverIRQHandler       
 [WEAK]
  602 000000FE                 EXPORT           FLEXCOMM0_DriverIRQHandler     
   [WEAK]
  603 000000FE                 EXPORT           FLEXCOMM1_DriverIRQHandler     
   [WEAK]
  604 000000FE                 EXPORT           FLEXCOMM2_DriverIRQHandler     
   [WEAK]
  605 000000FE                 EXPORT           FLEXCOMM3_DriverIRQHandler     
   [WEAK]



ARM Macro Assembler    Page 15 


  606 000000FE                 EXPORT           FLEXCOMM4_DriverIRQHandler     
   [WEAK]
  607 000000FE                 EXPORT           FLEXCOMM5_DriverIRQHandler     
   [WEAK]
  608 000000FE                 EXPORT           FLEXCOMM6_DriverIRQHandler     
   [WEAK]
  609 000000FE                 EXPORT           FLEXCOMM7_DriverIRQHandler     
   [WEAK]
  610 000000FE                 EXPORT           ADC0_SEQA_DriverIRQHandler     
   [WEAK]
  611 000000FE                 EXPORT           ADC0_SEQB_DriverIRQHandler     
   [WEAK]
  612 000000FE                 EXPORT           ADC0_THCMP_DriverIRQHandler    
    [WEAK]
  613 000000FE                 EXPORT           DMIC0_DriverIRQHandler        [
WEAK]
  614 000000FE                 EXPORT           HWVAD0_DriverIRQHandler        
[WEAK]
  615 000000FE                 EXPORT           USB0_NEEDCLK_DriverIRQHandler  
      [WEAK]
  616 000000FE                 EXPORT           USB0_DriverIRQHandler        [W
EAK]
  617 000000FE                 EXPORT           RTC_DriverIRQHandler        [WE
AK]
  618 000000FE                 EXPORT           Reserved46_DriverIRQHandler    
    [WEAK]
  619 000000FE                 EXPORT           Reserved47_DriverIRQHandler    
    [WEAK]
  620 000000FE                 EXPORT           PIN_INT4_DriverIRQHandler      
  [WEAK]
  621 000000FE                 EXPORT           PIN_INT5_DriverIRQHandler      
  [WEAK]
  622 000000FE                 EXPORT           PIN_INT6_DriverIRQHandler      
  [WEAK]
  623 000000FE                 EXPORT           PIN_INT7_DriverIRQHandler      
  [WEAK]
  624 000000FE                 EXPORT           CTIMER2_DriverIRQHandler       
 [WEAK]
  625 000000FE                 EXPORT           CTIMER4_DriverIRQHandler       
 [WEAK]
  626 000000FE                 EXPORT           RIT_DriverIRQHandler        [WE
AK]
  627 000000FE                 EXPORT           SPIFI0_DriverIRQHandler        
[WEAK]
  628 000000FE                 EXPORT           FLEXCOMM8_DriverIRQHandler     
   [WEAK]
  629 000000FE                 EXPORT           FLEXCOMM9_DriverIRQHandler     
   [WEAK]
  630 000000FE                 EXPORT           SDIO_DriverIRQHandler        [W
EAK]
  631 000000FE                 EXPORT           CAN0_IRQ0_DriverIRQHandler     
   [WEAK]
  632 000000FE                 EXPORT           CAN0_IRQ1_DriverIRQHandler     
   [WEAK]
  633 000000FE                 EXPORT           CAN1_IRQ0_DriverIRQHandler     
   [WEAK]
  634 000000FE                 EXPORT           CAN1_IRQ1_DriverIRQHandler     
   [WEAK]
  635 000000FE                 EXPORT           USB1_DriverIRQHandler        [W



ARM Macro Assembler    Page 16 


EAK]
  636 000000FE                 EXPORT           USB1_NEEDCLK_DriverIRQHandler  
      [WEAK]
  637 000000FE                 EXPORT           ETHERNET_DriverIRQHandler      
  [WEAK]
  638 000000FE                 EXPORT           ETHERNET_PMT_DriverIRQHandler  
      [WEAK]
  639 000000FE                 EXPORT           ETHERNET_MACLP_DriverIRQHandler
        [WEAK]
  640 000000FE                 EXPORT           EEPROM_DriverIRQHandler        
[WEAK]
  641 000000FE                 EXPORT           LCD_DriverIRQHandler        [WE
AK]
  642 000000FE                 EXPORT           SHA_DriverIRQHandler        [WE
AK]
  643 000000FE                 EXPORT           SMARTCARD0_DriverIRQHandler    
    [WEAK]
  644 000000FE                 EXPORT           SMARTCARD1_DriverIRQHandler    
    [WEAK]
  645 000000FE         
  646 000000FE         WDT_BOD_DriverIRQHandler
  647 000000FE         DMA0_DriverIRQHandler
  648 000000FE         GINT0_DriverIRQHandler
  649 000000FE         GINT1_DriverIRQHandler
  650 000000FE         PIN_INT0_DriverIRQHandler
  651 000000FE         PIN_INT1_DriverIRQHandler
  652 000000FE         PIN_INT2_DriverIRQHandler
  653 000000FE         PIN_INT3_DriverIRQHandler
  654 000000FE         UTICK0_DriverIRQHandler
  655 000000FE         MRT0_DriverIRQHandler
  656 000000FE         CTIMER0_DriverIRQHandler
  657 000000FE         CTIMER1_DriverIRQHandler
  658 000000FE         SCT0_DriverIRQHandler
  659 000000FE         CTIMER3_DriverIRQHandler
  660 000000FE         FLEXCOMM0_DriverIRQHandler
  661 000000FE         FLEXCOMM1_DriverIRQHandler
  662 000000FE         FLEXCOMM2_DriverIRQHandler
  663 000000FE         FLEXCOMM3_DriverIRQHandler
  664 000000FE         FLEXCOMM4_DriverIRQHandler
  665 000000FE         FLEXCOMM5_DriverIRQHandler
  666 000000FE         FLEXCOMM6_DriverIRQHandler
  667 000000FE         FLEXCOMM7_DriverIRQHandler
  668 000000FE         ADC0_SEQA_DriverIRQHandler
  669 000000FE         ADC0_SEQB_DriverIRQHandler
  670 000000FE         ADC0_THCMP_DriverIRQHandler
  671 000000FE         DMIC0_DriverIRQHandler
  672 000000FE         HWVAD0_DriverIRQHandler
  673 000000FE         USB0_NEEDCLK_DriverIRQHandler
  674 000000FE         USB0_DriverIRQHandler
  675 000000FE         RTC_DriverIRQHandler
  676 000000FE         Reserved46_DriverIRQHandler
  677 000000FE         Reserved47_DriverIRQHandler
  678 000000FE         PIN_INT4_DriverIRQHandler
  679 000000FE         PIN_INT5_DriverIRQHandler
  680 000000FE         PIN_INT6_DriverIRQHandler
  681 000000FE         PIN_INT7_DriverIRQHandler
  682 000000FE         CTIMER2_DriverIRQHandler
  683 000000FE         CTIMER4_DriverIRQHandler
  684 000000FE         RIT_DriverIRQHandler



ARM Macro Assembler    Page 17 


  685 000000FE         SPIFI0_DriverIRQHandler
  686 000000FE         FLEXCOMM8_DriverIRQHandler
  687 000000FE         FLEXCOMM9_DriverIRQHandler
  688 000000FE         SDIO_DriverIRQHandler
  689 000000FE         CAN0_IRQ0_DriverIRQHandler
  690 000000FE         CAN0_IRQ1_DriverIRQHandler
  691 000000FE         CAN1_IRQ0_DriverIRQHandler
  692 000000FE         CAN1_IRQ1_DriverIRQHandler
  693 000000FE         USB1_DriverIRQHandler
  694 000000FE         USB1_NEEDCLK_DriverIRQHandler
  695 000000FE         ETHERNET_DriverIRQHandler
  696 000000FE         ETHERNET_PMT_DriverIRQHandler
  697 000000FE         ETHERNET_MACLP_DriverIRQHandler
  698 000000FE         EEPROM_DriverIRQHandler
  699 000000FE         LCD_DriverIRQHandler
  700 000000FE         SHA_DriverIRQHandler
  701 000000FE         SMARTCARD0_DriverIRQHandler
  702 000000FE         SMARTCARD1_DriverIRQHandler
  703 000000FE         
  704 000000FE E7FE            B                .
  705 00000100         
  706 00000100                 ENDP
  707 00000100         
  708 00000100         
  709 00000100                 ALIGN
  710 00000100         
  711 00000100         
  712 00000100                 END
              00000000 
              00000000 
              00000000 
              00000000 
              00000000 
              00000000 
              00000000 
              00000000 
              00000000 
              00000000 
              00000000 
              00000000 
              00000000 
              00000000 
              00000000 
              00000000 
              00000000 
              00000000 
              00000000 
              00000000 
              00000000 
              00000000 
              00000000 
              00000000 
              00000000 
              00000000 
              00000000 
              00000000 
              00000000 
              00000000 
              00000000 



ARM Macro Assembler    Page 18 


              00000000 
              00000000 
              00000000 
              00000000 
              00000000 
              00000000 
              00000000 
              00000000 
              00000000 
              00000000 
              00000000 
              00000000 
              00000000 
              00000000 
              00000000 
              00000000 
              00000000 
              00000000 
              00000000 
              00000000 
              00000000 
              00000000 
              00000000 
              00000000 
              00000000 
              00000000 
              00000000 
              00000000 
Command Line: --debug --diag_suppress=9931 --cpu=Cortex-M4.fp --apcs=interwork 
--depend=debug\startup_lpc54608.d -odebug\startup_lpc54608.o -I.\RTE\_can_fd_ms
gobjs_Debug -IC:\Keil_v5\ARM\PACK\Keil\LPC54000_DFP\2.6.0\Device\Include -IC:\K
eil_v5\ARM\CMSIS\Include -IC:\Keil_v5\ARM\PACK\Keil\LPC54000_DFP\2.6.0\LPCOpen\
lpc5460x\chip_5460x\inc --predefine="__MICROLIB SETA 1" --predefine="__UVISION_
VERSION SETA 524" --predefine="LPC54608 SETA 1" --predefine="CPU_LPC54114J256_M
4 SETA 1" --predefine="DEBUG SETA 1" --predefine="__CC_ARM SETA 1" --predefine=
"KEIL SETA 1" --list=.\output\startup_lpc54608.lst startup_LPC54608.s
