<html>
<body>
<pre>
<h1>µVision Build Log</h1>
<h2>Tool Versions:</h2>
IDE-Version: ¦ÌVision V5.24.2.0
Copyright (C) 2017 ARM Ltd and ARM Germany GmbH. All rights reserved.
License Information: m Microsoft, Microsoft, LIC=Y2BVE-5BD8Z-672RS-LK0TA-S84HK-RMFBD
 
Tool Versions:
Toolchain:       MDK-ARM Professional  Version: 5.24.1
Toolchain Path:  C:\Keil_v5\ARM\ARMCC\Bin
C Compiler:      Armcc.exe V5.06 update 5 (build 528)
Assembler:       Armasm.exe V5.06 update 5 (build 528)
Linker/Locator:  ArmLink.exe V5.06 update 5 (build 528)
Library Manager: ArmAr.exe V5.06 update 5 (build 528)
Hex Converter:   FromElf.exe V5.06 update 5 (build 528)
CPU DLL:         SARMCM3.DLL V5.24.1
Dialog DLL:      DCM.DLL V1.16.0.0
Target DLL:      UL2CM3.DLL V1.160.3.0
Dialog DLL:      TCM.DLL V1.32.0.0
 
<h2>Project:</h2>
D:\SmartGit_Repository\BLE_OBD_USART_CAN\mdk\can_fd_msgobjs.uvprojx
Project File Date:  05/07/2019

<h2>Output:</h2>
*** Using Compiler 'V5.06 update 5 (build 528)', folder: 'C:\Keil_v5\ARM\ARMCC\Bin'
Build target 'can_fd_msgobjs Debug'
compiling obd_usart.c...
..\utilities\obd_usart.c(49): warning:  #177-D: variable "i_cnt"  was declared but never referenced
  	uint8_t i_cnt;
..\utilities\obd_usart.c: 1 warning, 0 errors
compiling obd_control.c...
..\utilities\obd_can.h(46): warning:  #1295-D: Deprecated declaration obd_Service_KeepAlive - give arg types
  
ool obd_Service_KeepAlive();
..\utilities\obd_control.c(29): warning:  #177-D: variable "datalength"  was declared but never referenced
  uint8_t datalength;
..\utilities\obd_control.c: 2 warnings, 0 errors
linking...
Program Size: Code=20296 RO-data=552 RW-data=440 ZI-data=13336  
"debug\can_fd_msgobjs.out" - 0 Error(s), 3 Warning(s).

<h2>Software Packages used:</h2>

Package Vendor: Keil
                http://www.keil.com/pack/Keil.LPC54000_DFP.2.6.0.pack
                Keil.LPC54000_DFP.2.6.0
                NXP LPC54000 Series Device Support

<h2>Collection of Component include folders:</h2>
  .\RTE\_can_fd_msgobjs_Debug
  C:\Keil_v5\ARM\PACK\Keil\LPC54000_DFP\2.6.0\Device\Include

<h2>Collection of Component Files used:</h2>
Build Time Elapsed:  00:00:02
</pre>
</body>
</html>
