<!doctype html public "-//w3c//dtd html 4.0 transitional//en">
<html><head>
<title>Static Call Graph - [debug\can_fd_msgobjs.out]</title></head>
<body><HR>
<H1>Static Call Graph for image debug\can_fd_msgobjs.out</H1><HR>
<BR><P>#&#060CALLGRAPH&#062# ARM Linker, 5060528: Last Updated: Mon May 27 21:29:22 2019
<BR><P>
<H3>Maximum Stack Usage =        428 bytes + Unknown(Cycles, Untraceable Function Pointers)</H3><H3>
Call chain for Maximum Stack Depth:</H3>
vLcdTask &rArr; USART_WriteBlocking &rArr; __aeabi_assert &rArr; DbgConsole_Printf &rArr; DbgConsole_PrintfFormattedData &rArr; DbgConsole_ConvertRadixNumToString
<P>
<H3>
Mutually Recursive functions
</H3> <LI><a href="#[1]">NMI_Handler</a>&nbsp;&nbsp;&nbsp;&rArr;&nbsp;&nbsp;&nbsp;<a href="#[1]">NMI_Handler</a><BR>
 <LI><a href="#[2]">HardFault_Handler</a>&nbsp;&nbsp;&nbsp;&rArr;&nbsp;&nbsp;&nbsp;<a href="#[2]">HardFault_Handler</a><BR>
 <LI><a href="#[3]">MemManage_Handler</a>&nbsp;&nbsp;&nbsp;&rArr;&nbsp;&nbsp;&nbsp;<a href="#[3]">MemManage_Handler</a><BR>
 <LI><a href="#[4]">BusFault_Handler</a>&nbsp;&nbsp;&nbsp;&rArr;&nbsp;&nbsp;&nbsp;<a href="#[4]">BusFault_Handler</a><BR>
 <LI><a href="#[5]">UsageFault_Handler</a>&nbsp;&nbsp;&nbsp;&rArr;&nbsp;&nbsp;&nbsp;<a href="#[5]">UsageFault_Handler</a><BR>
 <LI><a href="#[7]">DebugMon_Handler</a>&nbsp;&nbsp;&nbsp;&rArr;&nbsp;&nbsp;&nbsp;<a href="#[7]">DebugMon_Handler</a><BR>
 <LI><a href="#[5c]">ADC0_SEQA_DriverIRQHandler</a>&nbsp;&nbsp;&nbsp;&rArr;&nbsp;&nbsp;&nbsp;<a href="#[5c]">ADC0_SEQA_DriverIRQHandler</a><BR>
 <LI><a href="#[c6]">CLOCK_GetFlexCommClkFreq</a>&nbsp;&nbsp;&nbsp;&rArr;&nbsp;&nbsp;&nbsp;<a href="#[9e]">CLOCK_GetFreq</a><BR>
</UL>
<P>
<H3>
Function Pointers
</H3><UL>
 <LI><a href="#[5c]">ADC0_SEQA_DriverIRQHandler</a> from startup_lpc54608.o(.text) referenced from startup_lpc54608.o(.text)
 <LI><a href="#[20]">ADC0_SEQA_IRQHandler</a> from startup_lpc54608.o(.text) referenced from startup_lpc54608.o(RESET)
 <LI><a href="#[5d]">ADC0_SEQB_DriverIRQHandler</a> from startup_lpc54608.o(.text) referenced from startup_lpc54608.o(.text)
 <LI><a href="#[21]">ADC0_SEQB_IRQHandler</a> from startup_lpc54608.o(.text) referenced from startup_lpc54608.o(RESET)
 <LI><a href="#[5e]">ADC0_THCMP_DriverIRQHandler</a> from startup_lpc54608.o(.text) referenced from startup_lpc54608.o(.text)
 <LI><a href="#[22]">ADC0_THCMP_IRQHandler</a> from startup_lpc54608.o(.text) referenced from startup_lpc54608.o(RESET)
 <LI><a href="#[4]">BusFault_Handler</a> from startup_lpc54608.o(.text) referenced from startup_lpc54608.o(RESET)
 <LI><a href="#[71]">CAN0_IRQ0_DriverIRQHandler</a> from can.o(i.CAN0_IRQ0_DriverIRQHandler) referenced from startup_lpc54608.o(.text)
 <LI><a href="#[35]">CAN0_IRQ0_IRQHandler</a> from startup_lpc54608.o(.text) referenced from startup_lpc54608.o(RESET)
 <LI><a href="#[72]">CAN0_IRQ1_DriverIRQHandler</a> from startup_lpc54608.o(.text) referenced from startup_lpc54608.o(.text)
 <LI><a href="#[36]">CAN0_IRQ1_IRQHandler</a> from startup_lpc54608.o(.text) referenced from startup_lpc54608.o(RESET)
 <LI><a href="#[73]">CAN1_IRQ0_DriverIRQHandler</a> from can.o(i.CAN1_IRQ0_DriverIRQHandler) referenced from startup_lpc54608.o(.text)
 <LI><a href="#[37]">CAN1_IRQ0_IRQHandler</a> from startup_lpc54608.o(.text) referenced from startup_lpc54608.o(RESET)
 <LI><a href="#[74]">CAN1_IRQ1_DriverIRQHandler</a> from startup_lpc54608.o(.text) referenced from startup_lpc54608.o(.text)
 <LI><a href="#[38]">CAN1_IRQ1_IRQHandler</a> from startup_lpc54608.o(.text) referenced from startup_lpc54608.o(RESET)
 <LI><a href="#[50]">CTIMER0_DriverIRQHandler</a> from startup_lpc54608.o(.text) referenced from startup_lpc54608.o(.text)
 <LI><a href="#[14]">CTIMER0_IRQHandler</a> from startup_lpc54608.o(.text) referenced from startup_lpc54608.o(RESET)
 <LI><a href="#[51]">CTIMER1_DriverIRQHandler</a> from startup_lpc54608.o(.text) referenced from startup_lpc54608.o(.text)
 <LI><a href="#[15]">CTIMER1_IRQHandler</a> from startup_lpc54608.o(.text) referenced from startup_lpc54608.o(RESET)
 <LI><a href="#[6a]">CTIMER2_DriverIRQHandler</a> from startup_lpc54608.o(.text) referenced from startup_lpc54608.o(.text)
 <LI><a href="#[2e]">CTIMER2_IRQHandler</a> from startup_lpc54608.o(.text) referenced from startup_lpc54608.o(RESET)
 <LI><a href="#[53]">CTIMER3_DriverIRQHandler</a> from startup_lpc54608.o(.text) referenced from startup_lpc54608.o(.text)
 <LI><a href="#[17]">CTIMER3_IRQHandler</a> from startup_lpc54608.o(.text) referenced from startup_lpc54608.o(RESET)
 <LI><a href="#[6b]">CTIMER4_DriverIRQHandler</a> from startup_lpc54608.o(.text) referenced from startup_lpc54608.o(.text)
 <LI><a href="#[2f]">CTIMER4_IRQHandler</a> from startup_lpc54608.o(.text) referenced from startup_lpc54608.o(RESET)
 <LI><a href="#[47]">DMA0_DriverIRQHandler</a> from startup_lpc54608.o(.text) referenced from startup_lpc54608.o(.text)
 <LI><a href="#[b]">DMA0_IRQHandler</a> from startup_lpc54608.o(.text) referenced from startup_lpc54608.o(RESET)
 <LI><a href="#[5f]">DMIC0_DriverIRQHandler</a> from startup_lpc54608.o(.text) referenced from startup_lpc54608.o(.text)
 <LI><a href="#[23]">DMIC0_IRQHandler</a> from startup_lpc54608.o(.text) referenced from startup_lpc54608.o(RESET)
 <LI><a href="#[81]">DbgConsole_Putchar</a> from fsl_debug_console.o(i.DbgConsole_Putchar) referenced from fsl_debug_console.o(i.DbgConsole_Printf)
 <LI><a href="#[7]">DebugMon_Handler</a> from startup_lpc54608.o(.text) referenced from startup_lpc54608.o(RESET)
 <LI><a href="#[7a]">EEPROM_DriverIRQHandler</a> from startup_lpc54608.o(.text) referenced from startup_lpc54608.o(.text)
 <LI><a href="#[3e]">EEPROM_IRQHandler</a> from startup_lpc54608.o(.text) referenced from startup_lpc54608.o(RESET)
 <LI><a href="#[77]">ETHERNET_DriverIRQHandler</a> from startup_lpc54608.o(.text) referenced from startup_lpc54608.o(.text)
 <LI><a href="#[3b]">ETHERNET_IRQHandler</a> from startup_lpc54608.o(.text) referenced from startup_lpc54608.o(RESET)
 <LI><a href="#[79]">ETHERNET_MACLP_DriverIRQHandler</a> from startup_lpc54608.o(.text) referenced from startup_lpc54608.o(.text)
 <LI><a href="#[3d]">ETHERNET_MACLP_IRQHandler</a> from startup_lpc54608.o(.text) referenced from startup_lpc54608.o(RESET)
 <LI><a href="#[78]">ETHERNET_PMT_DriverIRQHandler</a> from startup_lpc54608.o(.text) referenced from startup_lpc54608.o(.text)
 <LI><a href="#[3c]">ETHERNET_PMT_IRQHandler</a> from startup_lpc54608.o(.text) referenced from startup_lpc54608.o(RESET)
 <LI><a href="#[54]">FLEXCOMM0_DriverIRQHandler</a> from fsl_flexcomm.o(i.FLEXCOMM0_DriverIRQHandler) referenced from startup_lpc54608.o(.text)
 <LI><a href="#[18]">FLEXCOMM0_IRQHandler</a> from can_fd_msgobjs.o(i.FLEXCOMM0_IRQHandler) referenced from startup_lpc54608.o(RESET)
 <LI><a href="#[55]">FLEXCOMM1_DriverIRQHandler</a> from fsl_flexcomm.o(i.FLEXCOMM1_DriverIRQHandler) referenced from startup_lpc54608.o(.text)
 <LI><a href="#[19]">FLEXCOMM1_IRQHandler</a> from startup_lpc54608.o(.text) referenced from startup_lpc54608.o(RESET)
 <LI><a href="#[56]">FLEXCOMM2_DriverIRQHandler</a> from fsl_flexcomm.o(i.FLEXCOMM2_DriverIRQHandler) referenced from startup_lpc54608.o(.text)
 <LI><a href="#[1a]">FLEXCOMM2_IRQHandler</a> from startup_lpc54608.o(.text) referenced from startup_lpc54608.o(RESET)
 <LI><a href="#[57]">FLEXCOMM3_DriverIRQHandler</a> from fsl_flexcomm.o(i.FLEXCOMM3_DriverIRQHandler) referenced from startup_lpc54608.o(.text)
 <LI><a href="#[1b]">FLEXCOMM3_IRQHandler</a> from startup_lpc54608.o(.text) referenced from startup_lpc54608.o(RESET)
 <LI><a href="#[58]">FLEXCOMM4_DriverIRQHandler</a> from fsl_flexcomm.o(i.FLEXCOMM4_DriverIRQHandler) referenced from startup_lpc54608.o(.text)
 <LI><a href="#[1c]">FLEXCOMM4_IRQHandler</a> from startup_lpc54608.o(.text) referenced from startup_lpc54608.o(RESET)
 <LI><a href="#[59]">FLEXCOMM5_DriverIRQHandler</a> from fsl_flexcomm.o(i.FLEXCOMM5_DriverIRQHandler) referenced from startup_lpc54608.o(.text)
 <LI><a href="#[1d]">FLEXCOMM5_IRQHandler</a> from startup_lpc54608.o(.text) referenced from startup_lpc54608.o(RESET)
 <LI><a href="#[5a]">FLEXCOMM6_DriverIRQHandler</a> from fsl_flexcomm.o(i.FLEXCOMM6_DriverIRQHandler) referenced from startup_lpc54608.o(.text)
 <LI><a href="#[1e]">FLEXCOMM6_IRQHandler</a> from startup_lpc54608.o(.text) referenced from startup_lpc54608.o(RESET)
 <LI><a href="#[5b]">FLEXCOMM7_DriverIRQHandler</a> from fsl_flexcomm.o(i.FLEXCOMM7_DriverIRQHandler) referenced from startup_lpc54608.o(.text)
 <LI><a href="#[1f]">FLEXCOMM7_IRQHandler</a> from startup_lpc54608.o(.text) referenced from startup_lpc54608.o(RESET)
 <LI><a href="#[6e]">FLEXCOMM8_DriverIRQHandler</a> from fsl_flexcomm.o(i.FLEXCOMM8_DriverIRQHandler) referenced from startup_lpc54608.o(.text)
 <LI><a href="#[32]">FLEXCOMM8_IRQHandler</a> from startup_lpc54608.o(.text) referenced from startup_lpc54608.o(RESET)
 <LI><a href="#[6f]">FLEXCOMM9_DriverIRQHandler</a> from fsl_flexcomm.o(i.FLEXCOMM9_DriverIRQHandler) referenced from startup_lpc54608.o(.text)
 <LI><a href="#[33]">FLEXCOMM9_IRQHandler</a> from startup_lpc54608.o(.text) referenced from startup_lpc54608.o(RESET)
 <LI><a href="#[48]">GINT0_DriverIRQHandler</a> from startup_lpc54608.o(.text) referenced from startup_lpc54608.o(.text)
 <LI><a href="#[c]">GINT0_IRQHandler</a> from startup_lpc54608.o(.text) referenced from startup_lpc54608.o(RESET)
 <LI><a href="#[49]">GINT1_DriverIRQHandler</a> from startup_lpc54608.o(.text) referenced from startup_lpc54608.o(.text)
 <LI><a href="#[d]">GINT1_IRQHandler</a> from startup_lpc54608.o(.text) referenced from startup_lpc54608.o(RESET)
 <LI><a href="#[60]">HWVAD0_DriverIRQHandler</a> from startup_lpc54608.o(.text) referenced from startup_lpc54608.o(.text)
 <LI><a href="#[24]">HWVAD0_IRQHandler</a> from startup_lpc54608.o(.text) referenced from startup_lpc54608.o(RESET)
 <LI><a href="#[2]">HardFault_Handler</a> from startup_lpc54608.o(.text) referenced from startup_lpc54608.o(RESET)
 <LI><a href="#[7b]">LCD_DriverIRQHandler</a> from startup_lpc54608.o(.text) referenced from startup_lpc54608.o(.text)
 <LI><a href="#[3f]">LCD_IRQHandler</a> from startup_lpc54608.o(.text) referenced from startup_lpc54608.o(RESET)
 <LI><a href="#[4f]">MRT0_DriverIRQHandler</a> from startup_lpc54608.o(.text) referenced from startup_lpc54608.o(.text)
 <LI><a href="#[13]">MRT0_IRQHandler</a> from startup_lpc54608.o(.text) referenced from startup_lpc54608.o(RESET)
 <LI><a href="#[3]">MemManage_Handler</a> from startup_lpc54608.o(.text) referenced from startup_lpc54608.o(RESET)
 <LI><a href="#[1]">NMI_Handler</a> from startup_lpc54608.o(.text) referenced from startup_lpc54608.o(RESET)
 <LI><a href="#[4a]">PIN_INT0_DriverIRQHandler</a> from startup_lpc54608.o(.text) referenced from startup_lpc54608.o(.text)
 <LI><a href="#[e]">PIN_INT0_IRQHandler</a> from startup_lpc54608.o(.text) referenced from startup_lpc54608.o(RESET)
 <LI><a href="#[4b]">PIN_INT1_DriverIRQHandler</a> from startup_lpc54608.o(.text) referenced from startup_lpc54608.o(.text)
 <LI><a href="#[f]">PIN_INT1_IRQHandler</a> from startup_lpc54608.o(.text) referenced from startup_lpc54608.o(RESET)
 <LI><a href="#[4c]">PIN_INT2_DriverIRQHandler</a> from startup_lpc54608.o(.text) referenced from startup_lpc54608.o(.text)
 <LI><a href="#[10]">PIN_INT2_IRQHandler</a> from startup_lpc54608.o(.text) referenced from startup_lpc54608.o(RESET)
 <LI><a href="#[4d]">PIN_INT3_DriverIRQHandler</a> from startup_lpc54608.o(.text) referenced from startup_lpc54608.o(.text)
 <LI><a href="#[11]">PIN_INT3_IRQHandler</a> from startup_lpc54608.o(.text) referenced from startup_lpc54608.o(RESET)
 <LI><a href="#[66]">PIN_INT4_DriverIRQHandler</a> from startup_lpc54608.o(.text) referenced from startup_lpc54608.o(.text)
 <LI><a href="#[2a]">PIN_INT4_IRQHandler</a> from startup_lpc54608.o(.text) referenced from startup_lpc54608.o(RESET)
 <LI><a href="#[67]">PIN_INT5_DriverIRQHandler</a> from startup_lpc54608.o(.text) referenced from startup_lpc54608.o(.text)
 <LI><a href="#[2b]">PIN_INT5_IRQHandler</a> from startup_lpc54608.o(.text) referenced from startup_lpc54608.o(RESET)
 <LI><a href="#[68]">PIN_INT6_DriverIRQHandler</a> from startup_lpc54608.o(.text) referenced from startup_lpc54608.o(.text)
 <LI><a href="#[2c]">PIN_INT6_IRQHandler</a> from startup_lpc54608.o(.text) referenced from startup_lpc54608.o(RESET)
 <LI><a href="#[69]">PIN_INT7_DriverIRQHandler</a> from startup_lpc54608.o(.text) referenced from startup_lpc54608.o(.text)
 <LI><a href="#[2d]">PIN_INT7_IRQHandler</a> from startup_lpc54608.o(.text) referenced from startup_lpc54608.o(RESET)
 <LI><a href="#[8]">PendSV_Handler</a> from port.o(.emb_text) referenced from startup_lpc54608.o(RESET)
 <LI><a href="#[6c]">RIT_DriverIRQHandler</a> from startup_lpc54608.o(.text) referenced from startup_lpc54608.o(.text)
 <LI><a href="#[30]">RIT_IRQHandler</a> from startup_lpc54608.o(.text) referenced from startup_lpc54608.o(RESET)
 <LI><a href="#[63]">RTC_DriverIRQHandler</a> from startup_lpc54608.o(.text) referenced from startup_lpc54608.o(.text)
 <LI><a href="#[27]">RTC_IRQHandler</a> from startup_lpc54608.o(.text) referenced from startup_lpc54608.o(RESET)
 <LI><a href="#[64]">Reserved46_DriverIRQHandler</a> from startup_lpc54608.o(.text) referenced from startup_lpc54608.o(.text)
 <LI><a href="#[28]">Reserved46_IRQHandler</a> from startup_lpc54608.o(.text) referenced from startup_lpc54608.o(RESET)
 <LI><a href="#[65]">Reserved47_DriverIRQHandler</a> from startup_lpc54608.o(.text) referenced from startup_lpc54608.o(.text)
 <LI><a href="#[29]">Reserved47_IRQHandler</a> from startup_lpc54608.o(.text) referenced from startup_lpc54608.o(RESET)
 <LI><a href="#[0]">Reset_Handler</a> from startup_lpc54608.o(.text) referenced from startup_lpc54608.o(RESET)
 <LI><a href="#[52]">SCT0_DriverIRQHandler</a> from startup_lpc54608.o(.text) referenced from startup_lpc54608.o(.text)
 <LI><a href="#[16]">SCT0_IRQHandler</a> from startup_lpc54608.o(.text) referenced from startup_lpc54608.o(RESET)
 <LI><a href="#[70]">SDIO_DriverIRQHandler</a> from startup_lpc54608.o(.text) referenced from startup_lpc54608.o(.text)
 <LI><a href="#[34]">SDIO_IRQHandler</a> from startup_lpc54608.o(.text) referenced from startup_lpc54608.o(RESET)
 <LI><a href="#[7c]">SHA_DriverIRQHandler</a> from startup_lpc54608.o(.text) referenced from startup_lpc54608.o(.text)
 <LI><a href="#[40]">SHA_IRQHandler</a> from startup_lpc54608.o(.text) referenced from startup_lpc54608.o(RESET)
 <LI><a href="#[7d]">SMARTCARD0_DriverIRQHandler</a> from startup_lpc54608.o(.text) referenced from startup_lpc54608.o(.text)
 <LI><a href="#[41]">SMARTCARD0_IRQHandler</a> from startup_lpc54608.o(.text) referenced from startup_lpc54608.o(RESET)
 <LI><a href="#[7e]">SMARTCARD1_DriverIRQHandler</a> from startup_lpc54608.o(.text) referenced from startup_lpc54608.o(.text)
 <LI><a href="#[42]">SMARTCARD1_IRQHandler</a> from startup_lpc54608.o(.text) referenced from startup_lpc54608.o(RESET)
 <LI><a href="#[6d]">SPIFI0_DriverIRQHandler</a> from startup_lpc54608.o(.text) referenced from startup_lpc54608.o(.text)
 <LI><a href="#[31]">SPIFI0_IRQHandler</a> from startup_lpc54608.o(.text) referenced from startup_lpc54608.o(RESET)
 <LI><a href="#[6]">SVC_Handler</a> from port.o(.emb_text) referenced from startup_lpc54608.o(RESET)
 <LI><a href="#[9]">SysTick_Handler</a> from port.o(i.SysTick_Handler) referenced from startup_lpc54608.o(RESET)
 <LI><a href="#[44]">SystemInit</a> from system_lpc54608.o(i.SystemInit) referenced from startup_lpc54608.o(.text)
 <LI><a href="#[80]">USART_ReadBlocking</a> from fsl_usart.o(i.USART_ReadBlocking) referenced from fsl_debug_console.o(i.DbgConsole_Init)
 <LI><a href="#[7f]">USART_WriteBlocking</a> from fsl_usart.o(i.USART_WriteBlocking) referenced from fsl_debug_console.o(i.DbgConsole_Init)
 <LI><a href="#[62]">USB0_DriverIRQHandler</a> from startup_lpc54608.o(.text) referenced from startup_lpc54608.o(.text)
 <LI><a href="#[26]">USB0_IRQHandler</a> from startup_lpc54608.o(.text) referenced from startup_lpc54608.o(RESET)
 <LI><a href="#[61]">USB0_NEEDCLK_DriverIRQHandler</a> from startup_lpc54608.o(.text) referenced from startup_lpc54608.o(.text)
 <LI><a href="#[25]">USB0_NEEDCLK_IRQHandler</a> from startup_lpc54608.o(.text) referenced from startup_lpc54608.o(RESET)
 <LI><a href="#[75]">USB1_DriverIRQHandler</a> from startup_lpc54608.o(.text) referenced from startup_lpc54608.o(.text)
 <LI><a href="#[39]">USB1_IRQHandler</a> from startup_lpc54608.o(.text) referenced from startup_lpc54608.o(RESET)
 <LI><a href="#[76]">USB1_NEEDCLK_DriverIRQHandler</a> from startup_lpc54608.o(.text) referenced from startup_lpc54608.o(.text)
 <LI><a href="#[3a]">USB1_NEEDCLK_IRQHandler</a> from startup_lpc54608.o(.text) referenced from startup_lpc54608.o(RESET)
 <LI><a href="#[4e]">UTICK0_DriverIRQHandler</a> from startup_lpc54608.o(.text) referenced from startup_lpc54608.o(.text)
 <LI><a href="#[12]">UTICK0_IRQHandler</a> from startup_lpc54608.o(.text) referenced from startup_lpc54608.o(RESET)
 <LI><a href="#[5]">UsageFault_Handler</a> from startup_lpc54608.o(.text) referenced from startup_lpc54608.o(RESET)
 <LI><a href="#[46]">WDT_BOD_DriverIRQHandler</a> from startup_lpc54608.o(.text) referenced from startup_lpc54608.o(.text)
 <LI><a href="#[a]">WDT_BOD_IRQHandler</a> from startup_lpc54608.o(.text) referenced from startup_lpc54608.o(RESET)
 <LI><a href="#[45]">__main</a> from entry.o(.ARM.Collect$$$$00000000) referenced from startup_lpc54608.o(.text)
 <LI><a href="#[43]">main</a> from can_fd_msgobjs.o(i.main) referenced from entry9a.o(.ARM.Collect$$$$0000000B)
 <LI><a href="#[85]">prvIdleTask</a> from tasks.o(i.prvIdleTask) referenced from tasks.o(i.vTaskStartScheduler)
 <LI><a href="#[84]">prvTaskExitError</a> from port.o(i.prvTaskExitError) referenced from port.o(i.pxPortInitialiseStack)
 <LI><a href="#[86]">prvTimerTask</a> from timers.o(i.prvTimerTask) referenced from timers.o(i.xTimerCreateTimerTask)
 <LI><a href="#[83]">vLcdTask</a> from can_fd_msgobjs.o(i.vLcdTask) referenced from can_fd_msgobjs.o(i.main)
 <LI><a href="#[82]">vTouchTask</a> from can_fd_msgobjs.o(i.vTouchTask) referenced from can_fd_msgobjs.o(i.main)
</UL>
<P>
<H3>
Global Symbols
</H3>
<P><STRONG><a name="[45]"></a>__main</STRONG> (Thumb, 0 bytes, Stack size unknown bytes, entry.o(.ARM.Collect$$$$00000000))
<BR>[Address Reference Count : 1]<UL><LI> startup_lpc54608.o(.text)
</UL>
<P><STRONG><a name="[12c]"></a>_main_stk</STRONG> (Thumb, 0 bytes, Stack size unknown bytes, entry4.o(.ARM.Collect$$$$00000003))

<P><STRONG><a name="[87]"></a>_main_scatterload</STRONG> (Thumb, 0 bytes, Stack size unknown bytes, entry5.o(.ARM.Collect$$$$00000004))
<BR><BR>[Calls]<UL><LI><a href="#[88]">&gt;&gt;</a>&nbsp;&nbsp;&nbsp;__scatterload
</UL>

<P><STRONG><a name="[8d]"></a>__main_after_scatterload</STRONG> (Thumb, 0 bytes, Stack size unknown bytes, entry5.o(.ARM.Collect$$$$00000004))
<BR><BR>[Called By]<UL><LI><a href="#[88]">&gt;&gt;</a>&nbsp;&nbsp;&nbsp;__scatterload
</UL>

<P><STRONG><a name="[12d]"></a>_main_clock</STRONG> (Thumb, 0 bytes, Stack size unknown bytes, entry7b.o(.ARM.Collect$$$$00000008))

<P><STRONG><a name="[12e]"></a>_main_cpp_init</STRONG> (Thumb, 0 bytes, Stack size unknown bytes, entry8b.o(.ARM.Collect$$$$0000000A))

<P><STRONG><a name="[12f]"></a>_main_init</STRONG> (Thumb, 0 bytes, Stack size unknown bytes, entry9a.o(.ARM.Collect$$$$0000000B))

<P><STRONG><a name="[130]"></a>__rt_final_cpp</STRONG> (Thumb, 0 bytes, Stack size unknown bytes, entry10a.o(.ARM.Collect$$$$0000000D))

<P><STRONG><a name="[131]"></a>__rt_final_exit</STRONG> (Thumb, 0 bytes, Stack size unknown bytes, entry11a.o(.ARM.Collect$$$$0000000F))

<P><STRONG><a name="[6]"></a>SVC_Handler</STRONG> (Thumb, 28 bytes, Stack size 0 bytes, port.o(.emb_text))
<BR>[Address Reference Count : 1]<UL><LI> startup_lpc54608.o(RESET)
</UL>
<P><STRONG><a name="[124]"></a>__asm___6_port_c_39a90d8d__prvStartFirstTask</STRONG> (Thumb, 28 bytes, Stack size 0 bytes, port.o(.emb_text))
<BR><BR>[Called By]<UL><LI><a href="#[11f]">&gt;&gt;</a>&nbsp;&nbsp;&nbsp;xPortStartScheduler
</UL>

<P><STRONG><a name="[123]"></a>__asm___6_port_c_39a90d8d__prvEnableVFP</STRONG> (Thumb, 16 bytes, Stack size 0 bytes, port.o(.emb_text))
<BR><BR>[Called By]<UL><LI><a href="#[11f]">&gt;&gt;</a>&nbsp;&nbsp;&nbsp;xPortStartScheduler
</UL>

<P><STRONG><a name="[8]"></a>PendSV_Handler</STRONG> (Thumb, 88 bytes, Stack size 0 bytes, port.o(.emb_text))
<BR><BR>[Calls]<UL><LI><a href="#[89]">&gt;&gt;</a>&nbsp;&nbsp;&nbsp;vTaskSwitchContext
</UL>
<BR>[Address Reference Count : 1]<UL><LI> startup_lpc54608.o(RESET)
</UL>
<P><STRONG><a name="[11a]"></a>vPortGetIPSR</STRONG> (Thumb, 6 bytes, Stack size 0 bytes, port.o(.emb_text))
<BR><BR>[Called By]<UL><LI><a href="#[119]">&gt;&gt;</a>&nbsp;&nbsp;&nbsp;vPortValidateInterruptPriority
</UL>

<P><STRONG><a name="[0]"></a>Reset_Handler</STRONG> (Thumb, 8 bytes, Stack size 0 bytes, startup_lpc54608.o(.text))
<BR>[Address Reference Count : 1]<UL><LI> startup_lpc54608.o(RESET)
</UL>
<P><STRONG><a name="[1]"></a>NMI_Handler</STRONG> (Thumb, 2 bytes, Stack size 0 bytes, startup_lpc54608.o(.text))
<BR><BR>[Calls]<UL><LI><a href="#[1]">&gt;&gt;</a>&nbsp;&nbsp;&nbsp;NMI_Handler
</UL>
<BR>[Called By]<UL><LI><a href="#[1]">&gt;&gt;</a>&nbsp;&nbsp;&nbsp;NMI_Handler
</UL>
<BR>[Address Reference Count : 1]<UL><LI> startup_lpc54608.o(RESET)
</UL>
<P><STRONG><a name="[2]"></a>HardFault_Handler</STRONG> (Thumb, 2 bytes, Stack size 0 bytes, startup_lpc54608.o(.text))
<BR><BR>[Calls]<UL><LI><a href="#[2]">&gt;&gt;</a>&nbsp;&nbsp;&nbsp;HardFault_Handler
</UL>
<BR>[Called By]<UL><LI><a href="#[2]">&gt;&gt;</a>&nbsp;&nbsp;&nbsp;HardFault_Handler
</UL>
<BR>[Address Reference Count : 1]<UL><LI> startup_lpc54608.o(RESET)
</UL>
<P><STRONG><a name="[3]"></a>MemManage_Handler</STRONG> (Thumb, 2 bytes, Stack size 0 bytes, startup_lpc54608.o(.text))
<BR><BR>[Calls]<UL><LI><a href="#[3]">&gt;&gt;</a>&nbsp;&nbsp;&nbsp;MemManage_Handler
</UL>
<BR>[Called By]<UL><LI><a href="#[3]">&gt;&gt;</a>&nbsp;&nbsp;&nbsp;MemManage_Handler
</UL>
<BR>[Address Reference Count : 1]<UL><LI> startup_lpc54608.o(RESET)
</UL>
<P><STRONG><a name="[4]"></a>BusFault_Handler</STRONG> (Thumb, 2 bytes, Stack size 0 bytes, startup_lpc54608.o(.text))
<BR><BR>[Calls]<UL><LI><a href="#[4]">&gt;&gt;</a>&nbsp;&nbsp;&nbsp;BusFault_Handler
</UL>
<BR>[Called By]<UL><LI><a href="#[4]">&gt;&gt;</a>&nbsp;&nbsp;&nbsp;BusFault_Handler
</UL>
<BR>[Address Reference Count : 1]<UL><LI> startup_lpc54608.o(RESET)
</UL>
<P><STRONG><a name="[5]"></a>UsageFault_Handler</STRONG> (Thumb, 2 bytes, Stack size 0 bytes, startup_lpc54608.o(.text))
<BR><BR>[Calls]<UL><LI><a href="#[5]">&gt;&gt;</a>&nbsp;&nbsp;&nbsp;UsageFault_Handler
</UL>
<BR>[Called By]<UL><LI><a href="#[5]">&gt;&gt;</a>&nbsp;&nbsp;&nbsp;UsageFault_Handler
</UL>
<BR>[Address Reference Count : 1]<UL><LI> startup_lpc54608.o(RESET)
</UL>
<P><STRONG><a name="[7]"></a>DebugMon_Handler</STRONG> (Thumb, 2 bytes, Stack size 0 bytes, startup_lpc54608.o(.text))
<BR><BR>[Calls]<UL><LI><a href="#[7]">&gt;&gt;</a>&nbsp;&nbsp;&nbsp;DebugMon_Handler
</UL>
<BR>[Called By]<UL><LI><a href="#[7]">&gt;&gt;</a>&nbsp;&nbsp;&nbsp;DebugMon_Handler
</UL>
<BR>[Address Reference Count : 1]<UL><LI> startup_lpc54608.o(RESET)
</UL>
<P><STRONG><a name="[a]"></a>WDT_BOD_IRQHandler</STRONG> (Thumb, 4 bytes, Stack size 0 bytes, startup_lpc54608.o(.text))
<BR>[Address Reference Count : 1]<UL><LI> startup_lpc54608.o(RESET)
</UL>
<P><STRONG><a name="[b]"></a>DMA0_IRQHandler</STRONG> (Thumb, 4 bytes, Stack size 0 bytes, startup_lpc54608.o(.text))
<BR>[Address Reference Count : 1]<UL><LI> startup_lpc54608.o(RESET)
</UL>
<P><STRONG><a name="[c]"></a>GINT0_IRQHandler</STRONG> (Thumb, 4 bytes, Stack size 0 bytes, startup_lpc54608.o(.text))
<BR>[Address Reference Count : 1]<UL><LI> startup_lpc54608.o(RESET)
</UL>
<P><STRONG><a name="[d]"></a>GINT1_IRQHandler</STRONG> (Thumb, 4 bytes, Stack size 0 bytes, startup_lpc54608.o(.text))
<BR>[Address Reference Count : 1]<UL><LI> startup_lpc54608.o(RESET)
</UL>
<P><STRONG><a name="[e]"></a>PIN_INT0_IRQHandler</STRONG> (Thumb, 4 bytes, Stack size 0 bytes, startup_lpc54608.o(.text))
<BR>[Address Reference Count : 1]<UL><LI> startup_lpc54608.o(RESET)
</UL>
<P><STRONG><a name="[f]"></a>PIN_INT1_IRQHandler</STRONG> (Thumb, 4 bytes, Stack size 0 bytes, startup_lpc54608.o(.text))
<BR>[Address Reference Count : 1]<UL><LI> startup_lpc54608.o(RESET)
</UL>
<P><STRONG><a name="[10]"></a>PIN_INT2_IRQHandler</STRONG> (Thumb, 4 bytes, Stack size 0 bytes, startup_lpc54608.o(.text))
<BR>[Address Reference Count : 1]<UL><LI> startup_lpc54608.o(RESET)
</UL>
<P><STRONG><a name="[11]"></a>PIN_INT3_IRQHandler</STRONG> (Thumb, 4 bytes, Stack size 0 bytes, startup_lpc54608.o(.text))
<BR>[Address Reference Count : 1]<UL><LI> startup_lpc54608.o(RESET)
</UL>
<P><STRONG><a name="[12]"></a>UTICK0_IRQHandler</STRONG> (Thumb, 4 bytes, Stack size 0 bytes, startup_lpc54608.o(.text))
<BR>[Address Reference Count : 1]<UL><LI> startup_lpc54608.o(RESET)
</UL>
<P><STRONG><a name="[13]"></a>MRT0_IRQHandler</STRONG> (Thumb, 4 bytes, Stack size 0 bytes, startup_lpc54608.o(.text))
<BR>[Address Reference Count : 1]<UL><LI> startup_lpc54608.o(RESET)
</UL>
<P><STRONG><a name="[14]"></a>CTIMER0_IRQHandler</STRONG> (Thumb, 4 bytes, Stack size 0 bytes, startup_lpc54608.o(.text))
<BR>[Address Reference Count : 1]<UL><LI> startup_lpc54608.o(RESET)
</UL>
<P><STRONG><a name="[15]"></a>CTIMER1_IRQHandler</STRONG> (Thumb, 4 bytes, Stack size 0 bytes, startup_lpc54608.o(.text))
<BR>[Address Reference Count : 1]<UL><LI> startup_lpc54608.o(RESET)
</UL>
<P><STRONG><a name="[16]"></a>SCT0_IRQHandler</STRONG> (Thumb, 4 bytes, Stack size 0 bytes, startup_lpc54608.o(.text))
<BR>[Address Reference Count : 1]<UL><LI> startup_lpc54608.o(RESET)
</UL>
<P><STRONG><a name="[17]"></a>CTIMER3_IRQHandler</STRONG> (Thumb, 4 bytes, Stack size 0 bytes, startup_lpc54608.o(.text))
<BR>[Address Reference Count : 1]<UL><LI> startup_lpc54608.o(RESET)
</UL>
<P><STRONG><a name="[19]"></a>FLEXCOMM1_IRQHandler</STRONG> (Thumb, 4 bytes, Stack size 0 bytes, startup_lpc54608.o(.text))
<BR>[Address Reference Count : 1]<UL><LI> startup_lpc54608.o(RESET)
</UL>
<P><STRONG><a name="[1a]"></a>FLEXCOMM2_IRQHandler</STRONG> (Thumb, 4 bytes, Stack size 0 bytes, startup_lpc54608.o(.text))
<BR>[Address Reference Count : 1]<UL><LI> startup_lpc54608.o(RESET)
</UL>
<P><STRONG><a name="[1b]"></a>FLEXCOMM3_IRQHandler</STRONG> (Thumb, 4 bytes, Stack size 0 bytes, startup_lpc54608.o(.text))
<BR>[Address Reference Count : 1]<UL><LI> startup_lpc54608.o(RESET)
</UL>
<P><STRONG><a name="[1c]"></a>FLEXCOMM4_IRQHandler</STRONG> (Thumb, 4 bytes, Stack size 0 bytes, startup_lpc54608.o(.text))
<BR>[Address Reference Count : 1]<UL><LI> startup_lpc54608.o(RESET)
</UL>
<P><STRONG><a name="[1d]"></a>FLEXCOMM5_IRQHandler</STRONG> (Thumb, 4 bytes, Stack size 0 bytes, startup_lpc54608.o(.text))
<BR>[Address Reference Count : 1]<UL><LI> startup_lpc54608.o(RESET)
</UL>
<P><STRONG><a name="[1e]"></a>FLEXCOMM6_IRQHandler</STRONG> (Thumb, 4 bytes, Stack size 0 bytes, startup_lpc54608.o(.text))
<BR>[Address Reference Count : 1]<UL><LI> startup_lpc54608.o(RESET)
</UL>
<P><STRONG><a name="[1f]"></a>FLEXCOMM7_IRQHandler</STRONG> (Thumb, 4 bytes, Stack size 0 bytes, startup_lpc54608.o(.text))
<BR>[Address Reference Count : 1]<UL><LI> startup_lpc54608.o(RESET)
</UL>
<P><STRONG><a name="[20]"></a>ADC0_SEQA_IRQHandler</STRONG> (Thumb, 4 bytes, Stack size 0 bytes, startup_lpc54608.o(.text))
<BR>[Address Reference Count : 1]<UL><LI> startup_lpc54608.o(RESET)
</UL>
<P><STRONG><a name="[21]"></a>ADC0_SEQB_IRQHandler</STRONG> (Thumb, 4 bytes, Stack size 0 bytes, startup_lpc54608.o(.text))
<BR>[Address Reference Count : 1]<UL><LI> startup_lpc54608.o(RESET)
</UL>
<P><STRONG><a name="[22]"></a>ADC0_THCMP_IRQHandler</STRONG> (Thumb, 4 bytes, Stack size 0 bytes, startup_lpc54608.o(.text))
<BR>[Address Reference Count : 1]<UL><LI> startup_lpc54608.o(RESET)
</UL>
<P><STRONG><a name="[23]"></a>DMIC0_IRQHandler</STRONG> (Thumb, 4 bytes, Stack size 0 bytes, startup_lpc54608.o(.text))
<BR>[Address Reference Count : 1]<UL><LI> startup_lpc54608.o(RESET)
</UL>
<P><STRONG><a name="[24]"></a>HWVAD0_IRQHandler</STRONG> (Thumb, 4 bytes, Stack size 0 bytes, startup_lpc54608.o(.text))
<BR>[Address Reference Count : 1]<UL><LI> startup_lpc54608.o(RESET)
</UL>
<P><STRONG><a name="[25]"></a>USB0_NEEDCLK_IRQHandler</STRONG> (Thumb, 4 bytes, Stack size 0 bytes, startup_lpc54608.o(.text))
<BR>[Address Reference Count : 1]<UL><LI> startup_lpc54608.o(RESET)
</UL>
<P><STRONG><a name="[26]"></a>USB0_IRQHandler</STRONG> (Thumb, 4 bytes, Stack size 0 bytes, startup_lpc54608.o(.text))
<BR>[Address Reference Count : 1]<UL><LI> startup_lpc54608.o(RESET)
</UL>
<P><STRONG><a name="[27]"></a>RTC_IRQHandler</STRONG> (Thumb, 4 bytes, Stack size 0 bytes, startup_lpc54608.o(.text))
<BR>[Address Reference Count : 1]<UL><LI> startup_lpc54608.o(RESET)
</UL>
<P><STRONG><a name="[28]"></a>Reserved46_IRQHandler</STRONG> (Thumb, 4 bytes, Stack size 0 bytes, startup_lpc54608.o(.text))
<BR>[Address Reference Count : 1]<UL><LI> startup_lpc54608.o(RESET)
</UL>
<P><STRONG><a name="[29]"></a>Reserved47_IRQHandler</STRONG> (Thumb, 4 bytes, Stack size 0 bytes, startup_lpc54608.o(.text))
<BR>[Address Reference Count : 1]<UL><LI> startup_lpc54608.o(RESET)
</UL>
<P><STRONG><a name="[2a]"></a>PIN_INT4_IRQHandler</STRONG> (Thumb, 4 bytes, Stack size 0 bytes, startup_lpc54608.o(.text))
<BR>[Address Reference Count : 1]<UL><LI> startup_lpc54608.o(RESET)
</UL>
<P><STRONG><a name="[2b]"></a>PIN_INT5_IRQHandler</STRONG> (Thumb, 4 bytes, Stack size 0 bytes, startup_lpc54608.o(.text))
<BR>[Address Reference Count : 1]<UL><LI> startup_lpc54608.o(RESET)
</UL>
<P><STRONG><a name="[2c]"></a>PIN_INT6_IRQHandler</STRONG> (Thumb, 4 bytes, Stack size 0 bytes, startup_lpc54608.o(.text))
<BR>[Address Reference Count : 1]<UL><LI> startup_lpc54608.o(RESET)
</UL>
<P><STRONG><a name="[2d]"></a>PIN_INT7_IRQHandler</STRONG> (Thumb, 4 bytes, Stack size 0 bytes, startup_lpc54608.o(.text))
<BR>[Address Reference Count : 1]<UL><LI> startup_lpc54608.o(RESET)
</UL>
<P><STRONG><a name="[2e]"></a>CTIMER2_IRQHandler</STRONG> (Thumb, 4 bytes, Stack size 0 bytes, startup_lpc54608.o(.text))
<BR>[Address Reference Count : 1]<UL><LI> startup_lpc54608.o(RESET)
</UL>
<P><STRONG><a name="[2f]"></a>CTIMER4_IRQHandler</STRONG> (Thumb, 4 bytes, Stack size 0 bytes, startup_lpc54608.o(.text))
<BR>[Address Reference Count : 1]<UL><LI> startup_lpc54608.o(RESET)
</UL>
<P><STRONG><a name="[30]"></a>RIT_IRQHandler</STRONG> (Thumb, 4 bytes, Stack size 0 bytes, startup_lpc54608.o(.text))
<BR>[Address Reference Count : 1]<UL><LI> startup_lpc54608.o(RESET)
</UL>
<P><STRONG><a name="[31]"></a>SPIFI0_IRQHandler</STRONG> (Thumb, 4 bytes, Stack size 0 bytes, startup_lpc54608.o(.text))
<BR>[Address Reference Count : 1]<UL><LI> startup_lpc54608.o(RESET)
</UL>
<P><STRONG><a name="[32]"></a>FLEXCOMM8_IRQHandler</STRONG> (Thumb, 4 bytes, Stack size 0 bytes, startup_lpc54608.o(.text))
<BR>[Address Reference Count : 1]<UL><LI> startup_lpc54608.o(RESET)
</UL>
<P><STRONG><a name="[33]"></a>FLEXCOMM9_IRQHandler</STRONG> (Thumb, 4 bytes, Stack size 0 bytes, startup_lpc54608.o(.text))
<BR>[Address Reference Count : 1]<UL><LI> startup_lpc54608.o(RESET)
</UL>
<P><STRONG><a name="[34]"></a>SDIO_IRQHandler</STRONG> (Thumb, 4 bytes, Stack size 0 bytes, startup_lpc54608.o(.text))
<BR>[Address Reference Count : 1]<UL><LI> startup_lpc54608.o(RESET)
</UL>
<P><STRONG><a name="[35]"></a>CAN0_IRQ0_IRQHandler</STRONG> (Thumb, 4 bytes, Stack size 0 bytes, startup_lpc54608.o(.text))
<BR>[Address Reference Count : 1]<UL><LI> startup_lpc54608.o(RESET)
</UL>
<P><STRONG><a name="[36]"></a>CAN0_IRQ1_IRQHandler</STRONG> (Thumb, 4 bytes, Stack size 0 bytes, startup_lpc54608.o(.text))
<BR>[Address Reference Count : 1]<UL><LI> startup_lpc54608.o(RESET)
</UL>
<P><STRONG><a name="[37]"></a>CAN1_IRQ0_IRQHandler</STRONG> (Thumb, 4 bytes, Stack size 0 bytes, startup_lpc54608.o(.text))
<BR>[Address Reference Count : 1]<UL><LI> startup_lpc54608.o(RESET)
</UL>
<P><STRONG><a name="[38]"></a>CAN1_IRQ1_IRQHandler</STRONG> (Thumb, 4 bytes, Stack size 0 bytes, startup_lpc54608.o(.text))
<BR>[Address Reference Count : 1]<UL><LI> startup_lpc54608.o(RESET)
</UL>
<P><STRONG><a name="[39]"></a>USB1_IRQHandler</STRONG> (Thumb, 4 bytes, Stack size 0 bytes, startup_lpc54608.o(.text))
<BR>[Address Reference Count : 1]<UL><LI> startup_lpc54608.o(RESET)
</UL>
<P><STRONG><a name="[3a]"></a>USB1_NEEDCLK_IRQHandler</STRONG> (Thumb, 4 bytes, Stack size 0 bytes, startup_lpc54608.o(.text))
<BR>[Address Reference Count : 1]<UL><LI> startup_lpc54608.o(RESET)
</UL>
<P><STRONG><a name="[3b]"></a>ETHERNET_IRQHandler</STRONG> (Thumb, 4 bytes, Stack size 0 bytes, startup_lpc54608.o(.text))
<BR>[Address Reference Count : 1]<UL><LI> startup_lpc54608.o(RESET)
</UL>
<P><STRONG><a name="[3c]"></a>ETHERNET_PMT_IRQHandler</STRONG> (Thumb, 4 bytes, Stack size 0 bytes, startup_lpc54608.o(.text))
<BR>[Address Reference Count : 1]<UL><LI> startup_lpc54608.o(RESET)
</UL>
<P><STRONG><a name="[3d]"></a>ETHERNET_MACLP_IRQHandler</STRONG> (Thumb, 4 bytes, Stack size 0 bytes, startup_lpc54608.o(.text))
<BR>[Address Reference Count : 1]<UL><LI> startup_lpc54608.o(RESET)
</UL>
<P><STRONG><a name="[3e]"></a>EEPROM_IRQHandler</STRONG> (Thumb, 4 bytes, Stack size 0 bytes, startup_lpc54608.o(.text))
<BR>[Address Reference Count : 1]<UL><LI> startup_lpc54608.o(RESET)
</UL>
<P><STRONG><a name="[3f]"></a>LCD_IRQHandler</STRONG> (Thumb, 4 bytes, Stack size 0 bytes, startup_lpc54608.o(.text))
<BR>[Address Reference Count : 1]<UL><LI> startup_lpc54608.o(RESET)
</UL>
<P><STRONG><a name="[40]"></a>SHA_IRQHandler</STRONG> (Thumb, 4 bytes, Stack size 0 bytes, startup_lpc54608.o(.text))
<BR>[Address Reference Count : 1]<UL><LI> startup_lpc54608.o(RESET)
</UL>
<P><STRONG><a name="[41]"></a>SMARTCARD0_IRQHandler</STRONG> (Thumb, 4 bytes, Stack size 0 bytes, startup_lpc54608.o(.text))
<BR>[Address Reference Count : 1]<UL><LI> startup_lpc54608.o(RESET)
</UL>
<P><STRONG><a name="[42]"></a>SMARTCARD1_IRQHandler</STRONG> (Thumb, 4 bytes, Stack size 0 bytes, startup_lpc54608.o(.text))
<BR>[Address Reference Count : 1]<UL><LI> startup_lpc54608.o(RESET)
</UL>
<P><STRONG><a name="[5c]"></a>ADC0_SEQA_DriverIRQHandler</STRONG> (Thumb, 0 bytes, Stack size 0 bytes, startup_lpc54608.o(.text))
<BR><BR>[Calls]<UL><LI><a href="#[5c]">&gt;&gt;</a>&nbsp;&nbsp;&nbsp;ADC0_SEQA_DriverIRQHandler
</UL>
<BR>[Called By]<UL><LI><a href="#[5c]">&gt;&gt;</a>&nbsp;&nbsp;&nbsp;ADC0_SEQA_DriverIRQHandler
</UL>
<BR>[Address Reference Count : 1]<UL><LI> startup_lpc54608.o(.text)
</UL>
<P><STRONG><a name="[5d]"></a>ADC0_SEQB_DriverIRQHandler</STRONG> (Thumb, 0 bytes, Stack size 0 bytes, startup_lpc54608.o(.text))
<BR>[Address Reference Count : 1]<UL><LI> startup_lpc54608.o(.text)
</UL>
<P><STRONG><a name="[5e]"></a>ADC0_THCMP_DriverIRQHandler</STRONG> (Thumb, 0 bytes, Stack size 0 bytes, startup_lpc54608.o(.text))
<BR>[Address Reference Count : 1]<UL><LI> startup_lpc54608.o(.text)
</UL>
<P><STRONG><a name="[72]"></a>CAN0_IRQ1_DriverIRQHandler</STRONG> (Thumb, 0 bytes, Stack size 0 bytes, startup_lpc54608.o(.text))
<BR>[Address Reference Count : 1]<UL><LI> startup_lpc54608.o(.text)
</UL>
<P><STRONG><a name="[74]"></a>CAN1_IRQ1_DriverIRQHandler</STRONG> (Thumb, 0 bytes, Stack size 0 bytes, startup_lpc54608.o(.text))
<BR>[Address Reference Count : 1]<UL><LI> startup_lpc54608.o(.text)
</UL>
<P><STRONG><a name="[50]"></a>CTIMER0_DriverIRQHandler</STRONG> (Thumb, 0 bytes, Stack size 0 bytes, startup_lpc54608.o(.text))
<BR>[Address Reference Count : 1]<UL><LI> startup_lpc54608.o(.text)
</UL>
<P><STRONG><a name="[51]"></a>CTIMER1_DriverIRQHandler</STRONG> (Thumb, 0 bytes, Stack size 0 bytes, startup_lpc54608.o(.text))
<BR>[Address Reference Count : 1]<UL><LI> startup_lpc54608.o(.text)
</UL>
<P><STRONG><a name="[6a]"></a>CTIMER2_DriverIRQHandler</STRONG> (Thumb, 0 bytes, Stack size 0 bytes, startup_lpc54608.o(.text))
<BR>[Address Reference Count : 1]<UL><LI> startup_lpc54608.o(.text)
</UL>
<P><STRONG><a name="[53]"></a>CTIMER3_DriverIRQHandler</STRONG> (Thumb, 0 bytes, Stack size 0 bytes, startup_lpc54608.o(.text))
<BR>[Address Reference Count : 1]<UL><LI> startup_lpc54608.o(.text)
</UL>
<P><STRONG><a name="[6b]"></a>CTIMER4_DriverIRQHandler</STRONG> (Thumb, 0 bytes, Stack size 0 bytes, startup_lpc54608.o(.text))
<BR>[Address Reference Count : 1]<UL><LI> startup_lpc54608.o(.text)
</UL>
<P><STRONG><a name="[47]"></a>DMA0_DriverIRQHandler</STRONG> (Thumb, 0 bytes, Stack size 0 bytes, startup_lpc54608.o(.text))
<BR>[Address Reference Count : 1]<UL><LI> startup_lpc54608.o(.text)
</UL>
<P><STRONG><a name="[5f]"></a>DMIC0_DriverIRQHandler</STRONG> (Thumb, 0 bytes, Stack size 0 bytes, startup_lpc54608.o(.text))
<BR>[Address Reference Count : 1]<UL><LI> startup_lpc54608.o(.text)
</UL>
<P><STRONG><a name="[7a]"></a>EEPROM_DriverIRQHandler</STRONG> (Thumb, 0 bytes, Stack size 0 bytes, startup_lpc54608.o(.text))
<BR>[Address Reference Count : 1]<UL><LI> startup_lpc54608.o(.text)
</UL>
<P><STRONG><a name="[77]"></a>ETHERNET_DriverIRQHandler</STRONG> (Thumb, 0 bytes, Stack size 0 bytes, startup_lpc54608.o(.text))
<BR>[Address Reference Count : 1]<UL><LI> startup_lpc54608.o(.text)
</UL>
<P><STRONG><a name="[79]"></a>ETHERNET_MACLP_DriverIRQHandler</STRONG> (Thumb, 0 bytes, Stack size 0 bytes, startup_lpc54608.o(.text))
<BR>[Address Reference Count : 1]<UL><LI> startup_lpc54608.o(.text)
</UL>
<P><STRONG><a name="[78]"></a>ETHERNET_PMT_DriverIRQHandler</STRONG> (Thumb, 0 bytes, Stack size 0 bytes, startup_lpc54608.o(.text))
<BR>[Address Reference Count : 1]<UL><LI> startup_lpc54608.o(.text)
</UL>
<P><STRONG><a name="[48]"></a>GINT0_DriverIRQHandler</STRONG> (Thumb, 0 bytes, Stack size 0 bytes, startup_lpc54608.o(.text))
<BR>[Address Reference Count : 1]<UL><LI> startup_lpc54608.o(.text)
</UL>
<P><STRONG><a name="[49]"></a>GINT1_DriverIRQHandler</STRONG> (Thumb, 0 bytes, Stack size 0 bytes, startup_lpc54608.o(.text))
<BR>[Address Reference Count : 1]<UL><LI> startup_lpc54608.o(.text)
</UL>
<P><STRONG><a name="[60]"></a>HWVAD0_DriverIRQHandler</STRONG> (Thumb, 0 bytes, Stack size 0 bytes, startup_lpc54608.o(.text))
<BR>[Address Reference Count : 1]<UL><LI> startup_lpc54608.o(.text)
</UL>
<P><STRONG><a name="[7b]"></a>LCD_DriverIRQHandler</STRONG> (Thumb, 0 bytes, Stack size 0 bytes, startup_lpc54608.o(.text))
<BR>[Address Reference Count : 1]<UL><LI> startup_lpc54608.o(.text)
</UL>
<P><STRONG><a name="[4f]"></a>MRT0_DriverIRQHandler</STRONG> (Thumb, 0 bytes, Stack size 0 bytes, startup_lpc54608.o(.text))
<BR>[Address Reference Count : 1]<UL><LI> startup_lpc54608.o(.text)
</UL>
<P><STRONG><a name="[4a]"></a>PIN_INT0_DriverIRQHandler</STRONG> (Thumb, 0 bytes, Stack size 0 bytes, startup_lpc54608.o(.text))
<BR>[Address Reference Count : 1]<UL><LI> startup_lpc54608.o(.text)
</UL>
<P><STRONG><a name="[4b]"></a>PIN_INT1_DriverIRQHandler</STRONG> (Thumb, 0 bytes, Stack size 0 bytes, startup_lpc54608.o(.text))
<BR>[Address Reference Count : 1]<UL><LI> startup_lpc54608.o(.text)
</UL>
<P><STRONG><a name="[4c]"></a>PIN_INT2_DriverIRQHandler</STRONG> (Thumb, 0 bytes, Stack size 0 bytes, startup_lpc54608.o(.text))
<BR>[Address Reference Count : 1]<UL><LI> startup_lpc54608.o(.text)
</UL>
<P><STRONG><a name="[4d]"></a>PIN_INT3_DriverIRQHandler</STRONG> (Thumb, 0 bytes, Stack size 0 bytes, startup_lpc54608.o(.text))
<BR>[Address Reference Count : 1]<UL><LI> startup_lpc54608.o(.text)
</UL>
<P><STRONG><a name="[66]"></a>PIN_INT4_DriverIRQHandler</STRONG> (Thumb, 0 bytes, Stack size 0 bytes, startup_lpc54608.o(.text))
<BR>[Address Reference Count : 1]<UL><LI> startup_lpc54608.o(.text)
</UL>
<P><STRONG><a name="[67]"></a>PIN_INT5_DriverIRQHandler</STRONG> (Thumb, 0 bytes, Stack size 0 bytes, startup_lpc54608.o(.text))
<BR>[Address Reference Count : 1]<UL><LI> startup_lpc54608.o(.text)
</UL>
<P><STRONG><a name="[68]"></a>PIN_INT6_DriverIRQHandler</STRONG> (Thumb, 0 bytes, Stack size 0 bytes, startup_lpc54608.o(.text))
<BR>[Address Reference Count : 1]<UL><LI> startup_lpc54608.o(.text)
</UL>
<P><STRONG><a name="[69]"></a>PIN_INT7_DriverIRQHandler</STRONG> (Thumb, 0 bytes, Stack size 0 bytes, startup_lpc54608.o(.text))
<BR>[Address Reference Count : 1]<UL><LI> startup_lpc54608.o(.text)
</UL>
<P><STRONG><a name="[6c]"></a>RIT_DriverIRQHandler</STRONG> (Thumb, 0 bytes, Stack size 0 bytes, startup_lpc54608.o(.text))
<BR>[Address Reference Count : 1]<UL><LI> startup_lpc54608.o(.text)
</UL>
<P><STRONG><a name="[63]"></a>RTC_DriverIRQHandler</STRONG> (Thumb, 0 bytes, Stack size 0 bytes, startup_lpc54608.o(.text))
<BR>[Address Reference Count : 1]<UL><LI> startup_lpc54608.o(.text)
</UL>
<P><STRONG><a name="[64]"></a>Reserved46_DriverIRQHandler</STRONG> (Thumb, 0 bytes, Stack size 0 bytes, startup_lpc54608.o(.text))
<BR>[Address Reference Count : 1]<UL><LI> startup_lpc54608.o(.text)
</UL>
<P><STRONG><a name="[65]"></a>Reserved47_DriverIRQHandler</STRONG> (Thumb, 0 bytes, Stack size 0 bytes, startup_lpc54608.o(.text))
<BR>[Address Reference Count : 1]<UL><LI> startup_lpc54608.o(.text)
</UL>
<P><STRONG><a name="[52]"></a>SCT0_DriverIRQHandler</STRONG> (Thumb, 0 bytes, Stack size 0 bytes, startup_lpc54608.o(.text))
<BR>[Address Reference Count : 1]<UL><LI> startup_lpc54608.o(.text)
</UL>
<P><STRONG><a name="[70]"></a>SDIO_DriverIRQHandler</STRONG> (Thumb, 0 bytes, Stack size 0 bytes, startup_lpc54608.o(.text))
<BR>[Address Reference Count : 1]<UL><LI> startup_lpc54608.o(.text)
</UL>
<P><STRONG><a name="[7c]"></a>SHA_DriverIRQHandler</STRONG> (Thumb, 0 bytes, Stack size 0 bytes, startup_lpc54608.o(.text))
<BR>[Address Reference Count : 1]<UL><LI> startup_lpc54608.o(.text)
</UL>
<P><STRONG><a name="[7d]"></a>SMARTCARD0_DriverIRQHandler</STRONG> (Thumb, 0 bytes, Stack size 0 bytes, startup_lpc54608.o(.text))
<BR>[Address Reference Count : 1]<UL><LI> startup_lpc54608.o(.text)
</UL>
<P><STRONG><a name="[7e]"></a>SMARTCARD1_DriverIRQHandler</STRONG> (Thumb, 0 bytes, Stack size 0 bytes, startup_lpc54608.o(.text))
<BR>[Address Reference Count : 1]<UL><LI> startup_lpc54608.o(.text)
</UL>
<P><STRONG><a name="[6d]"></a>SPIFI0_DriverIRQHandler</STRONG> (Thumb, 0 bytes, Stack size 0 bytes, startup_lpc54608.o(.text))
<BR>[Address Reference Count : 1]<UL><LI> startup_lpc54608.o(.text)
</UL>
<P><STRONG><a name="[62]"></a>USB0_DriverIRQHandler</STRONG> (Thumb, 0 bytes, Stack size 0 bytes, startup_lpc54608.o(.text))
<BR>[Address Reference Count : 1]<UL><LI> startup_lpc54608.o(.text)
</UL>
<P><STRONG><a name="[61]"></a>USB0_NEEDCLK_DriverIRQHandler</STRONG> (Thumb, 0 bytes, Stack size 0 bytes, startup_lpc54608.o(.text))
<BR>[Address Reference Count : 1]<UL><LI> startup_lpc54608.o(.text)
</UL>
<P><STRONG><a name="[75]"></a>USB1_DriverIRQHandler</STRONG> (Thumb, 0 bytes, Stack size 0 bytes, startup_lpc54608.o(.text))
<BR>[Address Reference Count : 1]<UL><LI> startup_lpc54608.o(.text)
</UL>
<P><STRONG><a name="[76]"></a>USB1_NEEDCLK_DriverIRQHandler</STRONG> (Thumb, 0 bytes, Stack size 0 bytes, startup_lpc54608.o(.text))
<BR>[Address Reference Count : 1]<UL><LI> startup_lpc54608.o(.text)
</UL>
<P><STRONG><a name="[4e]"></a>UTICK0_DriverIRQHandler</STRONG> (Thumb, 0 bytes, Stack size 0 bytes, startup_lpc54608.o(.text))
<BR>[Address Reference Count : 1]<UL><LI> startup_lpc54608.o(.text)
</UL>
<P><STRONG><a name="[46]"></a>WDT_BOD_DriverIRQHandler</STRONG> (Thumb, 0 bytes, Stack size 0 bytes, startup_lpc54608.o(.text))
<BR>[Address Reference Count : 1]<UL><LI> startup_lpc54608.o(.text)
</UL>
<P><STRONG><a name="[fc]"></a>__aeabi_memcpy</STRONG> (Thumb, 36 bytes, Stack size 0 bytes, memcpya.o(.text))
<BR><BR>[Called By]<UL><LI><a href="#[fd]">&gt;&gt;</a>&nbsp;&nbsp;&nbsp;prvCopyDataToQueue
<LI><a href="#[fb]">&gt;&gt;</a>&nbsp;&nbsp;&nbsp;prvCopyDataFromQueue
</UL>

<P><STRONG><a name="[93]"></a>__aeabi_memcpy4</STRONG> (Thumb, 0 bytes, Stack size 0 bytes, memcpya.o(.text))
<BR><BR>[Called By]<UL><LI><a href="#[83]">&gt;&gt;</a>&nbsp;&nbsp;&nbsp;vLcdTask
<LI><a href="#[ea]">&gt;&gt;</a>&nbsp;&nbsp;&nbsp;obd_can_TxMSG_Pack
<LI><a href="#[8e]">&gt;&gt;</a>&nbsp;&nbsp;&nbsp;BOARD_BootClockPLL180M
</UL>

<P><STRONG><a name="[132]"></a>__aeabi_memcpy8</STRONG> (Thumb, 0 bytes, Stack size 0 bytes, memcpya.o(.text), UNUSED)

<P><STRONG><a name="[8b]"></a>__aeabi_memset</STRONG> (Thumb, 14 bytes, Stack size 0 bytes, memseta.o(.text))
<BR><BR>[Called By]<UL><LI><a href="#[102]">&gt;&gt;</a>&nbsp;&nbsp;&nbsp;prvInitialiseNewTask
<LI><a href="#[8c]">&gt;&gt;</a>&nbsp;&nbsp;&nbsp;_memset$wrapper
<LI><a href="#[8a]">&gt;&gt;</a>&nbsp;&nbsp;&nbsp;__aeabi_memclr
</UL>

<P><STRONG><a name="[133]"></a>__aeabi_memset4</STRONG> (Thumb, 0 bytes, Stack size 0 bytes, memseta.o(.text), UNUSED)

<P><STRONG><a name="[134]"></a>__aeabi_memset8</STRONG> (Thumb, 0 bytes, Stack size 0 bytes, memseta.o(.text), UNUSED)

<P><STRONG><a name="[8a]"></a>__aeabi_memclr</STRONG> (Thumb, 4 bytes, Stack size 0 bytes, memseta.o(.text), UNUSED)
<BR><BR>[Calls]<UL><LI><a href="#[8b]">&gt;&gt;</a>&nbsp;&nbsp;&nbsp;__aeabi_memset
</UL>

<P><STRONG><a name="[a7]"></a>__aeabi_memclr4</STRONG> (Thumb, 0 bytes, Stack size 0 bytes, memseta.o(.text))
<BR><BR>[Called By]<UL><LI><a href="#[98]">&gt;&gt;</a>&nbsp;&nbsp;&nbsp;CAN_Init
<LI><a href="#[97]">&gt;&gt;</a>&nbsp;&nbsp;&nbsp;CAN_GetDefaultConfig
</UL>

<P><STRONG><a name="[135]"></a>__aeabi_memclr8</STRONG> (Thumb, 0 bytes, Stack size 0 bytes, memseta.o(.text), UNUSED)

<P><STRONG><a name="[8c]"></a>_memset$wrapper</STRONG> (Thumb, 18 bytes, Stack size 8 bytes, memseta.o(.text), UNUSED)
<BR><BR>[Calls]<UL><LI><a href="#[8b]">&gt;&gt;</a>&nbsp;&nbsp;&nbsp;__aeabi_memset
</UL>

<P><STRONG><a name="[db]"></a>strlen</STRONG> (Thumb, 14 bytes, Stack size 0 bytes, strlen.o(.text))
<BR><BR>[Called By]<UL><LI><a href="#[d8]">&gt;&gt;</a>&nbsp;&nbsp;&nbsp;DbgConsole_PrintfFormattedData
</UL>

<P><STRONG><a name="[88]"></a>__scatterload</STRONG> (Thumb, 28 bytes, Stack size 0 bytes, init.o(.text))
<BR><BR>[Calls]<UL><LI><a href="#[8d]">&gt;&gt;</a>&nbsp;&nbsp;&nbsp;__main_after_scatterload
</UL>
<BR>[Called By]<UL><LI><a href="#[87]">&gt;&gt;</a>&nbsp;&nbsp;&nbsp;_main_scatterload
</UL>

<P><STRONG><a name="[136]"></a>__scatterload_rt2</STRONG> (Thumb, 0 bytes, Stack size 0 bytes, init.o(.text), UNUSED)

<P><STRONG><a name="[137]"></a>__decompress</STRONG> (Thumb, 0 bytes, Stack size unknown bytes, __dczerorl2.o(.text), UNUSED)

<P><STRONG><a name="[138]"></a>__decompress1</STRONG> (Thumb, 86 bytes, Stack size unknown bytes, __dczerorl2.o(.text), UNUSED)

<P><STRONG><a name="[8e]"></a>BOARD_BootClockPLL180M</STRONG> (Thumb, 152 bytes, Stack size 32 bytes, clock_config.o(i.BOARD_BootClockPLL180M))
<BR><BR>[Stack]<UL><LI>Max Depth = 56<LI>Call Chain = BOARD_BootClockPLL180M &rArr; CLOCK_SetPLLFreq
</UL>
<BR>[Calls]<UL><LI><a href="#[91]">&gt;&gt;</a>&nbsp;&nbsp;&nbsp;POWER_SetVoltageForFreq
<LI><a href="#[94]">&gt;&gt;</a>&nbsp;&nbsp;&nbsp;CLOCK_SetPLLFreq
<LI><a href="#[92]">&gt;&gt;</a>&nbsp;&nbsp;&nbsp;CLOCK_SetFLASHAccessCyclesForFreq
<LI><a href="#[95]">&gt;&gt;</a>&nbsp;&nbsp;&nbsp;CLOCK_SetClkDiv
<LI><a href="#[90]">&gt;&gt;</a>&nbsp;&nbsp;&nbsp;CLOCK_AttachClk
<LI><a href="#[8f]">&gt;&gt;</a>&nbsp;&nbsp;&nbsp;POWER_DisablePD
<LI><a href="#[93]">&gt;&gt;</a>&nbsp;&nbsp;&nbsp;__aeabi_memcpy4
</UL>
<BR>[Called By]<UL><LI><a href="#[43]">&gt;&gt;</a>&nbsp;&nbsp;&nbsp;main
</UL>

<P><STRONG><a name="[96]"></a>BOARD_InitCAN</STRONG> (Thumb, 112 bytes, Stack size 32 bytes, board.o(i.BOARD_InitCAN))
<BR><BR>[Stack]<UL><LI>Max Depth = 292<LI>Call Chain = BOARD_InitCAN &rArr; CAN_Init &rArr; RESET_PeripheralReset &rArr; RESET_SetPeripheralReset &rArr; __aeabi_assert &rArr; DbgConsole_Printf &rArr; DbgConsole_PrintfFormattedData &rArr; DbgConsole_ConvertRadixNumToString
</UL>
<BR>[Calls]<UL><LI><a href="#[99]">&gt;&gt;</a>&nbsp;&nbsp;&nbsp;CAN_SetRxIndividualMask
<LI><a href="#[9a]">&gt;&gt;</a>&nbsp;&nbsp;&nbsp;CAN_SetRxExtIndividualMask
<LI><a href="#[98]">&gt;&gt;</a>&nbsp;&nbsp;&nbsp;CAN_Init
<LI><a href="#[97]">&gt;&gt;</a>&nbsp;&nbsp;&nbsp;CAN_GetDefaultConfig
<LI><a href="#[9b]">&gt;&gt;</a>&nbsp;&nbsp;&nbsp;CAN_Enable
</UL>
<BR>[Called By]<UL><LI><a href="#[43]">&gt;&gt;</a>&nbsp;&nbsp;&nbsp;main
</UL>

<P><STRONG><a name="[9c]"></a>BOARD_InitDebugConsole</STRONG> (Thumb, 58 bytes, Stack size 16 bytes, board.o(i.BOARD_InitDebugConsole))
<BR><BR>[Stack]<UL><LI>Max Depth = 308<LI>Call Chain = BOARD_InitDebugConsole &rArr; DbgConsole_Init &rArr; USART_Init &rArr; USART_SetBaudRate &rArr; __aeabi_assert &rArr; DbgConsole_Printf &rArr; DbgConsole_PrintfFormattedData &rArr; DbgConsole_ConvertRadixNumToString
</UL>
<BR>[Calls]<UL><LI><a href="#[9d]">&gt;&gt;</a>&nbsp;&nbsp;&nbsp;RESET_PeripheralReset
<LI><a href="#[a0]">&gt;&gt;</a>&nbsp;&nbsp;&nbsp;__aeabi_assert
<LI><a href="#[9e]">&gt;&gt;</a>&nbsp;&nbsp;&nbsp;CLOCK_GetFreq
<LI><a href="#[90]">&gt;&gt;</a>&nbsp;&nbsp;&nbsp;CLOCK_AttachClk
<LI><a href="#[9f]">&gt;&gt;</a>&nbsp;&nbsp;&nbsp;DbgConsole_Init
</UL>
<BR>[Called By]<UL><LI><a href="#[43]">&gt;&gt;</a>&nbsp;&nbsp;&nbsp;main
</UL>

<P><STRONG><a name="[a1]"></a>BOARD_InitGPIO</STRONG> (Thumb, 76 bytes, Stack size 8 bytes, board.o(i.BOARD_InitGPIO))
<BR><BR>[Stack]<UL><LI>Max Depth = 20<LI>Call Chain = BOARD_InitGPIO &rArr; GPIO_PinInit
</UL>
<BR>[Calls]<UL><LI><a href="#[a2]">&gt;&gt;</a>&nbsp;&nbsp;&nbsp;GPIO_PinInit
<LI><a href="#[a3]">&gt;&gt;</a>&nbsp;&nbsp;&nbsp;GPIO_WritePinOutput
</UL>
<BR>[Called By]<UL><LI><a href="#[43]">&gt;&gt;</a>&nbsp;&nbsp;&nbsp;main
</UL>

<P><STRONG><a name="[a4]"></a>BOARD_InitPins</STRONG> (Thumb, 272 bytes, Stack size 56 bytes, pin_mux.o(i.BOARD_InitPins))
<BR><BR>[Stack]<UL><LI>Max Depth = 64<LI>Call Chain = BOARD_InitPins &rArr; IOCON_PinMuxSet
</UL>
<BR>[Calls]<UL><LI><a href="#[a5]">&gt;&gt;</a>&nbsp;&nbsp;&nbsp;IOCON_PinMuxSet
</UL>
<BR>[Called By]<UL><LI><a href="#[43]">&gt;&gt;</a>&nbsp;&nbsp;&nbsp;main
</UL>

<P><STRONG><a name="[71]"></a>CAN0_IRQ0_DriverIRQHandler</STRONG> (Thumb, 14 bytes, Stack size 8 bytes, can.o(i.CAN0_IRQ0_DriverIRQHandler))
<BR><BR>[Stack]<UL><LI>Max Depth = 104<LI>Call Chain = CAN0_IRQ0_DriverIRQHandler &rArr; CAN_TransferHandleIRQ &rArr; CAN_ReadRxFifo &rArr; CAN_ReadRxMessage
</UL>
<BR>[Calls]<UL><LI><a href="#[a6]">&gt;&gt;</a>&nbsp;&nbsp;&nbsp;CAN_TransferHandleIRQ
</UL>
<BR>[Address Reference Count : 1]<UL><LI> startup_lpc54608.o(.text)
</UL>
<P><STRONG><a name="[73]"></a>CAN1_IRQ0_DriverIRQHandler</STRONG> (Thumb, 14 bytes, Stack size 8 bytes, can.o(i.CAN1_IRQ0_DriverIRQHandler))
<BR><BR>[Stack]<UL><LI>Max Depth = 104<LI>Call Chain = CAN1_IRQ0_DriverIRQHandler &rArr; CAN_TransferHandleIRQ &rArr; CAN_ReadRxFifo &rArr; CAN_ReadRxMessage
</UL>
<BR>[Calls]<UL><LI><a href="#[a6]">&gt;&gt;</a>&nbsp;&nbsp;&nbsp;CAN_TransferHandleIRQ
</UL>
<BR>[Address Reference Count : 1]<UL><LI> startup_lpc54608.o(.text)
</UL>
<P><STRONG><a name="[9b]"></a>CAN_Enable</STRONG> (Thumb, 46 bytes, Stack size 0 bytes, can.o(i.CAN_Enable))
<BR><BR>[Called By]<UL><LI><a href="#[96]">&gt;&gt;</a>&nbsp;&nbsp;&nbsp;BOARD_InitCAN
</UL>

<P><STRONG><a name="[97]"></a>CAN_GetDefaultConfig</STRONG> (Thumb, 44 bytes, Stack size 8 bytes, can.o(i.CAN_GetDefaultConfig))
<BR><BR>[Stack]<UL><LI>Max Depth = 8<LI>Call Chain = CAN_GetDefaultConfig
</UL>
<BR>[Calls]<UL><LI><a href="#[a7]">&gt;&gt;</a>&nbsp;&nbsp;&nbsp;__aeabi_memclr4
</UL>
<BR>[Called By]<UL><LI><a href="#[96]">&gt;&gt;</a>&nbsp;&nbsp;&nbsp;BOARD_InitCAN
</UL>

<P><STRONG><a name="[98]"></a>CAN_Init</STRONG> (Thumb, 516 bytes, Stack size 40 bytes, can.o(i.CAN_Init))
<BR><BR>[Stack]<UL><LI>Max Depth = 260<LI>Call Chain = CAN_Init &rArr; RESET_PeripheralReset &rArr; RESET_SetPeripheralReset &rArr; __aeabi_assert &rArr; DbgConsole_Printf &rArr; DbgConsole_PrintfFormattedData &rArr; DbgConsole_ConvertRadixNumToString
</UL>
<BR>[Calls]<UL><LI><a href="#[9d]">&gt;&gt;</a>&nbsp;&nbsp;&nbsp;RESET_PeripheralReset
<LI><a href="#[ab]">&gt;&gt;</a>&nbsp;&nbsp;&nbsp;CAN_SetTimingConfig
<LI><a href="#[aa]">&gt;&gt;</a>&nbsp;&nbsp;&nbsp;NVIC_EnableIRQ
<LI><a href="#[a9]">&gt;&gt;</a>&nbsp;&nbsp;&nbsp;CLOCK_EnableClock
<LI><a href="#[ac]">&gt;&gt;</a>&nbsp;&nbsp;&nbsp;CAN_NumberofBytestoFieldSize
<LI><a href="#[a8]">&gt;&gt;</a>&nbsp;&nbsp;&nbsp;CAN_GetInstance
<LI><a href="#[a7]">&gt;&gt;</a>&nbsp;&nbsp;&nbsp;__aeabi_memclr4
</UL>
<BR>[Called By]<UL><LI><a href="#[96]">&gt;&gt;</a>&nbsp;&nbsp;&nbsp;BOARD_InitCAN
</UL>

<P><STRONG><a name="[ad]"></a>CAN_ReadRxFifo</STRONG> (Thumb, 134 bytes, Stack size 48 bytes, can.o(i.CAN_ReadRxFifo))
<BR><BR>[Stack]<UL><LI>Max Depth = 64<LI>Call Chain = CAN_ReadRxFifo &rArr; CAN_ReadRxMessage
</UL>
<BR>[Calls]<UL><LI><a href="#[ae]">&gt;&gt;</a>&nbsp;&nbsp;&nbsp;CAN_ReadRxMessage
</UL>
<BR>[Called By]<UL><LI><a href="#[a6]">&gt;&gt;</a>&nbsp;&nbsp;&nbsp;CAN_TransferHandleIRQ
</UL>

<P><STRONG><a name="[af]"></a>CAN_ReadRxMb</STRONG> (Thumb, 134 bytes, Stack size 32 bytes, can.o(i.CAN_ReadRxMb))
<BR><BR>[Stack]<UL><LI>Max Depth = 48<LI>Call Chain = CAN_ReadRxMb &rArr; CAN_ReadRxMessage
</UL>
<BR>[Calls]<UL><LI><a href="#[ae]">&gt;&gt;</a>&nbsp;&nbsp;&nbsp;CAN_ReadRxMessage
</UL>
<BR>[Called By]<UL><LI><a href="#[a6]">&gt;&gt;</a>&nbsp;&nbsp;&nbsp;CAN_TransferHandleIRQ
<LI><a href="#[83]">&gt;&gt;</a>&nbsp;&nbsp;&nbsp;vLcdTask
</UL>

<P><STRONG><a name="[9a]"></a>CAN_SetRxExtIndividualMask</STRONG> (Thumb, 34 bytes, Stack size 16 bytes, can.o(i.CAN_SetRxExtIndividualMask))
<BR><BR>[Stack]<UL><LI>Max Depth = 16<LI>Call Chain = CAN_SetRxExtIndividualMask
</UL>
<BR>[Called By]<UL><LI><a href="#[96]">&gt;&gt;</a>&nbsp;&nbsp;&nbsp;BOARD_InitCAN
</UL>

<P><STRONG><a name="[99]"></a>CAN_SetRxIndividualMask</STRONG> (Thumb, 30 bytes, Stack size 12 bytes, can.o(i.CAN_SetRxIndividualMask))
<BR><BR>[Stack]<UL><LI>Max Depth = 12<LI>Call Chain = CAN_SetRxIndividualMask
</UL>
<BR>[Called By]<UL><LI><a href="#[96]">&gt;&gt;</a>&nbsp;&nbsp;&nbsp;BOARD_InitCAN
</UL>

<P><STRONG><a name="[ab]"></a>CAN_SetTimingConfig</STRONG> (Thumb, 152 bytes, Stack size 16 bytes, can.o(i.CAN_SetTimingConfig))
<BR><BR>[Stack]<UL><LI>Max Depth = 16<LI>Call Chain = CAN_SetTimingConfig
</UL>
<BR>[Calls]<UL><LI><a href="#[a8]">&gt;&gt;</a>&nbsp;&nbsp;&nbsp;CAN_GetInstance
</UL>
<BR>[Called By]<UL><LI><a href="#[98]">&gt;&gt;</a>&nbsp;&nbsp;&nbsp;CAN_Init
</UL>

<P><STRONG><a name="[b1]"></a>CAN_TransferAbortReceive</STRONG> (Thumb, 28 bytes, Stack size 16 bytes, can.o(i.CAN_TransferAbortReceive))
<BR><BR>[Stack]<UL><LI>Max Depth = 16<LI>Call Chain = CAN_TransferAbortReceive
</UL>
<BR>[Calls]<UL><LI><a href="#[b2]">&gt;&gt;</a>&nbsp;&nbsp;&nbsp;CAN_DisableInterrupts
</UL>
<BR>[Called By]<UL><LI><a href="#[a6]">&gt;&gt;</a>&nbsp;&nbsp;&nbsp;CAN_TransferHandleIRQ
</UL>

<P><STRONG><a name="[b3]"></a>CAN_TransferAbortReceiveFifo</STRONG> (Thumb, 46 bytes, Stack size 16 bytes, can.o(i.CAN_TransferAbortReceiveFifo))
<BR><BR>[Stack]<UL><LI>Max Depth = 16<LI>Call Chain = CAN_TransferAbortReceiveFifo
</UL>
<BR>[Calls]<UL><LI><a href="#[b2]">&gt;&gt;</a>&nbsp;&nbsp;&nbsp;CAN_DisableInterrupts
</UL>
<BR>[Called By]<UL><LI><a href="#[a6]">&gt;&gt;</a>&nbsp;&nbsp;&nbsp;CAN_TransferHandleIRQ
</UL>

<P><STRONG><a name="[b4]"></a>CAN_TransferAbortSend</STRONG> (Thumb, 30 bytes, Stack size 16 bytes, can.o(i.CAN_TransferAbortSend))
<BR><BR>[Stack]<UL><LI>Max Depth = 16<LI>Call Chain = CAN_TransferAbortSend
</UL>
<BR>[Calls]<UL><LI><a href="#[b5]">&gt;&gt;</a>&nbsp;&nbsp;&nbsp;CAN_DisableMbInterrupts
</UL>
<BR>[Called By]<UL><LI><a href="#[a6]">&gt;&gt;</a>&nbsp;&nbsp;&nbsp;CAN_TransferHandleIRQ
</UL>

<P><STRONG><a name="[a6]"></a>CAN_TransferHandleIRQ</STRONG> (Thumb, 522 bytes, Stack size 32 bytes, can.o(i.CAN_TransferHandleIRQ))
<BR><BR>[Stack]<UL><LI>Max Depth = 96<LI>Call Chain = CAN_TransferHandleIRQ &rArr; CAN_ReadRxFifo &rArr; CAN_ReadRxMessage
</UL>
<BR>[Calls]<UL><LI><a href="#[b4]">&gt;&gt;</a>&nbsp;&nbsp;&nbsp;CAN_TransferAbortSend
<LI><a href="#[b3]">&gt;&gt;</a>&nbsp;&nbsp;&nbsp;CAN_TransferAbortReceiveFifo
<LI><a href="#[b1]">&gt;&gt;</a>&nbsp;&nbsp;&nbsp;CAN_TransferAbortReceive
<LI><a href="#[af]">&gt;&gt;</a>&nbsp;&nbsp;&nbsp;CAN_ReadRxMb
<LI><a href="#[ad]">&gt;&gt;</a>&nbsp;&nbsp;&nbsp;CAN_ReadRxFifo
<LI><a href="#[b6]">&gt;&gt;</a>&nbsp;&nbsp;&nbsp;CAN_EnableInterrupts
</UL>
<BR>[Called By]<UL><LI><a href="#[73]">&gt;&gt;</a>&nbsp;&nbsp;&nbsp;CAN1_IRQ0_DriverIRQHandler
<LI><a href="#[71]">&gt;&gt;</a>&nbsp;&nbsp;&nbsp;CAN0_IRQ0_DriverIRQHandler
</UL>

<P><STRONG><a name="[b7]"></a>CAN_TransferSendBlocking</STRONG> (Thumb, 46 bytes, Stack size 24 bytes, can.o(i.CAN_TransferSendBlocking))
<BR><BR>[Stack]<UL><LI>Max Depth = 48<LI>Call Chain = CAN_TransferSendBlocking &rArr; CAN_WriteTxMb
</UL>
<BR>[Calls]<UL><LI><a href="#[b8]">&gt;&gt;</a>&nbsp;&nbsp;&nbsp;CAN_WriteTxMb
</UL>
<BR>[Called By]<UL><LI><a href="#[e9]">&gt;&gt;</a>&nbsp;&nbsp;&nbsp;obd_can_TxMSG_Standard
</UL>

<P><STRONG><a name="[b8]"></a>CAN_WriteTxMb</STRONG> (Thumb, 206 bytes, Stack size 24 bytes, can.o(i.CAN_WriteTxMb))
<BR><BR>[Stack]<UL><LI>Max Depth = 24<LI>Call Chain = CAN_WriteTxMb
</UL>
<BR>[Calls]<UL><LI><a href="#[b9]">&gt;&gt;</a>&nbsp;&nbsp;&nbsp;CAN_EncodeDLC
</UL>
<BR>[Called By]<UL><LI><a href="#[b7]">&gt;&gt;</a>&nbsp;&nbsp;&nbsp;CAN_TransferSendBlocking
</UL>

<P><STRONG><a name="[90]"></a>CLOCK_AttachClk</STRONG> (Thumb, 66 bytes, Stack size 20 bytes, fsl_clock.o(i.CLOCK_AttachClk))
<BR><BR>[Stack]<UL><LI>Max Depth = 20<LI>Call Chain = CLOCK_AttachClk
</UL>
<BR>[Called By]<UL><LI><a href="#[9c]">&gt;&gt;</a>&nbsp;&nbsp;&nbsp;BOARD_InitDebugConsole
<LI><a href="#[8e]">&gt;&gt;</a>&nbsp;&nbsp;&nbsp;BOARD_BootClockPLL180M
<LI><a href="#[43]">&gt;&gt;</a>&nbsp;&nbsp;&nbsp;main
</UL>

<P><STRONG><a name="[ba]"></a>CLOCK_GetAdcClkFreq</STRONG> (Thumb, 72 bytes, Stack size 4 bytes, fsl_clock.o(i.CLOCK_GetAdcClkFreq))
<BR><BR>[Stack]<UL><LI>Max Depth = 4<LI>Call Chain = CLOCK_GetAdcClkFreq
</UL>
<BR>[Calls]<UL><LI><a href="#[bd]">&gt;&gt;</a>&nbsp;&nbsp;&nbsp;CLOCK_GetUsbPllOutFreq
<LI><a href="#[bc]">&gt;&gt;</a>&nbsp;&nbsp;&nbsp;CLOCK_GetPllOutFreq
<LI><a href="#[bb]">&gt;&gt;</a>&nbsp;&nbsp;&nbsp;CLOCK_GetFroHfFreq
<LI><a href="#[be]">&gt;&gt;</a>&nbsp;&nbsp;&nbsp;CLOCK_GetAudioPllOutFreq
</UL>
<BR>[Called By]<UL><LI><a href="#[9e]">&gt;&gt;</a>&nbsp;&nbsp;&nbsp;CLOCK_GetFreq
</UL>

<P><STRONG><a name="[bf]"></a>CLOCK_GetAsyncApbClkFreq</STRONG> (Thumb, 40 bytes, Stack size 8 bytes, fsl_clock.o(i.CLOCK_GetAsyncApbClkFreq))
<BR><BR>[Stack]<UL><LI>Max Depth = 12<LI>Call Chain = CLOCK_GetAsyncApbClkFreq &rArr; CLOCK_GetCoreSysClkFreq
</UL>
<BR>[Calls]<UL><LI><a href="#[c0]">&gt;&gt;</a>&nbsp;&nbsp;&nbsp;CLOCK_GetCoreSysClkFreq
</UL>
<BR>[Called By]<UL><LI><a href="#[9e]">&gt;&gt;</a>&nbsp;&nbsp;&nbsp;CLOCK_GetFreq
</UL>

<P><STRONG><a name="[be]"></a>CLOCK_GetAudioPllOutFreq</STRONG> (Thumb, 6 bytes, Stack size 0 bytes, fsl_clock.o(i.CLOCK_GetAudioPllOutFreq))
<BR><BR>[Called By]<UL><LI><a href="#[c8]">&gt;&gt;</a>&nbsp;&nbsp;&nbsp;CLOCK_GetSpifiClkFreq
<LI><a href="#[cd]">&gt;&gt;</a>&nbsp;&nbsp;&nbsp;CLOCK_GetSdioClkFreq
<LI><a href="#[cc]">&gt;&gt;</a>&nbsp;&nbsp;&nbsp;CLOCK_GetSctClkFreq
<LI><a href="#[cb]">&gt;&gt;</a>&nbsp;&nbsp;&nbsp;CLOCK_GetMclkClkFreq
<LI><a href="#[c1]">&gt;&gt;</a>&nbsp;&nbsp;&nbsp;CLOCK_GetClockOutClkFreq
<LI><a href="#[ba]">&gt;&gt;</a>&nbsp;&nbsp;&nbsp;CLOCK_GetAdcClkFreq
</UL>

<P><STRONG><a name="[c1]"></a>CLOCK_GetClockOutClkFreq</STRONG> (Thumb, 116 bytes, Stack size 4 bytes, fsl_clock.o(i.CLOCK_GetClockOutClkFreq))
<BR><BR>[Stack]<UL><LI>Max Depth = 8<LI>Call Chain = CLOCK_GetClockOutClkFreq &rArr; CLOCK_GetCoreSysClkFreq
</UL>
<BR>[Calls]<UL><LI><a href="#[c3]">&gt;&gt;</a>&nbsp;&nbsp;&nbsp;CLOCK_GetWdtOscFreq
<LI><a href="#[bd]">&gt;&gt;</a>&nbsp;&nbsp;&nbsp;CLOCK_GetUsbPllOutFreq
<LI><a href="#[bc]">&gt;&gt;</a>&nbsp;&nbsp;&nbsp;CLOCK_GetPllOutFreq
<LI><a href="#[c4]">&gt;&gt;</a>&nbsp;&nbsp;&nbsp;CLOCK_GetOsc32KFreq
<LI><a href="#[bb]">&gt;&gt;</a>&nbsp;&nbsp;&nbsp;CLOCK_GetFroHfFreq
<LI><a href="#[c2]">&gt;&gt;</a>&nbsp;&nbsp;&nbsp;CLOCK_GetExtClkFreq
<LI><a href="#[c0]">&gt;&gt;</a>&nbsp;&nbsp;&nbsp;CLOCK_GetCoreSysClkFreq
<LI><a href="#[be]">&gt;&gt;</a>&nbsp;&nbsp;&nbsp;CLOCK_GetAudioPllOutFreq
</UL>
<BR>[Called By]<UL><LI><a href="#[9e]">&gt;&gt;</a>&nbsp;&nbsp;&nbsp;CLOCK_GetFreq
</UL>

<P><STRONG><a name="[c0]"></a>CLOCK_GetCoreSysClkFreq</STRONG> (Thumb, 120 bytes, Stack size 4 bytes, fsl_clock.o(i.CLOCK_GetCoreSysClkFreq))
<BR><BR>[Stack]<UL><LI>Max Depth = 4<LI>Call Chain = CLOCK_GetCoreSysClkFreq
</UL>
<BR>[Calls]<UL><LI><a href="#[c3]">&gt;&gt;</a>&nbsp;&nbsp;&nbsp;CLOCK_GetWdtOscFreq
<LI><a href="#[bc]">&gt;&gt;</a>&nbsp;&nbsp;&nbsp;CLOCK_GetPllOutFreq
<LI><a href="#[c4]">&gt;&gt;</a>&nbsp;&nbsp;&nbsp;CLOCK_GetOsc32KFreq
<LI><a href="#[bb]">&gt;&gt;</a>&nbsp;&nbsp;&nbsp;CLOCK_GetFroHfFreq
<LI><a href="#[c5]">&gt;&gt;</a>&nbsp;&nbsp;&nbsp;CLOCK_GetFro12MFreq
<LI><a href="#[c2]">&gt;&gt;</a>&nbsp;&nbsp;&nbsp;CLOCK_GetExtClkFreq
</UL>
<BR>[Called By]<UL><LI><a href="#[ca]">&gt;&gt;</a>&nbsp;&nbsp;&nbsp;CLOCK_GetUsb1ClkFreq
<LI><a href="#[c8]">&gt;&gt;</a>&nbsp;&nbsp;&nbsp;CLOCK_GetSpifiClkFreq
<LI><a href="#[cd]">&gt;&gt;</a>&nbsp;&nbsp;&nbsp;CLOCK_GetSdioClkFreq
<LI><a href="#[cc]">&gt;&gt;</a>&nbsp;&nbsp;&nbsp;CLOCK_GetSctClkFreq
<LI><a href="#[ce]">&gt;&gt;</a>&nbsp;&nbsp;&nbsp;CLOCK_GetLcdClkFreq
<LI><a href="#[9e]">&gt;&gt;</a>&nbsp;&nbsp;&nbsp;CLOCK_GetFreq
<LI><a href="#[c1]">&gt;&gt;</a>&nbsp;&nbsp;&nbsp;CLOCK_GetClockOutClkFreq
<LI><a href="#[bf]">&gt;&gt;</a>&nbsp;&nbsp;&nbsp;CLOCK_GetAsyncApbClkFreq
</UL>

<P><STRONG><a name="[c2]"></a>CLOCK_GetExtClkFreq</STRONG> (Thumb, 4 bytes, Stack size 0 bytes, fsl_clock.o(i.CLOCK_GetExtClkFreq))
<BR><BR>[Called By]<UL><LI><a href="#[9e]">&gt;&gt;</a>&nbsp;&nbsp;&nbsp;CLOCK_GetFreq
<LI><a href="#[c0]">&gt;&gt;</a>&nbsp;&nbsp;&nbsp;CLOCK_GetCoreSysClkFreq
<LI><a href="#[c1]">&gt;&gt;</a>&nbsp;&nbsp;&nbsp;CLOCK_GetClockOutClkFreq
</UL>

<P><STRONG><a name="[c6]"></a>CLOCK_GetFlexCommClkFreq</STRONG> (Thumb, 88 bytes, Stack size 8 bytes, fsl_clock.o(i.CLOCK_GetFlexCommClkFreq))
<BR><BR>[Stack]<UL><LI>Max Depth = 8 + In Cycle
<LI>Call Chain = CLOCK_GetFlexCommClkFreq &rArr;  CLOCK_GetFreq (Cycle)
</UL>
<BR>[Calls]<UL><LI><a href="#[bc]">&gt;&gt;</a>&nbsp;&nbsp;&nbsp;CLOCK_GetPllOutFreq
<LI><a href="#[c7]">&gt;&gt;</a>&nbsp;&nbsp;&nbsp;CLOCK_GetI2SMClkFreq
<LI><a href="#[bb]">&gt;&gt;</a>&nbsp;&nbsp;&nbsp;CLOCK_GetFroHfFreq
<LI><a href="#[c5]">&gt;&gt;</a>&nbsp;&nbsp;&nbsp;CLOCK_GetFro12MFreq
<LI><a href="#[9e]">&gt;&gt;</a>&nbsp;&nbsp;&nbsp;CLOCK_GetFreq
</UL>
<BR>[Called By]<UL><LI><a href="#[9e]">&gt;&gt;</a>&nbsp;&nbsp;&nbsp;CLOCK_GetFreq
</UL>

<P><STRONG><a name="[9e]"></a>CLOCK_GetFreq</STRONG> (Thumb, 708 bytes, Stack size 16 bytes, fsl_clock.o(i.CLOCK_GetFreq))
<BR><BR>[Stack]<UL><LI>Max Depth = 28<LI>Call Chain = CLOCK_GetFreq &rArr; CLOCK_GetAsyncApbClkFreq &rArr; CLOCK_GetCoreSysClkFreq
</UL>
<BR>[Calls]<UL><LI><a href="#[c3]">&gt;&gt;</a>&nbsp;&nbsp;&nbsp;CLOCK_GetWdtOscFreq
<LI><a href="#[ca]">&gt;&gt;</a>&nbsp;&nbsp;&nbsp;CLOCK_GetUsb1ClkFreq
<LI><a href="#[c9]">&gt;&gt;</a>&nbsp;&nbsp;&nbsp;CLOCK_GetUsb0ClkFreq
<LI><a href="#[c8]">&gt;&gt;</a>&nbsp;&nbsp;&nbsp;CLOCK_GetSpifiClkFreq
<LI><a href="#[cd]">&gt;&gt;</a>&nbsp;&nbsp;&nbsp;CLOCK_GetSdioClkFreq
<LI><a href="#[cc]">&gt;&gt;</a>&nbsp;&nbsp;&nbsp;CLOCK_GetSctClkFreq
<LI><a href="#[bc]">&gt;&gt;</a>&nbsp;&nbsp;&nbsp;CLOCK_GetPllOutFreq
<LI><a href="#[cb]">&gt;&gt;</a>&nbsp;&nbsp;&nbsp;CLOCK_GetMclkClkFreq
<LI><a href="#[ce]">&gt;&gt;</a>&nbsp;&nbsp;&nbsp;CLOCK_GetLcdClkFreq
<LI><a href="#[c7]">&gt;&gt;</a>&nbsp;&nbsp;&nbsp;CLOCK_GetI2SMClkFreq
<LI><a href="#[bb]">&gt;&gt;</a>&nbsp;&nbsp;&nbsp;CLOCK_GetFroHfFreq
<LI><a href="#[c5]">&gt;&gt;</a>&nbsp;&nbsp;&nbsp;CLOCK_GetFro12MFreq
<LI><a href="#[c6]">&gt;&gt;</a>&nbsp;&nbsp;&nbsp;CLOCK_GetFlexCommClkFreq
<LI><a href="#[c2]">&gt;&gt;</a>&nbsp;&nbsp;&nbsp;CLOCK_GetExtClkFreq
<LI><a href="#[c0]">&gt;&gt;</a>&nbsp;&nbsp;&nbsp;CLOCK_GetCoreSysClkFreq
<LI><a href="#[c1]">&gt;&gt;</a>&nbsp;&nbsp;&nbsp;CLOCK_GetClockOutClkFreq
<LI><a href="#[bf]">&gt;&gt;</a>&nbsp;&nbsp;&nbsp;CLOCK_GetAsyncApbClkFreq
<LI><a href="#[ba]">&gt;&gt;</a>&nbsp;&nbsp;&nbsp;CLOCK_GetAdcClkFreq
</UL>
<BR>[Called By]<UL><LI><a href="#[c6]">&gt;&gt;</a>&nbsp;&nbsp;&nbsp;CLOCK_GetFlexCommClkFreq
<LI><a href="#[9c]">&gt;&gt;</a>&nbsp;&nbsp;&nbsp;BOARD_InitDebugConsole
<LI><a href="#[43]">&gt;&gt;</a>&nbsp;&nbsp;&nbsp;main
</UL>

<P><STRONG><a name="[c5]"></a>CLOCK_GetFro12MFreq</STRONG> (Thumb, 18 bytes, Stack size 0 bytes, fsl_clock.o(i.CLOCK_GetFro12MFreq))
<BR><BR>[Called By]<UL><LI><a href="#[9e]">&gt;&gt;</a>&nbsp;&nbsp;&nbsp;CLOCK_GetFreq
<LI><a href="#[c6]">&gt;&gt;</a>&nbsp;&nbsp;&nbsp;CLOCK_GetFlexCommClkFreq
<LI><a href="#[c0]">&gt;&gt;</a>&nbsp;&nbsp;&nbsp;CLOCK_GetCoreSysClkFreq
</UL>

<P><STRONG><a name="[bb]"></a>CLOCK_GetFroHfFreq</STRONG> (Thumb, 46 bytes, Stack size 0 bytes, fsl_clock.o(i.CLOCK_GetFroHfFreq))
<BR><BR>[Called By]<UL><LI><a href="#[c9]">&gt;&gt;</a>&nbsp;&nbsp;&nbsp;CLOCK_GetUsb0ClkFreq
<LI><a href="#[c8]">&gt;&gt;</a>&nbsp;&nbsp;&nbsp;CLOCK_GetSpifiClkFreq
<LI><a href="#[cd]">&gt;&gt;</a>&nbsp;&nbsp;&nbsp;CLOCK_GetSdioClkFreq
<LI><a href="#[cc]">&gt;&gt;</a>&nbsp;&nbsp;&nbsp;CLOCK_GetSctClkFreq
<LI><a href="#[cb]">&gt;&gt;</a>&nbsp;&nbsp;&nbsp;CLOCK_GetMclkClkFreq
<LI><a href="#[ce]">&gt;&gt;</a>&nbsp;&nbsp;&nbsp;CLOCK_GetLcdClkFreq
<LI><a href="#[9e]">&gt;&gt;</a>&nbsp;&nbsp;&nbsp;CLOCK_GetFreq
<LI><a href="#[c6]">&gt;&gt;</a>&nbsp;&nbsp;&nbsp;CLOCK_GetFlexCommClkFreq
<LI><a href="#[c0]">&gt;&gt;</a>&nbsp;&nbsp;&nbsp;CLOCK_GetCoreSysClkFreq
<LI><a href="#[c1]">&gt;&gt;</a>&nbsp;&nbsp;&nbsp;CLOCK_GetClockOutClkFreq
<LI><a href="#[ba]">&gt;&gt;</a>&nbsp;&nbsp;&nbsp;CLOCK_GetAdcClkFreq
</UL>

<P><STRONG><a name="[c7]"></a>CLOCK_GetI2SMClkFreq</STRONG> (Thumb, 4 bytes, Stack size 0 bytes, fsl_clock.o(i.CLOCK_GetI2SMClkFreq))
<BR><BR>[Called By]<UL><LI><a href="#[9e]">&gt;&gt;</a>&nbsp;&nbsp;&nbsp;CLOCK_GetFreq
<LI><a href="#[c6]">&gt;&gt;</a>&nbsp;&nbsp;&nbsp;CLOCK_GetFlexCommClkFreq
</UL>

<P><STRONG><a name="[ce]"></a>CLOCK_GetLcdClkFreq</STRONG> (Thumb, 58 bytes, Stack size 4 bytes, fsl_clock.o(i.CLOCK_GetLcdClkFreq))
<BR><BR>[Stack]<UL><LI>Max Depth = 8<LI>Call Chain = CLOCK_GetLcdClkFreq &rArr; CLOCK_GetCoreSysClkFreq
</UL>
<BR>[Calls]<UL><LI><a href="#[cf]">&gt;&gt;</a>&nbsp;&nbsp;&nbsp;CLOCK_GetLcdClkIn
<LI><a href="#[bb]">&gt;&gt;</a>&nbsp;&nbsp;&nbsp;CLOCK_GetFroHfFreq
<LI><a href="#[c0]">&gt;&gt;</a>&nbsp;&nbsp;&nbsp;CLOCK_GetCoreSysClkFreq
</UL>
<BR>[Called By]<UL><LI><a href="#[9e]">&gt;&gt;</a>&nbsp;&nbsp;&nbsp;CLOCK_GetFreq
</UL>

<P><STRONG><a name="[cf]"></a>CLOCK_GetLcdClkIn</STRONG> (Thumb, 4 bytes, Stack size 0 bytes, fsl_clock.o(i.CLOCK_GetLcdClkIn))
<BR><BR>[Called By]<UL><LI><a href="#[ce]">&gt;&gt;</a>&nbsp;&nbsp;&nbsp;CLOCK_GetLcdClkFreq
</UL>

<P><STRONG><a name="[cb]"></a>CLOCK_GetMclkClkFreq</STRONG> (Thumb, 58 bytes, Stack size 4 bytes, fsl_clock.o(i.CLOCK_GetMclkClkFreq))
<BR><BR>[Stack]<UL><LI>Max Depth = 4<LI>Call Chain = CLOCK_GetMclkClkFreq
</UL>
<BR>[Calls]<UL><LI><a href="#[bb]">&gt;&gt;</a>&nbsp;&nbsp;&nbsp;CLOCK_GetFroHfFreq
<LI><a href="#[be]">&gt;&gt;</a>&nbsp;&nbsp;&nbsp;CLOCK_GetAudioPllOutFreq
</UL>
<BR>[Called By]<UL><LI><a href="#[9e]">&gt;&gt;</a>&nbsp;&nbsp;&nbsp;CLOCK_GetFreq
</UL>

<P><STRONG><a name="[c4]"></a>CLOCK_GetOsc32KFreq</STRONG> (Thumb, 6 bytes, Stack size 0 bytes, fsl_clock.o(i.CLOCK_GetOsc32KFreq))
<BR><BR>[Called By]<UL><LI><a href="#[c0]">&gt;&gt;</a>&nbsp;&nbsp;&nbsp;CLOCK_GetCoreSysClkFreq
<LI><a href="#[c1]">&gt;&gt;</a>&nbsp;&nbsp;&nbsp;CLOCK_GetClockOutClkFreq
</UL>

<P><STRONG><a name="[bc]"></a>CLOCK_GetPllOutFreq</STRONG> (Thumb, 6 bytes, Stack size 0 bytes, fsl_clock.o(i.CLOCK_GetPllOutFreq))
<BR><BR>[Called By]<UL><LI><a href="#[ca]">&gt;&gt;</a>&nbsp;&nbsp;&nbsp;CLOCK_GetUsb1ClkFreq
<LI><a href="#[c9]">&gt;&gt;</a>&nbsp;&nbsp;&nbsp;CLOCK_GetUsb0ClkFreq
<LI><a href="#[c8]">&gt;&gt;</a>&nbsp;&nbsp;&nbsp;CLOCK_GetSpifiClkFreq
<LI><a href="#[cd]">&gt;&gt;</a>&nbsp;&nbsp;&nbsp;CLOCK_GetSdioClkFreq
<LI><a href="#[cc]">&gt;&gt;</a>&nbsp;&nbsp;&nbsp;CLOCK_GetSctClkFreq
<LI><a href="#[9e]">&gt;&gt;</a>&nbsp;&nbsp;&nbsp;CLOCK_GetFreq
<LI><a href="#[c6]">&gt;&gt;</a>&nbsp;&nbsp;&nbsp;CLOCK_GetFlexCommClkFreq
<LI><a href="#[c0]">&gt;&gt;</a>&nbsp;&nbsp;&nbsp;CLOCK_GetCoreSysClkFreq
<LI><a href="#[c1]">&gt;&gt;</a>&nbsp;&nbsp;&nbsp;CLOCK_GetClockOutClkFreq
<LI><a href="#[ba]">&gt;&gt;</a>&nbsp;&nbsp;&nbsp;CLOCK_GetAdcClkFreq
</UL>

<P><STRONG><a name="[cc]"></a>CLOCK_GetSctClkFreq</STRONG> (Thumb, 72 bytes, Stack size 4 bytes, fsl_clock.o(i.CLOCK_GetSctClkFreq))
<BR><BR>[Stack]<UL><LI>Max Depth = 8<LI>Call Chain = CLOCK_GetSctClkFreq &rArr; CLOCK_GetCoreSysClkFreq
</UL>
<BR>[Calls]<UL><LI><a href="#[bc]">&gt;&gt;</a>&nbsp;&nbsp;&nbsp;CLOCK_GetPllOutFreq
<LI><a href="#[bb]">&gt;&gt;</a>&nbsp;&nbsp;&nbsp;CLOCK_GetFroHfFreq
<LI><a href="#[c0]">&gt;&gt;</a>&nbsp;&nbsp;&nbsp;CLOCK_GetCoreSysClkFreq
<LI><a href="#[be]">&gt;&gt;</a>&nbsp;&nbsp;&nbsp;CLOCK_GetAudioPllOutFreq
</UL>
<BR>[Called By]<UL><LI><a href="#[9e]">&gt;&gt;</a>&nbsp;&nbsp;&nbsp;CLOCK_GetFreq
</UL>

<P><STRONG><a name="[cd]"></a>CLOCK_GetSdioClkFreq</STRONG> (Thumb, 86 bytes, Stack size 4 bytes, fsl_clock.o(i.CLOCK_GetSdioClkFreq))
<BR><BR>[Stack]<UL><LI>Max Depth = 8<LI>Call Chain = CLOCK_GetSdioClkFreq &rArr; CLOCK_GetCoreSysClkFreq
</UL>
<BR>[Calls]<UL><LI><a href="#[bd]">&gt;&gt;</a>&nbsp;&nbsp;&nbsp;CLOCK_GetUsbPllOutFreq
<LI><a href="#[bc]">&gt;&gt;</a>&nbsp;&nbsp;&nbsp;CLOCK_GetPllOutFreq
<LI><a href="#[bb]">&gt;&gt;</a>&nbsp;&nbsp;&nbsp;CLOCK_GetFroHfFreq
<LI><a href="#[c0]">&gt;&gt;</a>&nbsp;&nbsp;&nbsp;CLOCK_GetCoreSysClkFreq
<LI><a href="#[be]">&gt;&gt;</a>&nbsp;&nbsp;&nbsp;CLOCK_GetAudioPllOutFreq
</UL>
<BR>[Called By]<UL><LI><a href="#[9e]">&gt;&gt;</a>&nbsp;&nbsp;&nbsp;CLOCK_GetFreq
</UL>

<P><STRONG><a name="[c8]"></a>CLOCK_GetSpifiClkFreq</STRONG> (Thumb, 86 bytes, Stack size 4 bytes, fsl_clock.o(i.CLOCK_GetSpifiClkFreq))
<BR><BR>[Stack]<UL><LI>Max Depth = 8<LI>Call Chain = CLOCK_GetSpifiClkFreq &rArr; CLOCK_GetCoreSysClkFreq
</UL>
<BR>[Calls]<UL><LI><a href="#[bd]">&gt;&gt;</a>&nbsp;&nbsp;&nbsp;CLOCK_GetUsbPllOutFreq
<LI><a href="#[bc]">&gt;&gt;</a>&nbsp;&nbsp;&nbsp;CLOCK_GetPllOutFreq
<LI><a href="#[bb]">&gt;&gt;</a>&nbsp;&nbsp;&nbsp;CLOCK_GetFroHfFreq
<LI><a href="#[c0]">&gt;&gt;</a>&nbsp;&nbsp;&nbsp;CLOCK_GetCoreSysClkFreq
<LI><a href="#[be]">&gt;&gt;</a>&nbsp;&nbsp;&nbsp;CLOCK_GetAudioPllOutFreq
</UL>
<BR>[Called By]<UL><LI><a href="#[9e]">&gt;&gt;</a>&nbsp;&nbsp;&nbsp;CLOCK_GetFreq
</UL>

<P><STRONG><a name="[c9]"></a>CLOCK_GetUsb0ClkFreq</STRONG> (Thumb, 58 bytes, Stack size 4 bytes, fsl_clock.o(i.CLOCK_GetUsb0ClkFreq))
<BR><BR>[Stack]<UL><LI>Max Depth = 4<LI>Call Chain = CLOCK_GetUsb0ClkFreq
</UL>
<BR>[Calls]<UL><LI><a href="#[bd]">&gt;&gt;</a>&nbsp;&nbsp;&nbsp;CLOCK_GetUsbPllOutFreq
<LI><a href="#[bc]">&gt;&gt;</a>&nbsp;&nbsp;&nbsp;CLOCK_GetPllOutFreq
<LI><a href="#[bb]">&gt;&gt;</a>&nbsp;&nbsp;&nbsp;CLOCK_GetFroHfFreq
</UL>
<BR>[Called By]<UL><LI><a href="#[9e]">&gt;&gt;</a>&nbsp;&nbsp;&nbsp;CLOCK_GetFreq
</UL>

<P><STRONG><a name="[ca]"></a>CLOCK_GetUsb1ClkFreq</STRONG> (Thumb, 58 bytes, Stack size 4 bytes, fsl_clock.o(i.CLOCK_GetUsb1ClkFreq))
<BR><BR>[Stack]<UL><LI>Max Depth = 8<LI>Call Chain = CLOCK_GetUsb1ClkFreq &rArr; CLOCK_GetCoreSysClkFreq
</UL>
<BR>[Calls]<UL><LI><a href="#[bd]">&gt;&gt;</a>&nbsp;&nbsp;&nbsp;CLOCK_GetUsbPllOutFreq
<LI><a href="#[bc]">&gt;&gt;</a>&nbsp;&nbsp;&nbsp;CLOCK_GetPllOutFreq
<LI><a href="#[c0]">&gt;&gt;</a>&nbsp;&nbsp;&nbsp;CLOCK_GetCoreSysClkFreq
</UL>
<BR>[Called By]<UL><LI><a href="#[9e]">&gt;&gt;</a>&nbsp;&nbsp;&nbsp;CLOCK_GetFreq
</UL>

<P><STRONG><a name="[bd]"></a>CLOCK_GetUsbPllOutFreq</STRONG> (Thumb, 6 bytes, Stack size 0 bytes, fsl_clock.o(i.CLOCK_GetUsbPllOutFreq))
<BR><BR>[Called By]<UL><LI><a href="#[ca]">&gt;&gt;</a>&nbsp;&nbsp;&nbsp;CLOCK_GetUsb1ClkFreq
<LI><a href="#[c9]">&gt;&gt;</a>&nbsp;&nbsp;&nbsp;CLOCK_GetUsb0ClkFreq
<LI><a href="#[c8]">&gt;&gt;</a>&nbsp;&nbsp;&nbsp;CLOCK_GetSpifiClkFreq
<LI><a href="#[cd]">&gt;&gt;</a>&nbsp;&nbsp;&nbsp;CLOCK_GetSdioClkFreq
<LI><a href="#[c1]">&gt;&gt;</a>&nbsp;&nbsp;&nbsp;CLOCK_GetClockOutClkFreq
<LI><a href="#[ba]">&gt;&gt;</a>&nbsp;&nbsp;&nbsp;CLOCK_GetAdcClkFreq
</UL>

<P><STRONG><a name="[c3]"></a>CLOCK_GetWdtOscFreq</STRONG> (Thumb, 50 bytes, Stack size 0 bytes, fsl_clock.o(i.CLOCK_GetWdtOscFreq))
<BR><BR>[Called By]<UL><LI><a href="#[9e]">&gt;&gt;</a>&nbsp;&nbsp;&nbsp;CLOCK_GetFreq
<LI><a href="#[c0]">&gt;&gt;</a>&nbsp;&nbsp;&nbsp;CLOCK_GetCoreSysClkFreq
<LI><a href="#[c1]">&gt;&gt;</a>&nbsp;&nbsp;&nbsp;CLOCK_GetClockOutClkFreq
</UL>

<P><STRONG><a name="[95]"></a>CLOCK_SetClkDiv</STRONG> (Thumb, 36 bytes, Stack size 8 bytes, fsl_clock.o(i.CLOCK_SetClkDiv))
<BR><BR>[Stack]<UL><LI>Max Depth = 8<LI>Call Chain = CLOCK_SetClkDiv
</UL>
<BR>[Called By]<UL><LI><a href="#[8e]">&gt;&gt;</a>&nbsp;&nbsp;&nbsp;BOARD_BootClockPLL180M
</UL>

<P><STRONG><a name="[92]"></a>CLOCK_SetFLASHAccessCyclesForFreq</STRONG> (Thumb, 124 bytes, Stack size 8 bytes, fsl_clock.o(i.CLOCK_SetFLASHAccessCyclesForFreq))
<BR><BR>[Stack]<UL><LI>Max Depth = 8<LI>Call Chain = CLOCK_SetFLASHAccessCyclesForFreq
</UL>
<BR>[Calls]<UL><LI><a href="#[d0]">&gt;&gt;</a>&nbsp;&nbsp;&nbsp;CLOCK_SetFLASHAccessCycles
</UL>
<BR>[Called By]<UL><LI><a href="#[8e]">&gt;&gt;</a>&nbsp;&nbsp;&nbsp;BOARD_BootClockPLL180M
</UL>

<P><STRONG><a name="[94]"></a>CLOCK_SetPLLFreq</STRONG> (Thumb, 196 bytes, Stack size 24 bytes, fsl_clock.o(i.CLOCK_SetPLLFreq))
<BR><BR>[Stack]<UL><LI>Max Depth = 24<LI>Call Chain = CLOCK_SetPLLFreq
</UL>
<BR>[Calls]<UL><LI><a href="#[d3]">&gt;&gt;</a>&nbsp;&nbsp;&nbsp;POWER_EnablePD
<LI><a href="#[d4]">&gt;&gt;</a>&nbsp;&nbsp;&nbsp;POWER_DisablePD
<LI><a href="#[d1]">&gt;&gt;</a>&nbsp;&nbsp;&nbsp;CLOCK_Enable_SysOsc
<LI><a href="#[d2]">&gt;&gt;</a>&nbsp;&nbsp;&nbsp;POWER_SetPLL
</UL>
<BR>[Called By]<UL><LI><a href="#[8e]">&gt;&gt;</a>&nbsp;&nbsp;&nbsp;BOARD_BootClockPLL180M
</UL>

<P><STRONG><a name="[9f]"></a>DbgConsole_Init</STRONG> (Thumb, 74 bytes, Stack size 32 bytes, fsl_debug_console.o(i.DbgConsole_Init))
<BR><BR>[Stack]<UL><LI>Max Depth = 292<LI>Call Chain = DbgConsole_Init &rArr; USART_Init &rArr; USART_SetBaudRate &rArr; __aeabi_assert &rArr; DbgConsole_Printf &rArr; DbgConsole_PrintfFormattedData &rArr; DbgConsole_ConvertRadixNumToString
</UL>
<BR>[Calls]<UL><LI><a href="#[d6]">&gt;&gt;</a>&nbsp;&nbsp;&nbsp;USART_Init
<LI><a href="#[d5]">&gt;&gt;</a>&nbsp;&nbsp;&nbsp;USART_GetDefaultConfig
</UL>
<BR>[Called By]<UL><LI><a href="#[9c]">&gt;&gt;</a>&nbsp;&nbsp;&nbsp;BOARD_InitDebugConsole
</UL>

<P><STRONG><a name="[d7]"></a>DbgConsole_Printf</STRONG> (Thumb, 44 bytes, Stack size 32 bytes, fsl_debug_console.o(i.DbgConsole_Printf))
<BR><BR>[Stack]<UL><LI>Max Depth = 188<LI>Call Chain = DbgConsole_Printf &rArr; DbgConsole_PrintfFormattedData &rArr; DbgConsole_ConvertRadixNumToString
</UL>
<BR>[Calls]<UL><LI><a href="#[d8]">&gt;&gt;</a>&nbsp;&nbsp;&nbsp;DbgConsole_PrintfFormattedData
</UL>
<BR>[Called By]<UL><LI><a href="#[a0]">&gt;&gt;</a>&nbsp;&nbsp;&nbsp;__aeabi_assert
<LI><a href="#[43]">&gt;&gt;</a>&nbsp;&nbsp;&nbsp;main
</UL>

<P><STRONG><a name="[81]"></a>DbgConsole_Putchar</STRONG> (Thumb, 30 bytes, Stack size 8 bytes, fsl_debug_console.o(i.DbgConsole_Putchar))
<BR><BR>[Stack]<UL><LI>Max Depth = 8<LI>Call Chain = DbgConsole_Putchar
</UL>
<BR>[Address Reference Count : 1]<UL><LI> fsl_debug_console.o(i.DbgConsole_Printf)
</UL>
<P><STRONG><a name="[54]"></a>FLEXCOMM0_DriverIRQHandler</STRONG> (Thumb, 36 bytes, Stack size 8 bytes, fsl_flexcomm.o(i.FLEXCOMM0_DriverIRQHandler))
<BR><BR>[Stack]<UL><LI>Max Depth = 196<LI>Call Chain = FLEXCOMM0_DriverIRQHandler &rArr; __aeabi_assert &rArr; DbgConsole_Printf &rArr; DbgConsole_PrintfFormattedData &rArr; DbgConsole_ConvertRadixNumToString
</UL>
<BR>[Calls]<UL><LI><a href="#[a0]">&gt;&gt;</a>&nbsp;&nbsp;&nbsp;__aeabi_assert
</UL>
<BR>[Address Reference Count : 1]<UL><LI> startup_lpc54608.o(.text)
</UL>
<P><STRONG><a name="[18]"></a>FLEXCOMM0_IRQHandler</STRONG> (Thumb, 170 bytes, Stack size 0 bytes, can_fd_msgobjs.o(i.FLEXCOMM0_IRQHandler))
<BR>[Address Reference Count : 1]<UL><LI> startup_lpc54608.o(RESET)
</UL>
<P><STRONG><a name="[55]"></a>FLEXCOMM1_DriverIRQHandler</STRONG> (Thumb, 36 bytes, Stack size 8 bytes, fsl_flexcomm.o(i.FLEXCOMM1_DriverIRQHandler))
<BR><BR>[Stack]<UL><LI>Max Depth = 196<LI>Call Chain = FLEXCOMM1_DriverIRQHandler &rArr; __aeabi_assert &rArr; DbgConsole_Printf &rArr; DbgConsole_PrintfFormattedData &rArr; DbgConsole_ConvertRadixNumToString
</UL>
<BR>[Calls]<UL><LI><a href="#[a0]">&gt;&gt;</a>&nbsp;&nbsp;&nbsp;__aeabi_assert
</UL>
<BR>[Address Reference Count : 1]<UL><LI> startup_lpc54608.o(.text)
</UL>
<P><STRONG><a name="[56]"></a>FLEXCOMM2_DriverIRQHandler</STRONG> (Thumb, 36 bytes, Stack size 8 bytes, fsl_flexcomm.o(i.FLEXCOMM2_DriverIRQHandler))
<BR><BR>[Stack]<UL><LI>Max Depth = 196<LI>Call Chain = FLEXCOMM2_DriverIRQHandler &rArr; __aeabi_assert &rArr; DbgConsole_Printf &rArr; DbgConsole_PrintfFormattedData &rArr; DbgConsole_ConvertRadixNumToString
</UL>
<BR>[Calls]<UL><LI><a href="#[a0]">&gt;&gt;</a>&nbsp;&nbsp;&nbsp;__aeabi_assert
</UL>
<BR>[Address Reference Count : 1]<UL><LI> startup_lpc54608.o(.text)
</UL>
<P><STRONG><a name="[57]"></a>FLEXCOMM3_DriverIRQHandler</STRONG> (Thumb, 36 bytes, Stack size 8 bytes, fsl_flexcomm.o(i.FLEXCOMM3_DriverIRQHandler))
<BR><BR>[Stack]<UL><LI>Max Depth = 196<LI>Call Chain = FLEXCOMM3_DriverIRQHandler &rArr; __aeabi_assert &rArr; DbgConsole_Printf &rArr; DbgConsole_PrintfFormattedData &rArr; DbgConsole_ConvertRadixNumToString
</UL>
<BR>[Calls]<UL><LI><a href="#[a0]">&gt;&gt;</a>&nbsp;&nbsp;&nbsp;__aeabi_assert
</UL>
<BR>[Address Reference Count : 1]<UL><LI> startup_lpc54608.o(.text)
</UL>
<P><STRONG><a name="[58]"></a>FLEXCOMM4_DriverIRQHandler</STRONG> (Thumb, 36 bytes, Stack size 8 bytes, fsl_flexcomm.o(i.FLEXCOMM4_DriverIRQHandler))
<BR><BR>[Stack]<UL><LI>Max Depth = 196<LI>Call Chain = FLEXCOMM4_DriverIRQHandler &rArr; __aeabi_assert &rArr; DbgConsole_Printf &rArr; DbgConsole_PrintfFormattedData &rArr; DbgConsole_ConvertRadixNumToString
</UL>
<BR>[Calls]<UL><LI><a href="#[a0]">&gt;&gt;</a>&nbsp;&nbsp;&nbsp;__aeabi_assert
</UL>
<BR>[Address Reference Count : 1]<UL><LI> startup_lpc54608.o(.text)
</UL>
<P><STRONG><a name="[59]"></a>FLEXCOMM5_DriverIRQHandler</STRONG> (Thumb, 36 bytes, Stack size 8 bytes, fsl_flexcomm.o(i.FLEXCOMM5_DriverIRQHandler))
<BR><BR>[Stack]<UL><LI>Max Depth = 196<LI>Call Chain = FLEXCOMM5_DriverIRQHandler &rArr; __aeabi_assert &rArr; DbgConsole_Printf &rArr; DbgConsole_PrintfFormattedData &rArr; DbgConsole_ConvertRadixNumToString
</UL>
<BR>[Calls]<UL><LI><a href="#[a0]">&gt;&gt;</a>&nbsp;&nbsp;&nbsp;__aeabi_assert
</UL>
<BR>[Address Reference Count : 1]<UL><LI> startup_lpc54608.o(.text)
</UL>
<P><STRONG><a name="[5a]"></a>FLEXCOMM6_DriverIRQHandler</STRONG> (Thumb, 36 bytes, Stack size 8 bytes, fsl_flexcomm.o(i.FLEXCOMM6_DriverIRQHandler))
<BR><BR>[Stack]<UL><LI>Max Depth = 196<LI>Call Chain = FLEXCOMM6_DriverIRQHandler &rArr; __aeabi_assert &rArr; DbgConsole_Printf &rArr; DbgConsole_PrintfFormattedData &rArr; DbgConsole_ConvertRadixNumToString
</UL>
<BR>[Calls]<UL><LI><a href="#[a0]">&gt;&gt;</a>&nbsp;&nbsp;&nbsp;__aeabi_assert
</UL>
<BR>[Address Reference Count : 1]<UL><LI> startup_lpc54608.o(.text)
</UL>
<P><STRONG><a name="[5b]"></a>FLEXCOMM7_DriverIRQHandler</STRONG> (Thumb, 36 bytes, Stack size 8 bytes, fsl_flexcomm.o(i.FLEXCOMM7_DriverIRQHandler))
<BR><BR>[Stack]<UL><LI>Max Depth = 196<LI>Call Chain = FLEXCOMM7_DriverIRQHandler &rArr; __aeabi_assert &rArr; DbgConsole_Printf &rArr; DbgConsole_PrintfFormattedData &rArr; DbgConsole_ConvertRadixNumToString
</UL>
<BR>[Calls]<UL><LI><a href="#[a0]">&gt;&gt;</a>&nbsp;&nbsp;&nbsp;__aeabi_assert
</UL>
<BR>[Address Reference Count : 1]<UL><LI> startup_lpc54608.o(.text)
</UL>
[...]
<BR><BR>[Called By]<UL><LI><a href="#[98]">&gt;&gt;</a>&nbsp;&nbsp;&nbsp;CAN_Init
</UL>

<P><STRONG><a name="[aa]"></a>NVIC_EnableIRQ</STRONG> (Thumb, 22 bytes, Stack size 0 bytes, can.o(i.NVIC_EnableIRQ))
<BR><BR>[Called By]<UL><LI><a href="#[98]">&gt;&gt;</a>&nbsp;&nbsp;&nbsp;CAN_Init
</UL>

<P><STRONG><a name="[d1]"></a>CLOCK_Enable_SysOsc</STRONG> (Thumb, 50 bytes, Stack size 0 bytes, fsl_clock.o(i.CLOCK_Enable_SysOsc))
<BR><BR>[Called By]<UL><LI><a href="#[94]">&gt;&gt;</a>&nbsp;&nbsp;&nbsp;CLOCK_SetPLLFreq
</UL>

<P><STRONG><a name="[d0]"></a>CLOCK_SetFLASHAccessCycles</STRONG> (Thumb, 18 bytes, Stack size 0 bytes, fsl_clock.o(i.CLOCK_SetFLASHAccessCycles))
<BR><BR>[Called By]<UL><LI><a href="#[92]">&gt;&gt;</a>&nbsp;&nbsp;&nbsp;CLOCK_SetFLASHAccessCyclesForFreq
</UL>

<P><STRONG><a name="[d4]"></a>POWER_DisablePD</STRONG> (Thumb, 14 bytes, Stack size 0 bytes, fsl_clock.o(i.POWER_DisablePD))
<BR><BR>[Called By]<UL><LI><a href="#[94]">&gt;&gt;</a>&nbsp;&nbsp;&nbsp;CLOCK_SetPLLFreq
</UL>

<P><STRONG><a name="[d3]"></a>POWER_EnablePD</STRONG> (Thumb, 14 bytes, Stack size 0 bytes, fsl_clock.o(i.POWER_EnablePD))
<BR><BR>[Called By]<UL><LI><a href="#[94]">&gt;&gt;</a>&nbsp;&nbsp;&nbsp;CLOCK_SetPLLFreq
</UL>

<P><STRONG><a name="[df]"></a>FLEXCOMM_PeripheralIsPresent</STRONG> (Thumb, 58 bytes, Stack size 8 bytes, fsl_flexcomm.o(i.FLEXCOMM_PeripheralIsPresent))
<BR><BR>[Stack]<UL><LI>Max Depth = 8<LI>Call Chain = FLEXCOMM_PeripheralIsPresent
</UL>
<BR>[Called By]<UL><LI><a href="#[de]">&gt;&gt;</a>&nbsp;&nbsp;&nbsp;FLEXCOMM_SetPeriph
</UL>

<P><STRONG><a name="[e5]"></a>CLOCK_EnableClock</STRONG> (Thumb, 32 bytes, Stack size 0 bytes, can_fd_msgobjs.o(i.CLOCK_EnableClock))
<BR><BR>[Called By]<UL><LI><a href="#[43]">&gt;&gt;</a>&nbsp;&nbsp;&nbsp;main
</UL>

<P><STRONG><a name="[83]"></a>vLcdTask</STRONG> (Thumb, 206 bytes, Stack size 224 bytes, can_fd_msgobjs.o(i.vLcdTask))
<BR><BR>[Stack]<UL><LI>Max Depth = 428<LI>Call Chain = vLcdTask &rArr; USART_WriteBlocking &rArr; __aeabi_assert &rArr; DbgConsole_Printf &rArr; DbgConsole_PrintfFormattedData &rArr; DbgConsole_ConvertRadixNumToString
</UL>
<BR>[Calls]<UL><LI><a href="#[af]">&gt;&gt;</a>&nbsp;&nbsp;&nbsp;CAN_ReadRxMb
<LI><a href="#[7f]">&gt;&gt;</a>&nbsp;&nbsp;&nbsp;USART_WriteBlocking
<LI><a href="#[118]">&gt;&gt;</a>&nbsp;&nbsp;&nbsp;vTaskDelay
<LI><a href="#[ea]">&gt;&gt;</a>&nbsp;&nbsp;&nbsp;obd_can_TxMSG_Pack
<LI><a href="#[e8]">&gt;&gt;</a>&nbsp;&nbsp;&nbsp;obd_Service_MsgTrasmit
<LI><a href="#[93]">&gt;&gt;</a>&nbsp;&nbsp;&nbsp;__aeabi_memcpy4
</UL>
<BR>[Address Reference Count : 1]<UL><LI> can_fd_msgobjs.o(i.main)
</UL>
<P><STRONG><a name="[82]"></a>vTouchTask</STRONG> (Thumb, 66 bytes, Stack size 0 bytes, can_fd_msgobjs.o(i.vTouchTask))
<BR><BR>[Stack]<UL><LI>Max Depth = 56<LI>Call Chain = vTouchTask &rArr; vTaskDelay &rArr; xTaskResumeAll &rArr; xTaskIncrementTick
</UL>
<BR>[Calls]<UL><LI><a href="#[118]">&gt;&gt;</a>&nbsp;&nbsp;&nbsp;vTaskDelay
<LI><a href="#[120]">&gt;&gt;</a>&nbsp;&nbsp;&nbsp;vTask_UsartReceive_Detection
</UL>
<BR>[Address Reference Count : 1]<UL><LI> can_fd_msgobjs.o(i.main)
</UL>
<P><STRONG><a name="[a3]"></a>GPIO_WritePinOutput</STRONG> (Thumb, 10 bytes, Stack size 8 bytes, board.o(i.GPIO_WritePinOutput))
<BR><BR>[Stack]<UL><LI>Max Depth = 8<LI>Call Chain = GPIO_WritePinOutput
</UL>
<BR>[Called By]<UL><LI><a href="#[a1]">&gt;&gt;</a>&nbsp;&nbsp;&nbsp;BOARD_InitGPIO
</UL>

<P><STRONG><a name="[8f]"></a>POWER_DisablePD</STRONG> (Thumb, 14 bytes, Stack size 0 bytes, clock_config.o(i.POWER_DisablePD))
<BR><BR>[Called By]<UL><LI><a href="#[8e]">&gt;&gt;</a>&nbsp;&nbsp;&nbsp;BOARD_BootClockPLL180M
</UL>

<P><STRONG><a name="[a5]"></a>IOCON_PinMuxSet</STRONG> (Thumb, 12 bytes, Stack size 8 bytes, pin_mux.o(i.IOCON_PinMuxSet))
<BR><BR>[Stack]<UL><LI>Max Depth = 8<LI>Call Chain = IOCON_PinMuxSet
</UL>
<BR>[Called By]<UL><LI><a href="#[a4]">&gt;&gt;</a>&nbsp;&nbsp;&nbsp;BOARD_InitPins
</UL>

<P><STRONG><a name="[d9]"></a>DbgConsole_ConvertRadixNumToString</STRONG> (Thumb, 168 bytes, Stack size 36 bytes, fsl_debug_console.o(i.DbgConsole_ConvertRadixNumToString))
<BR><BR>[Stack]<UL><LI>Max Depth = 36<LI>Call Chain = DbgConsole_ConvertRadixNumToString
</UL>
<BR>[Called By]<UL><LI><a href="#[d8]">&gt;&gt;</a>&nbsp;&nbsp;&nbsp;DbgConsole_PrintfFormattedData
</UL>

<P><STRONG><a name="[d8]"></a>DbgConsole_PrintfFormattedData</STRONG> (Thumb, 570 bytes, Stack size 120 bytes, fsl_debug_console.o(i.DbgConsole_PrintfFormattedData))
<BR><BR>[Stack]<UL><LI>Max Depth = 156<LI>Call Chain = DbgConsole_PrintfFormattedData &rArr; DbgConsole_ConvertRadixNumToString
</UL>
<BR>[Calls]<UL><LI><a href="#[da]">&gt;&gt;</a>&nbsp;&nbsp;&nbsp;DbgConsole_PrintfPaddingCharacter
<LI><a href="#[d9]">&gt;&gt;</a>&nbsp;&nbsp;&nbsp;DbgConsole_ConvertRadixNumToString
<LI><a href="#[db]">&gt;&gt;</a>&nbsp;&nbsp;&nbsp;strlen
</UL>
<BR>[Called By]<UL><LI><a href="#[d7]">&gt;&gt;</a>&nbsp;&nbsp;&nbsp;DbgConsole_Printf
</UL>

<P><STRONG><a name="[da]"></a>DbgConsole_PrintfPaddingCharacter</STRONG> (Thumb, 40 bytes, Stack size 32 bytes, fsl_debug_console.o(i.DbgConsole_PrintfPaddingCharacter))
<BR><BR>[Stack]<UL><LI>Max Depth = 32<LI>Call Chain = DbgConsole_PrintfPaddingCharacter
</UL>
<BR>[Called By]<UL><LI><a href="#[d8]">&gt;&gt;</a>&nbsp;&nbsp;&nbsp;DbgConsole_PrintfFormattedData
</UL>

<P><STRONG><a name="[fb]"></a>prvCopyDataFromQueue</STRONG> (Thumb, 42 bytes, Stack size 16 bytes, queue.o(i.prvCopyDataFromQueue))
<BR><BR>[Stack]<UL><LI>Max Depth = 16<LI>Call Chain = prvCopyDataFromQueue
</UL>
<BR>[Calls]<UL><LI><a href="#[fc]">&gt;&gt;</a>&nbsp;&nbsp;&nbsp;__aeabi_memcpy
</UL>
<BR>[Called By]<UL><LI><a href="#[10c]">&gt;&gt;</a>&nbsp;&nbsp;&nbsp;xQueueGenericReceive
</UL>

<P><STRONG><a name="[fd]"></a>prvCopyDataToQueue</STRONG> (Thumb, 124 bytes, Stack size 24 bytes, queue.o(i.prvCopyDataToQueue))
<BR><BR>[Stack]<UL><LI>Max Depth = 40<LI>Call Chain = prvCopyDataToQueue &rArr; xTaskPriorityDisinherit
</UL>
<BR>[Calls]<UL><LI><a href="#[fe]">&gt;&gt;</a>&nbsp;&nbsp;&nbsp;xTaskPriorityDisinherit
<LI><a href="#[fc]">&gt;&gt;</a>&nbsp;&nbsp;&nbsp;__aeabi_memcpy
</UL>
<BR>[Called By]<UL><LI><a href="#[12a]">&gt;&gt;</a>&nbsp;&nbsp;&nbsp;xQueueGenericSendFromISR
<LI><a href="#[129]">&gt;&gt;</a>&nbsp;&nbsp;&nbsp;xQueueGenericSend
</UL>

<P><STRONG><a name="[100]"></a>prvInitialiseNewQueue</STRONG> (Thumb, 42 bytes, Stack size 24 bytes, queue.o(i.prvInitialiseNewQueue))
<BR><BR>[Stack]<UL><LI>Max Depth = 56<LI>Call Chain = prvInitialiseNewQueue &rArr; xQueueGenericReset &rArr; xTaskRemoveFromEventList
</UL>
<BR>[Calls]<UL><LI><a href="#[101]">&gt;&gt;</a>&nbsp;&nbsp;&nbsp;xQueueGenericReset
</UL>
<BR>[Called By]<UL><LI><a href="#[f5]">&gt;&gt;</a>&nbsp;&nbsp;&nbsp;xQueueGenericCreate
</UL>

<P><STRONG><a name="[106]"></a>prvIsQueueEmpty</STRONG> (Thumb, 26 bytes, Stack size 16 bytes, queue.o(i.prvIsQueueEmpty))
<BR><BR>[Stack]<UL><LI>Max Depth = 16<LI>Call Chain = prvIsQueueEmpty
</UL>
<BR>[Calls]<UL><LI><a href="#[f2]">&gt;&gt;</a>&nbsp;&nbsp;&nbsp;vPortExitCritical
<LI><a href="#[f0]">&gt;&gt;</a>&nbsp;&nbsp;&nbsp;vPortEnterCritical
</UL>
<BR>[Called By]<UL><LI><a href="#[10c]">&gt;&gt;</a>&nbsp;&nbsp;&nbsp;xQueueGenericReceive
</UL>

<P><STRONG><a name="[107]"></a>prvIsQueueFull</STRONG> (Thumb, 30 bytes, Stack size 16 bytes, queue.o(i.prvIsQueueFull))
<BR><BR>[Stack]<UL><LI>Max Depth = 16<LI>Call Chain = prvIsQueueFull
</UL>
<BR>[Calls]<UL><LI><a href="#[f2]">&gt;&gt;</a>&nbsp;&nbsp;&nbsp;vPortExitCritical
<LI><a href="#[f0]">&gt;&gt;</a>&nbsp;&nbsp;&nbsp;vPortEnterCritical
</UL>
<BR>[Called By]<UL><LI><a href="#[129]">&gt;&gt;</a>&nbsp;&nbsp;&nbsp;xQueueGenericSend
</UL>

<P><STRONG><a name="[112]"></a>prvUnlockQueue</STRONG> (Thumb, 126 bytes, Stack size 16 bytes, queue.o(i.prvUnlockQueue))
<BR><BR>[Stack]<UL><LI>Max Depth = 32<LI>Call Chain = prvUnlockQueue &rArr; xTaskRemoveFromEventList
</UL>
<BR>[Calls]<UL><LI><a href="#[f2]">&gt;&gt;</a>&nbsp;&nbsp;&nbsp;vPortExitCritical
<LI><a href="#[f0]">&gt;&gt;</a>&nbsp;&nbsp;&nbsp;vPortEnterCritical
<LI><a href="#[113]">&gt;&gt;</a>&nbsp;&nbsp;&nbsp;xTaskRemoveFromEventList
<LI><a href="#[114]">&gt;&gt;</a>&nbsp;&nbsp;&nbsp;vTaskMissedYield
</UL>
<BR>[Called By]<UL><LI><a href="#[129]">&gt;&gt;</a>&nbsp;&nbsp;&nbsp;xQueueGenericSend
<LI><a href="#[10c]">&gt;&gt;</a>&nbsp;&nbsp;&nbsp;xQueueGenericReceive
<LI><a href="#[10e]">&gt;&gt;</a>&nbsp;&nbsp;&nbsp;vQueueWaitForMessageRestricted
</UL>

<P><STRONG><a name="[eb]"></a>prvAddCurrentTaskToDelayedList</STRONG> (Thumb, 124 bytes, Stack size 24 bytes, tasks.o(i.prvAddCurrentTaskToDelayedList))
<BR><BR>[Stack]<UL><LI>Max Depth = 32<LI>Call Chain = prvAddCurrentTaskToDelayedList &rArr; vListInsert
</UL>
<BR>[Calls]<UL><LI><a href="#[ed]">&gt;&gt;</a>&nbsp;&nbsp;&nbsp;vListInsertEnd
<LI><a href="#[ee]">&gt;&gt;</a>&nbsp;&nbsp;&nbsp;vListInsert
<LI><a href="#[ec]">&gt;&gt;</a>&nbsp;&nbsp;&nbsp;uxListRemove
</UL>
<BR>[Called By]<UL><LI><a href="#[118]">&gt;&gt;</a>&nbsp;&nbsp;&nbsp;vTaskDelay
<LI><a href="#[11b]">&gt;&gt;</a>&nbsp;&nbsp;&nbsp;vTaskPlaceOnEventListRestricted
<LI><a href="#[11c]">&gt;&gt;</a>&nbsp;&nbsp;&nbsp;vTaskPlaceOnEventList
</UL>

<P><STRONG><a name="[ef]"></a>prvAddNewTaskToReadyList</STRONG> (Thumb, 156 bytes, Stack size 8 bytes, tasks.o(i.prvAddNewTaskToReadyList))
<BR><BR>[Stack]<UL><LI>Max Depth = 16<LI>Call Chain = prvAddNewTaskToReadyList &rArr; prvInitialiseTaskLists
</UL>
<BR>[Calls]<UL><LI><a href="#[ed]">&gt;&gt;</a>&nbsp;&nbsp;&nbsp;vListInsertEnd
<LI><a href="#[f2]">&gt;&gt;</a>&nbsp;&nbsp;&nbsp;vPortExitCritical
<LI><a href="#[f0]">&gt;&gt;</a>&nbsp;&nbsp;&nbsp;vPortEnterCritical
<LI><a href="#[f1]">&gt;&gt;</a>&nbsp;&nbsp;&nbsp;prvInitialiseTaskLists
</UL>
<BR>[Called By]<UL><LI><a href="#[e6]">&gt;&gt;</a>&nbsp;&nbsp;&nbsp;xTaskCreate
</UL>

<P><STRONG><a name="[f7]"></a>prvCheckTasksWaitingTermination</STRONG> (Thumb, 86 bytes, Stack size 16 bytes, tasks.o(i.prvCheckTasksWaitingTermination))
<BR><BR>[Stack]<UL><LI>Max Depth = 80<LI>Call Chain = prvCheckTasksWaitingTermination &rArr; prvDeleteTCB &rArr; vPortFree &rArr; xTaskResumeAll &rArr; xTaskIncrementTick
</UL>
<BR>[Calls]<UL><LI><a href="#[ec]">&gt;&gt;</a>&nbsp;&nbsp;&nbsp;uxListRemove
<LI><a href="#[f9]">&gt;&gt;</a>&nbsp;&nbsp;&nbsp;xTaskResumeAll
<LI><a href="#[f8]">&gt;&gt;</a>&nbsp;&nbsp;&nbsp;vTaskSuspendAll
<LI><a href="#[f2]">&gt;&gt;</a>&nbsp;&nbsp;&nbsp;vPortExitCritical
<LI><a href="#[f0]">&gt;&gt;</a>&nbsp;&nbsp;&nbsp;vPortEnterCritical
<LI><a href="#[fa]">&gt;&gt;</a>&nbsp;&nbsp;&nbsp;prvDeleteTCB
</UL>
<BR>[Called By]<UL><LI><a href="#[85]">&gt;&gt;</a>&nbsp;&nbsp;&nbsp;prvIdleTask
</UL>

<P><STRONG><a name="[fa]"></a>prvDeleteTCB</STRONG> (Thumb, 18 bytes, Stack size 8 bytes, tasks.o(i.prvDeleteTCB))
<BR><BR>[Stack]<UL><LI>Max Depth = 64<LI>Call Chain = prvDeleteTCB &rArr; vPortFree &rArr; xTaskResumeAll &rArr; xTaskIncrementTick
</UL>
<BR>[Calls]<UL><LI><a href="#[ff]">&gt;&gt;</a>&nbsp;&nbsp;&nbsp;vPortFree
</UL>
<BR>[Called By]<UL><LI><a href="#[f7]">&gt;&gt;</a>&nbsp;&nbsp;&nbsp;prvCheckTasksWaitingTermination
</UL>

<P><STRONG><a name="[85]"></a>prvIdleTask</STRONG> (Thumb, 32 bytes, Stack size 0 bytes, tasks.o(i.prvIdleTask))
<BR><BR>[Stack]<UL><LI>Max Depth = 80<LI>Call Chain = prvIdleTask &rArr; prvCheckTasksWaitingTermination &rArr; prvDeleteTCB &rArr; vPortFree &rArr; xTaskResumeAll &rArr; xTaskIncrementTick
</UL>
<BR>[Calls]<UL><LI><a href="#[f7]">&gt;&gt;</a>&nbsp;&nbsp;&nbsp;prvCheckTasksWaitingTermination
</UL>
<BR>[Address Reference Count : 1]<UL><LI> tasks.o(i.vTaskStartScheduler)
</UL>
<P><STRONG><a name="[102]"></a>prvInitialiseNewTask</STRONG> (Thumb, 200 bytes, Stack size 40 bytes, tasks.o(i.prvInitialiseNewTask))
<BR><BR>[Stack]<UL><LI>Max Depth = 40<LI>Call Chain = prvInitialiseNewTask
</UL>
<BR>[Calls]<UL><LI><a href="#[103]">&gt;&gt;</a>&nbsp;&nbsp;&nbsp;vListInitialiseItem
<LI><a href="#[104]">&gt;&gt;</a>&nbsp;&nbsp;&nbsp;pxPortInitialiseStack
<LI><a href="#[8b]">&gt;&gt;</a>&nbsp;&nbsp;&nbsp;__aeabi_memset
</UL>
<BR>[Called By]<UL><LI><a href="#[e6]">&gt;&gt;</a>&nbsp;&nbsp;&nbsp;xTaskCreate
</UL>

<P><STRONG><a name="[f1]"></a>prvInitialiseTaskLists</STRONG> (Thumb, 70 bytes, Stack size 8 bytes, tasks.o(i.prvInitialiseTaskLists))
<BR><BR>[Stack]<UL><LI>Max Depth = 8<LI>Call Chain = prvInitialiseTaskLists
</UL>
<BR>[Calls]<UL><LI><a href="#[f4]">&gt;&gt;</a>&nbsp;&nbsp;&nbsp;vListInitialise
</UL>
<BR>[Called By]<UL><LI><a href="#[ef]">&gt;&gt;</a>&nbsp;&nbsp;&nbsp;prvAddNewTaskToReadyList
</UL>

<P><STRONG><a name="[12b]"></a>prvResetNextTaskUnblockTime</STRONG> (Thumb, 42 bytes, Stack size 0 bytes, tasks.o(i.prvResetNextTaskUnblockTime))
<BR><BR>[Called By]<UL><LI><a href="#[f9]">&gt;&gt;</a>&nbsp;&nbsp;&nbsp;xTaskResumeAll
<LI><a href="#[e3]">&gt;&gt;</a>&nbsp;&nbsp;&nbsp;xTaskIncrementTick
</UL>

<P><STRONG><a name="[f3]"></a>prvCheckForValidListAndQueue</STRONG> (Thumb, 72 bytes, Stack size 8 bytes, timers.o(i.prvCheckForValidListAndQueue))
<BR><BR>[Stack]<UL><LI>Max Depth = 104<LI>Call Chain = prvCheckForValidListAndQueue &rArr; xQueueGenericCreate &rArr; pvPortMalloc &rArr; xTaskResumeAll &rArr; xTaskIncrementTick
</UL>
<BR>[Calls]<UL><LI><a href="#[f2]">&gt;&gt;</a>&nbsp;&nbsp;&nbsp;vPortExitCritical
<LI><a href="#[f0]">&gt;&gt;</a>&nbsp;&nbsp;&nbsp;vPortEnterCritical
<LI><a href="#[f4]">&gt;&gt;</a>&nbsp;&nbsp;&nbsp;vListInitialise
<LI><a href="#[f5]">&gt;&gt;</a>&nbsp;&nbsp;&nbsp;xQueueGenericCreate
<LI><a href="#[f6]">&gt;&gt;</a>&nbsp;&nbsp;&nbsp;vQueueAddToRegistry
</UL>
<BR>[Called By]<UL><LI><a href="#[11e]">&gt;&gt;</a>&nbsp;&nbsp;&nbsp;xTimerCreateTimerTask
</UL>

<P><STRONG><a name="[111]"></a>prvGetNextExpireTime</STRONG> (Thumb, 36 bytes, Stack size 0 bytes, timers.o(i.prvGetNextExpireTime))
<BR><BR>[Called By]<UL><LI><a href="#[86]">&gt;&gt;</a>&nbsp;&nbsp;&nbsp;prvTimerTask
</UL>

<P><STRONG><a name="[105]"></a>prvInsertTimerInActiveList</STRONG> (Thumb, 80 bytes, Stack size 24 bytes, timers.o(i.prvInsertTimerInActiveList))
<BR><BR>[Stack]<UL><LI>Max Depth = 32<LI>Call Chain = prvInsertTimerInActiveList &rArr; vListInsert
</UL>
<BR>[Calls]<UL><LI><a href="#[ee]">&gt;&gt;</a>&nbsp;&nbsp;&nbsp;vListInsert
</UL>
<BR>[Called By]<UL><LI><a href="#[10a]">&gt;&gt;</a>&nbsp;&nbsp;&nbsp;prvProcessReceivedCommands
<LI><a href="#[108]">&gt;&gt;</a>&nbsp;&nbsp;&nbsp;prvProcessExpiredTimer
</UL>

<P><STRONG><a name="[108]"></a>prvProcessExpiredTimer</STRONG> (Thumb, 94 bytes, Stack size 24 bytes, timers.o(i.prvProcessExpiredTimer))
<BR><BR>[Stack]<UL><LI>Max Depth = 176<LI>Call Chain = prvProcessExpiredTimer &rArr; xTimerGenericCommand &rArr; xQueueGenericSend &rArr; vTaskPlaceOnEventList &rArr; prvAddCurrentTaskToDelayedList &rArr; vListInsert
</UL>
<BR>[Calls]<UL><LI><a href="#[ec]">&gt;&gt;</a>&nbsp;&nbsp;&nbsp;uxListRemove
<LI><a href="#[109]">&gt;&gt;</a>&nbsp;&nbsp;&nbsp;xTimerGenericCommand
<LI><a href="#[105]">&gt;&gt;</a>&nbsp;&nbsp;&nbsp;prvInsertTimerInActiveList
</UL>
<BR>[Called By]<UL><LI><a href="#[10d]">&gt;&gt;</a>&nbsp;&nbsp;&nbsp;prvProcessTimerOrBlockTask
</UL>

<P><STRONG><a name="[10a]"></a>prvProcessReceivedCommands</STRONG> (Thumb, 286 bytes, Stack size 48 bytes, timers.o(i.prvProcessReceivedCommands))
<BR><BR>[Stack]<UL><LI>Max Depth = 248<LI>Call Chain = prvProcessReceivedCommands &rArr; prvSampleTimeNow &rArr; prvSwitchTimerLists &rArr; xTimerGenericCommand &rArr; xQueueGenericSend &rArr; vTaskPlaceOnEventList &rArr; prvAddCurrentTaskToDelayedList &rArr; vListInsert
</UL>
<BR>[Calls]<UL><LI><a href="#[ec]">&gt;&gt;</a>&nbsp;&nbsp;&nbsp;uxListRemove
<LI><a href="#[ff]">&gt;&gt;</a>&nbsp;&nbsp;&nbsp;vPortFree
<LI><a href="#[109]">&gt;&gt;</a>&nbsp;&nbsp;&nbsp;xTimerGenericCommand
<LI><a href="#[10b]">&gt;&gt;</a>&nbsp;&nbsp;&nbsp;prvSampleTimeNow
<LI><a href="#[105]">&gt;&gt;</a>&nbsp;&nbsp;&nbsp;prvInsertTimerInActiveList
<LI><a href="#[10c]">&gt;&gt;</a>&nbsp;&nbsp;&nbsp;xQueueGenericReceive
</UL>
<BR>[Called By]<UL><LI><a href="#[86]">&gt;&gt;</a>&nbsp;&nbsp;&nbsp;prvTimerTask
</UL>

<P><STRONG><a name="[10d]"></a>prvProcessTimerOrBlockTask</STRONG> (Thumb, 102 bytes, Stack size 24 bytes, timers.o(i.prvProcessTimerOrBlockTask))
<BR><BR>[Stack]<UL><LI>Max Depth = 224<LI>Call Chain = prvProcessTimerOrBlockTask &rArr; prvSampleTimeNow &rArr; prvSwitchTimerLists &rArr; xTimerGenericCommand &rArr; xQueueGenericSend &rArr; vTaskPlaceOnEventList &rArr; prvAddCurrentTaskToDelayedList &rArr; vListInsert
</UL>
<BR>[Calls]<UL><LI><a href="#[f9]">&gt;&gt;</a>&nbsp;&nbsp;&nbsp;xTaskResumeAll
<LI><a href="#[f8]">&gt;&gt;</a>&nbsp;&nbsp;&nbsp;vTaskSuspendAll
<LI><a href="#[10b]">&gt;&gt;</a>&nbsp;&nbsp;&nbsp;prvSampleTimeNow
<LI><a href="#[108]">&gt;&gt;</a>&nbsp;&nbsp;&nbsp;prvProcessExpiredTimer
<LI><a href="#[10e]">&gt;&gt;</a>&nbsp;&nbsp;&nbsp;vQueueWaitForMessageRestricted
</UL>
<BR>[Called By]<UL><LI><a href="#[86]">&gt;&gt;</a>&nbsp;&nbsp;&nbsp;prvTimerTask
</UL>

<P><STRONG><a name="[10b]"></a>prvSampleTimeNow</STRONG> (Thumb, 40 bytes, Stack size 16 bytes, timers.o(i.prvSampleTimeNow))
<BR><BR>[Stack]<UL><LI>Max Depth = 200<LI>Call Chain = prvSampleTimeNow &rArr; prvSwitchTimerLists &rArr; xTimerGenericCommand &rArr; xQueueGenericSend &rArr; vTaskPlaceOnEventList &rArr; prvAddCurrentTaskToDelayedList &rArr; vListInsert
</UL>
<BR>[Calls]<UL><LI><a href="#[110]">&gt;&gt;</a>&nbsp;&nbsp;&nbsp;prvSwitchTimerLists
<LI><a href="#[10f]">&gt;&gt;</a>&nbsp;&nbsp;&nbsp;xTaskGetTickCount
</UL>
<BR>[Called By]<UL><LI><a href="#[10d]">&gt;&gt;</a>&nbsp;&nbsp;&nbsp;prvProcessTimerOrBlockTask
<LI><a href="#[10a]">&gt;&gt;</a>&nbsp;&nbsp;&nbsp;prvProcessReceivedCommands
</UL>

<P><STRONG><a name="[110]"></a>prvSwitchTimerLists</STRONG> (Thumb, 150 bytes, Stack size 32 bytes, timers.o(i.prvSwitchTimerLists))
<BR><BR>[Stack]<UL><LI>Max Depth = 184<LI>Call Chain = prvSwitchTimerLists &rArr; xTimerGenericCommand &rArr; xQueueGenericSend &rArr; vTaskPlaceOnEventList &rArr; prvAddCurrentTaskToDelayedList &rArr; vListInsert
</UL>
<BR>[Calls]<UL><LI><a href="#[ee]">&gt;&gt;</a>&nbsp;&nbsp;&nbsp;vListInsert
<LI><a href="#[ec]">&gt;&gt;</a>&nbsp;&nbsp;&nbsp;uxListRemove
<LI><a href="#[109]">&gt;&gt;</a>&nbsp;&nbsp;&nbsp;xTimerGenericCommand
</UL>
<BR>[Called By]<UL><LI><a href="#[10b]">&gt;&gt;</a>&nbsp;&nbsp;&nbsp;prvSampleTimeNow
</UL>

<P><STRONG><a name="[86]"></a>prvTimerTask</STRONG> (Thumb, 26 bytes, Stack size 8 bytes, timers.o(i.prvTimerTask))
<BR><BR>[Stack]<UL><LI>Max Depth = 256<LI>Call Chain = prvTimerTask &rArr; prvProcessReceivedCommands &rArr; prvSampleTimeNow &rArr; prvSwitchTimerLists &rArr; xTimerGenericCommand &rArr; xQueueGenericSend &rArr; vTaskPlaceOnEventList &rArr; prvAddCurrentTaskToDelayedList &rArr; vListInsert
</UL>
<BR>[Calls]<UL><LI><a href="#[10d]">&gt;&gt;</a>&nbsp;&nbsp;&nbsp;prvProcessTimerOrBlockTask
<LI><a href="#[10a]">&gt;&gt;</a>&nbsp;&nbsp;&nbsp;prvProcessReceivedCommands
<LI><a href="#[111]">&gt;&gt;</a>&nbsp;&nbsp;&nbsp;prvGetNextExpireTime
</UL>
<BR>[Address Reference Count : 1]<UL><LI> timers.o(i.xTimerCreateTimerTask)
</UL>
<P><STRONG><a name="[116]"></a>prvHeapInit</STRONG> (Thumb, 98 bytes, Stack size 12 bytes, heap_4.o(i.prvHeapInit))
<BR><BR>[Stack]<UL><LI>Max Depth = 12<LI>Call Chain = prvHeapInit
</UL>
<BR>[Called By]<UL><LI><a href="#[115]">&gt;&gt;</a>&nbsp;&nbsp;&nbsp;pvPortMalloc
</UL>

<P><STRONG><a name="[117]"></a>prvInsertBlockIntoFreeList</STRONG> (Thumb, 96 bytes, Stack size 8 bytes, heap_4.o(i.prvInsertBlockIntoFreeList))
<BR><BR>[Stack]<UL><LI>Max Depth = 8<LI>Call Chain = prvInsertBlockIntoFreeList
</UL>
<BR>[Called By]<UL><LI><a href="#[ff]">&gt;&gt;</a>&nbsp;&nbsp;&nbsp;vPortFree
<LI><a href="#[115]">&gt;&gt;</a>&nbsp;&nbsp;&nbsp;pvPortMalloc
</UL>

<P><STRONG><a name="[84]"></a>prvTaskExitError</STRONG> (Thumb, 60 bytes, Stack size 0 bytes, port.o(i.prvTaskExitError))
<BR>[Address Reference Count : 1]<UL><LI> port.o(i.pxPortInitialiseStack)
</UL><P>
<H3>
Undefined Global Symbols
</H3><HR></body></html>
